Archive member included because of file (symbol)

embedded-software\mcu-freertos\libfoxbms-os.a(cmsis_os.c.1.o)
                              embedded-software\mcu-primary\src\general\main.c.1.o (osKernelStart)
embedded-software\mcu-freertos\libfoxbms-os.a(port.c.1.o)
                              embedded-software\mcu-freertos\libfoxbms-os.a(cmsis_os.c.1.o) (vPortEnterCritical)
embedded-software\mcu-freertos\libfoxbms-os.a(heap_4.c.1.o)
                              embedded-software\mcu-freertos\libfoxbms-os.a(cmsis_os.c.1.o) (pvPortMalloc)
embedded-software\mcu-freertos\libfoxbms-os.a(queue.c.1.o)
                              embedded-software\mcu-freertos\libfoxbms-os.a(cmsis_os.c.1.o) (xQueueGenericCreate)
embedded-software\mcu-freertos\libfoxbms-os.a(tasks.c.1.o)
                              embedded-software\mcu-freertos\libfoxbms-os.a(port.c.1.o) (pxCurrentTCB)
embedded-software\mcu-freertos\libfoxbms-os.a(timers.c.1.o)
                              embedded-software\mcu-freertos\libfoxbms-os.a(tasks.c.1.o) (xTimerCreateTimerTask)
embedded-software\mcu-freertos\libfoxbms-os.a(os.c.1.o)
                              embedded-software\mcu-primary\src\general\main.c.1.o (os_boot)
embedded-software\mcu-freertos\libfoxbms-os.a(list.c.1.o)
                              embedded-software\mcu-freertos\libfoxbms-os.a(queue.c.1.o) (vListInitialise)
embedded-software\mcu-common\src\engine\libfoxbms-common-engine.a(database.c.1.o)
                              embedded-software\mcu-freertos\libfoxbms-os.a(os.c.1.o) (DATA_Task)
embedded-software\mcu-primary\src\engine\libfoxbms-engine.a(database_cfg.c.1.o)
                              embedded-software\mcu-common\src\engine\libfoxbms-common-engine.a(database.c.1.o) (data_base_dev)
embedded-software\mcu-primary\src\engine\libfoxbms-engine.a(diag_cfg.c.1.o)
                              embedded-software\mcu-primary\src\general\main.c.1.o (diag_dev)
embedded-software\mcu-primary\src\engine\libfoxbms-engine.a(enginetask_cfg.c.1.o)
                              embedded-software\mcu-freertos\libfoxbms-os.a(os.c.1.o) (eng_tskdef_cyclic_1ms)
embedded-software\mcu-primary\src\engine\libfoxbms-engine.a(diag.c.1.o)
                              embedded-software\mcu-primary\src\general\config\STM32F4xx\stm32f4xx_it.c.1.o (diag_fc)
embedded-software\mcu-primary\src\engine\libfoxbms-engine.a(enginetask.c.1.o)
                              embedded-software\mcu-freertos\libfoxbms-os.a(os.c.1.o) (ENG_Init)
embedded-software\mcu-primary\src\engine\libfoxbms-engine.a(sys.c.1.o)
                              embedded-software\mcu-primary\src\engine\libfoxbms-engine.a(enginetask.c.1.o) (SYS_SetStateRequest)
embedded-software\mcu-primary\src\application\libfoxbms-application.a(bal.c.1.o)
                              embedded-software\mcu-primary\src\engine\libfoxbms-engine.a(sys.c.1.o) (BAL_GetState)
embedded-software\mcu-primary\src\application\libfoxbms-application.a(bms.c.1.o)
                              embedded-software\mcu-primary\src\engine\libfoxbms-engine.a(sys.c.1.o) (BMS_GetState)
embedded-software\mcu-primary\src\application\libfoxbms-application.a(com.c.1.o)
                              embedded-software\mcu-primary\src\general\main.c.1.o (COM_StartupInfo)
embedded-software\mcu-primary\src\application\libfoxbms-application.a(sox.c.1.o)
                              embedded-software\mcu-primary\src\engine\libfoxbms-engine.a(sys.c.1.o) (SOC_Init)
embedded-software\mcu-primary\src\application\libfoxbms-application.a(appltask.c.1.o)
                              embedded-software\mcu-freertos\libfoxbms-os.a(os.c.1.o) (APPL_CreateMutex)
embedded-software\mcu-primary\src\application\libfoxbms-application.a(appltask_cfg.c.1.o)
                              embedded-software\mcu-primary\src\application\libfoxbms-application.a(appltask.c.1.o) (appl_tskdef_1ms)
embedded-software\mcu-primary\src\application\libfoxbms-application.a(sox_cfg.c.1.o)
                              embedded-software\mcu-primary\src\application\libfoxbms-application.a(sox.c.1.o) (sox_sof_config)
embedded-software\mcu-primary\src\module\libfoxbms-module.a(adc_ex.c.1.o)
                              embedded-software\mcu-primary\src\engine\libfoxbms-engine.a(enginetask.c.1.o) (ADC_Ctrl)
embedded-software\mcu-primary\src\module\libfoxbms-module.a(adc_cfg.c.1.o)
                              embedded-software\mcu-primary\src\general\config\STM32F4xx\stm32f4xx_it.c.1.o (adc_devices)
embedded-software\mcu-primary\src\module\libfoxbms-module.a(bkpsram_cfg.c.1.o)
                              embedded-software\mcu-primary\src\application\libfoxbms-application.a(com.c.1.o) (bkpsram_operating_hours)
embedded-software\mcu-primary\src\module\libfoxbms-module.a(eepr_cfg.c.1.o)
                              embedded-software\mcu-primary\src\module\libfoxbms-module.a(bkpsram_cfg.c.1.o) (EEPR_SetChDirtyFlag)
embedded-software\mcu-primary\src\module\libfoxbms-module.a(contactor.c.1.o)
[...]
Memory Configuration

Name             Origin             Length             Attributes
RESERVED         0x08000000         0x00008000         xr
FLASH            0x08000000         0x000f7f00         xr
FLASH_HEADER     0x080fff00         0x00000100         xr
FLASH_2          0x08100000         0x00100000         xr
RAM              0x20000000         0x00030000         xrw
CCMRAM           0x10000000         0x00010000         rw
BKP_RAM          0x40024000         0x00001000         rw
EXT_SDRAM        0xd0000000         0x00800000         xrw
*default*        0x00000000         0xffffffff

Linker script and memory map

LOAD c:/foxconda/library/bin/../lib/gcc/arm-none-eabi/4.9.3/armv7e-m/softfp/crti.o
LOAD c:/foxconda/library/bin/../lib/gcc/arm-none-eabi/4.9.3/armv7e-m/softfp/crtbegin.o
LOAD c:/foxconda/library/bin/../lib/gcc/arm-none-eabi/4.9.3/../../../../arm-none-eabi/lib/armv7e-m/softfp/crt0.o
LOAD embedded-software\mcu-primary\src\general\config\nvic_cfg.c.1.o
LOAD embedded-software\mcu-primary\src\general\config\STM32F4xx\stm32f4xx_hal_msp.c.1.o
LOAD embedded-software\mcu-primary\src\general\config\STM32F4xx\stm32f4xx_it.c.1.o
LOAD embedded-software\mcu-primary\src\general\config\STM32F4xx\system_stm32f4xx.c.1.o
LOAD embedded-software\mcu-primary\src\general\main.c.1.o
LOAD embedded-software\mcu-primary\src\general\nvic.c.1.o
LOAD embedded-software\mcu-primary\src\general\version.c.1.o
LOAD embedded-software\mcu-primary\src\general\config\batterysystem_cfg.c.1.o
LOAD embedded-software\mcu-primary\src\general\config\STM32F4xx\startup_stm32f429xx.o
LOAD embedded-software\mcu-freertos\libfoxbms-os.a
LOAD embedded-software\mcu-common\src\engine\libfoxbms-common-engine.a
LOAD embedded-software\mcu-primary\src\engine\libfoxbms-engine.a
LOAD embedded-software\mcu-primary\src\application\libfoxbms-application.a
LOAD embedded-software\mcu-primary\src\module\libfoxbms-module.a
LOAD embedded-software\mcu-common\src\module\libfoxbms-common-module.a
LOAD embedded-software\mcu-hal\STM32F4xx_HAL_Driver\libfoxbms-stmhal.a
LOAD c:/foxconda/library/bin/../lib/gcc/arm-none-eabi/4.9.3/../../../../arm-none-eabi/lib/armv7e-m/softfp\libstdc++_nano.a
LOAD c:/foxconda/library/bin/../lib/gcc/arm-none-eabi/4.9.3/../../../../arm-none-eabi/lib/armv7e-m/softfp\libm.a
START GROUP
LOAD c:/foxconda/library/bin/../lib/gcc/arm-none-eabi/4.9.3/armv7e-m/softfp\libgcc.a
LOAD c:/foxconda/library/bin/../lib/gcc/arm-none-eabi/4.9.3/../../../../arm-none-eabi/lib/armv7e-m/softfp\libc_nano.a
END GROUP
START GROUP
LOAD c:/foxconda/library/bin/../lib/gcc/arm-none-eabi/4.9.3/armv7e-m/softfp\libgcc.a
LOAD c:/foxconda/library/bin/../lib/gcc/arm-none-eabi/4.9.3/../../../../arm-none-eabi/lib/armv7e-m/softfp\libc_nano.a
LOAD c:/foxconda/library/bin/../lib/gcc/arm-none-eabi/4.9.3/../../../../arm-none-eabi/lib/armv7e-m/softfp\libnosys.a
END GROUP
START GROUP
LOAD c:/foxconda/library/bin/../lib/gcc/arm-none-eabi/4.9.3/armv7e-m/softfp\libgcc.a
LOAD c:/foxconda/library/bin/../lib/gcc/arm-none-eabi/4.9.3/../../../../arm-none-eabi/lib/armv7e-m/softfp\libc_nano.a
LOAD c:/foxconda/library/bin/../lib/gcc/arm-none-eabi/4.9.3/../../../../arm-none-eabi/lib/armv7e-m/softfp\libnosys.a
END GROUP
LOAD c:/foxconda/library/bin/../lib/gcc/arm-none-eabi/4.9.3/armv7e-m/softfp/crtend.o
LOAD c:/foxconda/library/bin/../lib/gcc/arm-none-eabi/4.9.3/armv7e-m/softfp/crtn.o
                0x2002ffff                _estack = 0x2002ffff
                0x00000200                _Min_Heap_Size = 0x200
                0x00000400                _Min_Stack_Size = 0x400

.flashheader    0x080fff00      0x100
                0x080fff00                . = ALIGN (0x4)
 *(.FLASH_HEADERSection*)
 .FLASH_HEADERSection
                0x080fff00      0x100 embedded-software\mcu-primary\src\general\version.c.1.o
                0x080fff00                ver_sw_validation
                0x08100000                . = ALIGN (0x4)

.isr_vector     0x08000000      0x1b0
                0x08000000                . = ALIGN (0x4)
 *(.isr_vector)
 .isr_vector    0x08000000      0x1ac embedded-software\mcu-primary\src\general\config\STM32F4xx\startup_stm32f429xx.o
                0x08000000                g_pfnVectors
                0x080001b0                . = ALIGN (0x10)
 *fill*         0x080001ac        0x4 ff
                0x080f8000                _foxBMS_FLASH_end = ((ORIGIN (FLASH) + 0xf7f00) + 0x100)
                0x08200000                _foxBMS_FLASH_2_end = (ORIGIN (FLASH_2) + 0x100000)
                0x08000000                _sflash1 = ORIGIN (FLASH)
                0x08000004                _jumpadressvectable = (ORIGIN (FLASH) + 0x4)

.text           0x080001b0    0x244e0
                0x080001b0                . = ALIGN (0x10)
 *arm-none-eabi*(.text*)
 .text          0x080001b0       0x5c c:/foxconda/library/bin/../lib/gcc/arm-none-eabi/4.9.3/armv7e-m/softfp/crtbegin.o
 *libgcc.a:(.text*)
 .text          0x0800020c      0x370 c:/foxconda/library/bin/../lib/gcc/arm-none-eabi/4.9.3/armv7e-m/softfp\libgcc.a(_arm_addsubdf3.o)
                0x0800020c                __aeabi_drsub
                0x08000214                __aeabi_dsub
                0x08000214                __subdf3
                0x08000218                __aeabi_dadd
                0x08000218                __adddf3
                0x08000490                __floatunsidf
                0x08000490                __aeabi_ui2d
                0x080004b0                __floatsidf
                0x080004b0                __aeabi_i2d
                0x080004d4                __aeabi_f2d
                0x080004d4                __extendsfdf2
                0x08000510                __floatundidf
                0x08000510                __aeabi_ul2d
                0x08000520                __floatdidf
                0x08000520                __aeabi_l2d
 .text          0x0800057c      0x424 c:/foxconda/library/bin/../lib/gcc/arm-none-eabi/4.9.3/armv7e-m/softfp\libgcc.a(_arm_muldivdf3.o)
                0x0800057c                __aeabi_dmul
                0x0800057c                __muldf3
                0x080007d0                __divdf3
                0x080007d0                __aeabi_ddiv
 .text          0x080009a0       0x40 c:/foxconda/library/bin/../lib/gcc/arm-none-eabi/4.9.3/armv7e-m/softfp\libgcc.a(_arm_fixunsdfsi.o)
                0x080009a0                __aeabi_d2uiz
                0x080009a0                __fixunsdfsi
 .text          0x080009e0       0xa0 c:/foxconda/library/bin/../lib/gcc/arm-none-eabi/4.9.3/armv7e-m/softfp\libgcc.a(_arm_truncdfsf2.o)
                0x080009e0                __truncdfsf2
                0x080009e0                __aeabi_d2f
 .text          0x08000a80      0x21c c:/foxconda/library/bin/../lib/gcc/arm-none-eabi/4.9.3/armv7e-m/softfp\libgcc.a(_arm_addsubsf3.o)
                0x08000a80                __aeabi_frsub
                0x08000a88                __subsf3
                0x08000a88                __aeabi_fsub
                0x08000a8c                __aeabi_fadd
                0x08000a8c                __addsf3
                0x08000bec                __aeabi_ui2f
                0x08000bec                __floatunsisf
                0x08000bf4                __aeabi_i2f
                0x08000bf4                __floatsisf
                0x08000c10                __aeabi_ul2f
                0x08000c10                __floatundisf
                0x08000c20                __aeabi_l2f
                0x08000c20                __floatdisf
 *libc*.a:(.text*)
 .text.atoi     0x08000c9c        0x8 c:/foxconda/library/bin/../lib/gcc/arm-none-eabi/4.9.3/../../../../arm-none-eabi/lib/armv7e-m/softfp\libc_nano.a(lib_a-atoi.o)
                0x08000c9c                atoi
 .text.__libc_init_array
                0x08000ca4       0x4c c:/foxconda/library/bin/../lib/gcc/arm-none-eabi/4.9.3/../../../../arm-none-eabi/lib/armv7e-m/softfp\libc_nano.a(lib_a-init.o)
                0x08000ca4                __libc_init_array
 .text.memcpy   0x08000cf0       0x16 c:/foxconda/library/bin/../lib/gcc/arm-none-eabi/4.9.3/../../../../arm-none-eabi/lib/armv7e-m/softfp\libc_nano.a(lib_a-memcpy.o)
                0x08000cf0                memcpy
 .text.memset   0x08000d06       0x10 c:/foxconda/library/bin/../lib/gcc/arm-none-eabi/4.9.3/../../../../arm-none-eabi/lib/armv7e-m/softfp\libc_nano.a(lib_a-memset.o)
                0x08000d06                memset
 *fill*         0x08000d16        0x2 ff
 .text.sprintf  0x08000d18       0x48 c:/foxconda/library/bin/../lib/gcc/arm-none-eabi/4.9.3/../../../../arm-none-eabi/lib/armv7e-m/softfp\libc_nano.a(lib_a-sprintf.o)
                0x08000d18                siprintf
                0x08000d18                sprintf
 .text          0x08000d60       0x14 c:/foxconda/library/bin/../lib/gcc/arm-none-eabi/4.9.3/../../../../arm-none-eabi/lib/armv7e-m/softfp\libc_nano.a(lib_a-strcmp.o)
                0x08000d60                strcmp
 .text.strcpy   0x08000d74       0x10 c:/foxconda/library/bin/../lib/gcc/arm-none-eabi/4.9.3/../../../../arm-none-eabi/lib/armv7e-m/softfp\libc_nano.a(lib_a-strcpy.o)
                0x08000d74                strcpy
 .text.strlen   0x08000d84       0x10 c:/foxconda/library/bin/../lib/gcc/arm-none-eabi/4.9.3/../../../../arm-none-eabi/lib/armv7e-m/softfp\libc_nano.a(lib_a-strlen.o)
                0x08000d84                strlen
 .text.strtok   0x08000d94       0x64 c:/foxconda/library/bin/../lib/gcc/arm-none-eabi/4.9.3/../../../../arm-none-eabi/lib/armv7e-m/softfp\libc_nano.a(lib_a-strtok.o)
                0x08000d94                strtok
 .text.__strtok_r
                0x08000df8       0x56 c:/foxconda/library/bin/../lib/gcc/arm-none-eabi/4.9.3/../../../../arm-none-eabi/lib/armv7e-m/softfp\libc_nano.a(lib_a-strtok_r.o)
                0x08000df8                __strtok_r
 *fill*         0x08000e4e        0x2 ff
 .text._strtol_r
                0x08000e50      0x10c c:/foxconda/library/bin/../lib/gcc/arm-none-eabi/4.9.3/../../../../arm-none-eabi/lib/armv7e-m/softfp\libc_nano.a(lib_a-strtol.o)
                0x08000e50                _strtol_r
 .text.strtol   0x08000f5c       0x1c c:/foxconda/library/bin/../lib/gcc/arm-none-eabi/4.9.3/../../../../arm-none-eabi/lib/armv7e-m/softfp\libc_nano.a(lib_a-strtol.o)
                0x08000f5c                strtol
 .text.malloc   0x08000f78       0x10 c:/foxconda/library/bin/../lib/gcc/arm-none-eabi/4.9.3/../../../../arm-none-eabi/lib/armv7e-m/softfp\libc_nano.a(lib_a-malloc.o)
                0x08000f78                malloc
 .text._free_r  0x08000f88       0x88 c:/foxconda/library/bin/../lib/gcc/arm-none-eabi/4.9.3/../../../../arm-none-eabi/lib/armv7e-m/softfp\libc_nano.a(lib_a-nano-freer.o)
                0x08000f88                _free_r
 .text._malloc_r
                0x08001010       0xac c:/foxconda/library/bin/../lib/gcc/arm-none-eabi/4.9.3/../../../../arm-none-eabi/lib/armv7e-m/softfp\libc_nano.a(lib_a-nano-mallocr.o)
                0x08001010                _malloc_r
 .text.__ssputs_r
                0x080010bc       0xb2 c:/foxconda/library/bin/../lib/gcc/arm-none-eabi/4.9.3/../../../../arm-none-eabi/lib/armv7e-m/softfp\libc_nano.a(lib_a-nano-svfprintf.o)
                0x080010bc                __ssputs_r
 *fill*         0x0800116e        0x2 ff
 .text._svfprintf_r
                0x08001170      0x1e4 c:/foxconda/library/bin/../lib/gcc/arm-none-eabi/4.9.3/../../../../arm-none-eabi/lib/armv7e-m/softfp\libc_nano.a(lib_a-nano-svfprintf.o)
                0x08001170                _svfiprintf_r
                0x08001170                _svfprintf_r
 .text._printf_common
                0x08001354       0xea c:/foxconda/library/bin/../lib/gcc/arm-none-eabi/4.9.3/../../../../arm-none-eabi/lib/armv7e-m/softfp\libc_nano.a(lib_a-nano-vfprintf_i.o)
                0x08001354                _printf_common
 *fill*         0x0800143e        0x2 ff
 .text._printf_i
                0x08001440      0x240 c:/foxconda/library/bin/../lib/gcc/arm-none-eabi/4.9.3/../../../../arm-none-eabi/lib/armv7e-m/softfp\libc_nano.a(lib_a-nano-vfprintf_i.o)
                0x08001440                _printf_i
 .text._sbrk_r  0x08001680       0x20 c:/foxconda/library/bin/../lib/gcc/arm-none-eabi/4.9.3/../../../../arm-none-eabi/lib/armv7e-m/softfp\libc_nano.a(lib_a-sbrkr.o)
                0x08001680                _sbrk_r
 .text.memchr   0x080016a0       0x1e c:/foxconda/library/bin/../lib/gcc/arm-none-eabi/4.9.3/../../../../arm-none-eabi/lib/armv7e-m/softfp\libc_nano.a(lib_a-memchr.o)
                0x080016a0                memchr
 .text.memmove  0x080016be       0x36 c:/foxconda/library/bin/../lib/gcc/arm-none-eabi/4.9.3/../../../../arm-none-eabi/lib/armv7e-m/softfp\libc_nano.a(lib_a-memmove.o)
                0x080016be                memmove
 .text._realloc_r
                0x080016f4       0x4c c:/foxconda/library/bin/../lib/gcc/arm-none-eabi/4.9.3/../../../../arm-none-eabi/lib/armv7e-m/softfp\libc_nano.a(lib_a-nano-reallocr.o)
                0x080016f4                _realloc_r
 .text._malloc_usable_size_r
                0x08001740       0x14 c:/foxconda/library/bin/../lib/gcc/arm-none-eabi/4.9.3/../../../../arm-none-eabi/lib/armv7e-m/softfp\libc_nano.a(lib_a-nano-msizer.o)
                0x08001740                _malloc_usable_size_r
 *libg*.a:(.text*)
 *limc*.a:(.text*)
 *src/hal/*HAL_Driver*(.text*)
 *libHAL.a:(.text*)
 *hal.a:(.text*)
 .text.HAL_Init
                0x08001754       0x44 embedded-software\mcu-hal\STM32F4xx_HAL_Driver\libfoxbms-stmhal.a(stm32f4xx_hal.c.1.o)
                0x08001754                HAL_Init
 .text.HAL_InitTick
                0x08001798       0x38 embedded-software\mcu-hal\STM32F4xx_HAL_Driver\libfoxbms-stmhal.a(stm32f4xx_hal.c.1.o)
                0x08001798                HAL_InitTick
 .text.HAL_IncTick
                0x080017d0       0x1c embedded-software\mcu-hal\STM32F4xx_HAL_Driver\libfoxbms-stmhal.a(stm32f4xx_hal.c.1.o)
                0x080017d0                HAL_IncTick
 .text.HAL_GetTick
                0x080017ec       0x18 embedded-software\mcu-hal\STM32F4xx_HAL_Driver\libfoxbms-stmhal.a(stm32f4xx_hal.c.1.o)
                0x080017ec                HAL_GetTick
 .text.HAL_Delay
                0x08001804       0x2c embedded-software\mcu-hal\STM32F4xx_HAL_Driver\libfoxbms-stmhal.a(stm32f4xx_hal.c.1.o)
                0x08001804                HAL_Delay
 .text.HAL_ADC_Init
                0x08001830      0x2d0 embedded-software\mcu-hal\STM32F4xx_HAL_Driver\libfoxbms-stmhal.a(stm32f4xx_hal_adc.c.1.o)
                0x08001830                HAL_ADC_Init
 .text.HAL_ADC_MspInit
                0x08001b00       0x14 embedded-software\mcu-hal\STM32F4xx_HAL_Driver\libfoxbms-stmhal.a(stm32f4xx_hal_adc.c.1.o)
                0x08001b00                HAL_ADC_MspInit
 .text.HAL_ADC_Start_IT
                0x08001b14      0x1a4 embedded-software\mcu-hal\STM32F4xx_HAL_Driver\libfoxbms-stmhal.a(stm32f4xx_hal_adc.c.1.o)
                0x08001b14                HAL_ADC_Start_IT
 .text.HAL_ADC_Stop_IT
                0x08001cb8       0xb0 embedded-software\mcu-hal\STM32F4xx_HAL_Driver\libfoxbms-stmhal.a(stm32f4xx_hal_adc.c.1.o)
                0x08001cb8                HAL_ADC_Stop_IT
 .text.HAL_ADC_IRQHandler
                0x08001d68      0x2dc embedded-software\mcu-hal\STM32F4xx_HAL_Driver\libfoxbms-stmhal.a(stm32f4xx_hal_adc.c.1.o)
                0x08001d68                HAL_ADC_IRQHandler
 .text.HAL_ADC_GetValue
                0x08002044       0x1c embedded-software\mcu-hal\STM32F4xx_HAL_Driver\libfoxbms-stmhal.a(stm32f4xx_hal_adc.c.1.o)
                0x08002044                HAL_ADC_GetValue
 .text.HAL_ADC_LevelOutOfWindowCallback
                0x08002060       0x14 embedded-software\mcu-hal\STM32F4xx_HAL_Driver\libfoxbms-stmhal.a(stm32f4xx_hal_adc.c.1.o)
                0x08002060                HAL_ADC_LevelOutOfWindowCallback
 .text.HAL_ADC_ErrorCallback
                0x08002074       0x14 embedded-software\mcu-hal\STM32F4xx_HAL_Driver\libfoxbms-stmhal.a(stm32f4xx_hal_adc.c.1.o)
                0x08002074                HAL_ADC_ErrorCallback
 .text.HAL_ADC_ConfigChannel
                0x08002088      0x2d0 embedded-software\mcu-hal\STM32F4xx_HAL_Driver\libfoxbms-stmhal.a(stm32f4xx_hal_adc.c.1.o)
                0x08002088                HAL_ADC_ConfigChannel
 .text.ADC_Init
                0x08002358      0x21c embedded-software\mcu-hal\STM32F4xx_HAL_Driver\libfoxbms-stmhal.a(stm32f4xx_hal_adc.c.1.o)
 .text.HAL_ADCEx_InjectedConvCpltCallback
                0x08002574       0x14 embedded-software\mcu-hal\STM32F4xx_HAL_Driver\libfoxbms-stmhal.a(stm32f4xx_hal_adc_ex.c.1.o)
                0x08002574                HAL_ADCEx_InjectedConvCpltCallback
 .text.HAL_CAN_Init
                0x08002588      0x3a8 embedded-software\mcu-hal\STM32F4xx_HAL_Driver\libfoxbms-stmhal.a(stm32f4xx_hal_can.c.1.o)
                0x08002588                HAL_CAN_Init
 .text.HAL_CAN_ConfigFilter
                0x08002930      0x224 embedded-software\mcu-hal\STM32F4xx_HAL_Driver\libfoxbms-stmhal.a(stm32f4xx_hal_can.c.1.o)
                0x08002930                HAL_CAN_ConfigFilter
 .text.HAL_CAN_DeInit
                0x08002b54       0x64 embedded-software\mcu-hal\STM32F4xx_HAL_Driver\libfoxbms-stmhal.a(stm32f4xx_hal_can.c.1.o)
                0x08002b54                HAL_CAN_DeInit
 .text.HAL_CAN_Transmit_IT
                0x08002bb8      0x308 embedded-software\mcu-hal\STM32F4xx_HAL_Driver\libfoxbms-stmhal.a(stm32f4xx_hal_can.c.1.o)
                0x08002bb8                HAL_CAN_Transmit_IT
 .text.HAL_CAN_Receive_IT
                0x08002ec0      0x10c embedded-software\mcu-hal\STM32F4xx_HAL_Driver\libfoxbms-stmhal.a(stm32f4xx_hal_can.c.1.o)
                0x08002ec0                HAL_CAN_Receive_IT
 .text.NVIC_SetPriorityGrouping
                0x08002fcc       0x48 embedded-software\mcu-hal\STM32F4xx_HAL_Driver\libfoxbms-stmhal.a(stm32f4xx_hal_cortex.c.1.o)
 .text.NVIC_GetPriorityGrouping
                0x08003014       0x1c embedded-software\mcu-hal\STM32F4xx_HAL_Driver\libfoxbms-stmhal.a(stm32f4xx_hal_cortex.c.1.o)
 .text.NVIC_EnableIRQ
                0x08003030       0x30 embedded-software\mcu-hal\STM32F4xx_HAL_Driver\libfoxbms-stmhal.a(stm32f4xx_hal_cortex.c.1.o)
 .text.NVIC_ClearPendingIRQ
                0x08003060       0x34 embedded-software\mcu-hal\STM32F4xx_HAL_Driver\libfoxbms-stmhal.a(stm32f4xx_hal_cortex.c.1.o)
 .text.NVIC_SetPriority
                0x08003094       0x54 embedded-software\mcu-hal\STM32F4xx_HAL_Driver\libfoxbms-stmhal.a(stm32f4xx_hal_cortex.c.1.o)
 .text.NVIC_EncodePriority
                0x080030e8       0x64 embedded-software\mcu-hal\STM32F4xx_HAL_Driver\libfoxbms-stmhal.a(stm32f4xx_hal_cortex.c.1.o)
 .text.NVIC_SystemReset
                0x0800314c       0x28 embedded-software\mcu-hal\STM32F4xx_HAL_Driver\libfoxbms-stmhal.a(stm32f4xx_hal_cortex.c.1.o)
 .text.SysTick_Config
                0x08003174       0x44 embedded-software\mcu-hal\STM32F4xx_HAL_Driver\libfoxbms-stmhal.a(stm32f4xx_hal_cortex.c.1.o)
 .text.HAL_NVIC_SetPriorityGrouping
                0x080031b8       0x40 embedded-software\mcu-hal\STM32F4xx_HAL_Driver\libfoxbms-stmhal.a(stm32f4xx_hal_cortex.c.1.o)
                0x080031b8                HAL_NVIC_SetPriorityGrouping
 .text.HAL_NVIC_SetPriority
                0x080031f8       0x58 embedded-software\mcu-hal\STM32F4xx_HAL_Driver\libfoxbms-stmhal.a(stm32f4xx_hal_cortex.c.1.o)
                0x080031f8                HAL_NVIC_SetPriority
 .text.HAL_NVIC_EnableIRQ
                0x08003250       0x30 embedded-software\mcu-hal\STM32F4xx_HAL_Driver\libfoxbms-stmhal.a(stm32f4xx_hal_cortex.c.1.o)
                0x08003250                HAL_NVIC_EnableIRQ
 .text.HAL_NVIC_SystemReset
                0x08003280        0xc embedded-software\mcu-hal\STM32F4xx_HAL_Driver\libfoxbms-stmhal.a(stm32f4xx_hal_cortex.c.1.o)
                0x08003280                HAL_NVIC_SystemReset
 .text.HAL_SYSTICK_Config
                0x0800328c       0x18 embedded-software\mcu-hal\STM32F4xx_HAL_Driver\libfoxbms-stmhal.a(stm32f4xx_hal_cortex.c.1.o)
                0x0800328c                HAL_SYSTICK_Config
 .text.HAL_NVIC_ClearPendingIRQ
                0x080032a4       0x30 embedded-software\mcu-hal\STM32F4xx_HAL_Driver\libfoxbms-stmhal.a(stm32f4xx_hal_cortex.c.1.o)
                0x080032a4                HAL_NVIC_ClearPendingIRQ
 .text.HAL_DMA_Init
                0x080032d4      0x434 embedded-software\mcu-hal\STM32F4xx_HAL_Driver\libfoxbms-stmhal.a(stm32f4xx_hal_dma.c.1.o)
                0x080032d4                HAL_DMA_Init
 .text.HAL_DMA_Start_IT
                0x08003708       0xe0 embedded-software\mcu-hal\STM32F4xx_HAL_Driver\libfoxbms-stmhal.a(stm32f4xx_hal_dma.c.1.o)
                0x08003708                HAL_DMA_Start_IT
 .text.HAL_DMA_Abort_IT
                0x080037e8       0x44 embedded-software\mcu-hal\STM32F4xx_HAL_Driver\libfoxbms-stmhal.a(stm32f4xx_hal_dma.c.1.o)
                0x080037e8                HAL_DMA_Abort_IT
 .text.HAL_DMA_IRQHandler
                0x0800382c      0x344 embedded-software\mcu-hal\STM32F4xx_HAL_Driver\libfoxbms-stmhal.a(stm32f4xx_hal_dma.c.1.o)
                0x0800382c                HAL_DMA_IRQHandler
 .text.DMA_SetConfig
                0x08003b70       0x5c embedded-software\mcu-hal\STM32F4xx_HAL_Driver\libfoxbms-stmhal.a(stm32f4xx_hal_dma.c.1.o)
 .text.DMA_CalcBaseAndBitshift
                0x08003bcc       0x6c embedded-software\mcu-hal\STM32F4xx_HAL_Driver\libfoxbms-stmhal.a(stm32f4xx_hal_dma.c.1.o)
 .text.DMA_CheckFifoParam
                0x08003c38      0x108 embedded-software\mcu-hal\STM32F4xx_HAL_Driver\libfoxbms-stmhal.a(stm32f4xx_hal_dma.c.1.o)
 .text.HAL_GPIO_Init
                0x08003d40      0x640 embedded-software\mcu-hal\STM32F4xx_HAL_Driver\libfoxbms-stmhal.a(stm32f4xx_hal_gpio.c.1.o)
                0x08003d40                HAL_GPIO_Init
 .text.HAL_GPIO_ReadPin
                0x08004380       0x40 embedded-software\mcu-hal\STM32F4xx_HAL_Driver\libfoxbms-stmhal.a(stm32f4xx_hal_gpio.c.1.o)
                0x08004380                HAL_GPIO_ReadPin
 .text.HAL_GPIO_WritePin
                0x080043c0       0x58 embedded-software\mcu-hal\STM32F4xx_HAL_Driver\libfoxbms-stmhal.a(stm32f4xx_hal_gpio.c.1.o)
                0x080043c0                HAL_GPIO_WritePin
 .text.HAL_GPIO_TogglePin
                0x08004418       0x34 embedded-software\mcu-hal\STM32F4xx_HAL_Driver\libfoxbms-stmhal.a(stm32f4xx_hal_gpio.c.1.o)
                0x08004418                HAL_GPIO_TogglePin
 .text.HAL_IWDG_Init
                0x0800444c       0xe0 embedded-software\mcu-hal\STM32F4xx_HAL_Driver\libfoxbms-stmhal.a(stm32f4xx_hal_iwdg.c.1.o)
                0x0800444c                HAL_IWDG_Init
 .text.HAL_IWDG_Refresh
                0x0800452c       0x20 embedded-software\mcu-hal\STM32F4xx_HAL_Driver\libfoxbms-stmhal.a(stm32f4xx_hal_iwdg.c.1.o)
                0x0800452c                HAL_IWDG_Refresh
 .text.HAL_PWR_EnableBkUpAccess
                0x0800454c       0x34 embedded-software\mcu-hal\STM32F4xx_HAL_Driver\libfoxbms-stmhal.a(stm32f4xx_hal_pwr.c.1.o)
                0x0800454c                HAL_PWR_EnableBkUpAccess
 .text.HAL_PWREx_EnableBkUpReg
                0x08004580       0x68 embedded-software\mcu-hal\STM32F4xx_HAL_Driver\libfoxbms-stmhal.a(stm32f4xx_hal_pwr_ex.c.1.o)
                0x08004580                HAL_PWREx_EnableBkUpReg
 .text.HAL_RCC_OscConfig
                0x080045e8      0x584 embedded-software\mcu-hal\STM32F4xx_HAL_Driver\libfoxbms-stmhal.a(stm32f4xx_hal_rcc.c.1.o)
                0x080045e8                HAL_RCC_OscConfig
 .text.HAL_RCC_ClockConfig
                0x08004b6c      0x3ac embedded-software\mcu-hal\STM32F4xx_HAL_Driver\libfoxbms-stmhal.a(stm32f4xx_hal_rcc.c.1.o)
                0x08004b6c                HAL_RCC_ClockConfig
 .text.HAL_RCC_GetSysClockFreq
                0x08004f18       0xfc embedded-software\mcu-hal\STM32F4xx_HAL_Driver\libfoxbms-stmhal.a(stm32f4xx_hal_rcc.c.1.o)
                0x08004f18                HAL_RCC_GetSysClockFreq
 .text.HAL_RCC_GetHCLKFreq
                0x08005014       0x18 embedded-software\mcu-hal\STM32F4xx_HAL_Driver\libfoxbms-stmhal.a(stm32f4xx_hal_rcc.c.1.o)
                0x08005014                HAL_RCC_GetHCLKFreq
 .text.HAL_RCC_GetPCLK1Freq
                0x0800502c       0x44 embedded-software\mcu-hal\STM32F4xx_HAL_Driver\libfoxbms-stmhal.a(stm32f4xx_hal_rcc.c.1.o)
                0x0800502c                HAL_RCC_GetPCLK1Freq
 .text.HAL_RCC_GetPCLK2Freq
                0x08005070       0x44 embedded-software\mcu-hal\STM32F4xx_HAL_Driver\libfoxbms-stmhal.a(stm32f4xx_hal_rcc.c.1.o)
                0x08005070                HAL_RCC_GetPCLK2Freq
 .text.HAL_RCCEx_PeriphCLKConfig
                0x080050b4      0x740 embedded-software\mcu-hal\STM32F4xx_HAL_Driver\libfoxbms-stmhal.a(stm32f4xx_hal_rcc_ex.c.1.o)
                0x080050b4                HAL_RCCEx_PeriphCLKConfig
 .text.HAL_RTC_Init
                0x080057f4      0x198 embedded-software\mcu-hal\STM32F4xx_HAL_Driver\libfoxbms-stmhal.a(stm32f4xx_hal_rtc.c.1.o)
                0x080057f4                HAL_RTC_Init
 .text.HAL_RTC_MspInit
                0x0800598c       0x14 embedded-software\mcu-hal\STM32F4xx_HAL_Driver\libfoxbms-stmhal.a(stm32f4xx_hal_rtc.c.1.o)
                0x0800598c                HAL_RTC_MspInit
 .text.HAL_RTC_SetTime
                0x080059a0      0x2d4 embedded-software\mcu-hal\STM32F4xx_HAL_Driver\libfoxbms-stmhal.a(stm32f4xx_hal_rtc.c.1.o)
                0x080059a0                HAL_RTC_SetTime
 .text.HAL_RTC_GetTime
                0x08005c74       0xd0 embedded-software\mcu-hal\STM32F4xx_HAL_Driver\libfoxbms-stmhal.a(stm32f4xx_hal_rtc.c.1.o)
                0x08005c74                HAL_RTC_GetTime
 .text.HAL_RTC_SetDate
                0x08005d44      0x254 embedded-software\mcu-hal\STM32F4xx_HAL_Driver\libfoxbms-stmhal.a(stm32f4xx_hal_rtc.c.1.o)
                0x08005d44                HAL_RTC_SetDate
 .text.HAL_RTC_GetDate
                0x08005f98       0xb8 embedded-software\mcu-hal\STM32F4xx_HAL_Driver\libfoxbms-stmhal.a(stm32f4xx_hal_rtc.c.1.o)
                0x08005f98                HAL_RTC_GetDate
 .text.HAL_RTC_WaitForSynchro
                0x08006050       0x50 embedded-software\mcu-hal\STM32F4xx_HAL_Driver\libfoxbms-stmhal.a(stm32f4xx_hal_rtc.c.1.o)
                0x08006050                HAL_RTC_WaitForSynchro
 .text.RTC_EnterInitMode
                0x080060a0       0x58 embedded-software\mcu-hal\STM32F4xx_HAL_Driver\libfoxbms-stmhal.a(stm32f4xx_hal_rtc.c.1.o)
                0x080060a0                RTC_EnterInitMode
 .text.RTC_ByteToBcd2
                0x080060f8       0x3c embedded-software\mcu-hal\STM32F4xx_HAL_Driver\libfoxbms-stmhal.a(stm32f4xx_hal_rtc.c.1.o)
                0x080060f8                RTC_ByteToBcd2
 .text.RTC_Bcd2ToByte
                0x08006134       0x3c embedded-software\mcu-hal\STM32F4xx_HAL_Driver\libfoxbms-stmhal.a(stm32f4xx_hal_rtc.c.1.o)
                0x08006134                RTC_Bcd2ToByte
 .text.HAL_RTCEx_DeactivateWakeUpTimer
                0x08006170       0xb0 embedded-software\mcu-hal\STM32F4xx_HAL_Driver\libfoxbms-stmhal.a(stm32f4xx_hal_rtc_ex.c.1.o)
                0x08006170                HAL_RTCEx_DeactivateWakeUpTimer
 .text.HAL_SDRAM_Init
                0x08006220       0x6c embedded-software\mcu-hal\STM32F4xx_HAL_Driver\libfoxbms-stmhal.a(stm32f4xx_hal_sdram.c.1.o)
                0x08006220                HAL_SDRAM_Init
 .text.HAL_SDRAM_MspInit
                0x0800628c       0x14 embedded-software\mcu-hal\STM32F4xx_HAL_Driver\libfoxbms-stmhal.a(stm32f4xx_hal_sdram.c.1.o)
                0x0800628c                HAL_SDRAM_MspInit
 .text.HAL_SDRAM_SendCommand
                0x080062a0       0x58 embedded-software\mcu-hal\STM32F4xx_HAL_Driver\libfoxbms-stmhal.a(stm32f4xx_hal_sdram.c.1.o)
                0x080062a0                HAL_SDRAM_SendCommand
 .text.HAL_SDRAM_ProgramRefreshRate
                0x080062f8       0x40 embedded-software\mcu-hal\STM32F4xx_HAL_Driver\libfoxbms-stmhal.a(stm32f4xx_hal_sdram.c.1.o)
                0x080062f8                HAL_SDRAM_ProgramRefreshRate
 .text.HAL_SPI_Init
                0x08006338      0x268 embedded-software\mcu-hal\STM32F4xx_HAL_Driver\libfoxbms-stmhal.a(stm32f4xx_hal_spi.c.1.o)
                0x08006338                HAL_SPI_Init
 .text.HAL_SPI_TransmitReceive_IT
                0x080065a0      0x140 embedded-software\mcu-hal\STM32F4xx_HAL_Driver\libfoxbms-stmhal.a(stm32f4xx_hal_spi.c.1.o)
                0x080065a0                HAL_SPI_TransmitReceive_IT
 .text.HAL_SPI_Transmit_DMA
                0x080066e0      0x160 embedded-software\mcu-hal\STM32F4xx_HAL_Driver\libfoxbms-stmhal.a(stm32f4xx_hal_spi.c.1.o)
                0x080066e0                HAL_SPI_Transmit_DMA
 .text.HAL_SPI_TransmitReceive_DMA
                0x08006840      0x1ec embedded-software\mcu-hal\STM32F4xx_HAL_Driver\libfoxbms-stmhal.a(stm32f4xx_hal_spi.c.1.o)
                0x08006840                HAL_SPI_TransmitReceive_DMA
 .text.HAL_SPI_IRQHandler
                0x08006a2c      0x1b0 embedded-software\mcu-hal\STM32F4xx_HAL_Driver\libfoxbms-stmhal.a(stm32f4xx_hal_spi.c.1.o)
                0x08006a2c                HAL_SPI_IRQHandler
 .text.HAL_SPI_RxCpltCallback
                0x08006bdc       0x14 embedded-software\mcu-hal\STM32F4xx_HAL_Driver\libfoxbms-stmhal.a(stm32f4xx_hal_spi.c.1.o)
                0x08006bdc                HAL_SPI_RxCpltCallback
 .text.HAL_SPI_TxHalfCpltCallback
                0x08006bf0       0x14 embedded-software\mcu-hal\STM32F4xx_HAL_Driver\libfoxbms-stmhal.a(stm32f4xx_hal_spi.c.1.o)
                0x08006bf0                HAL_SPI_TxHalfCpltCallback
 .text.HAL_SPI_RxHalfCpltCallback
                0x08006c04       0x14 embedded-software\mcu-hal\STM32F4xx_HAL_Driver\libfoxbms-stmhal.a(stm32f4xx_hal_spi.c.1.o)
                0x08006c04                HAL_SPI_RxHalfCpltCallback
 .text.HAL_SPI_TxRxHalfCpltCallback
                0x08006c18       0x14 embedded-software\mcu-hal\STM32F4xx_HAL_Driver\libfoxbms-stmhal.a(stm32f4xx_hal_spi.c.1.o)
                0x08006c18                HAL_SPI_TxRxHalfCpltCallback
 .text.HAL_SPI_ErrorCallback
                0x08006c2c       0x14 embedded-software\mcu-hal\STM32F4xx_HAL_Driver\libfoxbms-stmhal.a(stm32f4xx_hal_spi.c.1.o)
                0x08006c2c                HAL_SPI_ErrorCallback
 .text.SPI_DMATransmitCplt
                0x08006c40       0x9c embedded-software\mcu-hal\STM32F4xx_HAL_Driver\libfoxbms-stmhal.a(stm32f4xx_hal_spi.c.1.o)
 .text.SPI_DMAReceiveCplt
                0x08006cdc       0x84 embedded-software\mcu-hal\STM32F4xx_HAL_Driver\libfoxbms-stmhal.a(stm32f4xx_hal_spi.c.1.o)
 .text.SPI_DMATransmitReceiveCplt
                0x08006d60       0x84 embedded-software\mcu-hal\STM32F4xx_HAL_Driver\libfoxbms-stmhal.a(stm32f4xx_hal_spi.c.1.o)
 .text.SPI_DMAHalfTransmitCplt
                0x08006de4       0x1c embedded-software\mcu-hal\STM32F4xx_HAL_Driver\libfoxbms-stmhal.a(stm32f4xx_hal_spi.c.1.o)
 .text.SPI_DMAHalfReceiveCplt
                0x08006e00       0x1c embedded-software\mcu-hal\STM32F4xx_HAL_Driver\libfoxbms-stmhal.a(stm32f4xx_hal_spi.c.1.o)
 .text.SPI_DMAHalfTransmitReceiveCplt
                0x08006e1c       0x1c embedded-software\mcu-hal\STM32F4xx_HAL_Driver\libfoxbms-stmhal.a(stm32f4xx_hal_spi.c.1.o)
 .text.SPI_DMAError
                0x08006e38       0x40 embedded-software\mcu-hal\STM32F4xx_HAL_Driver\libfoxbms-stmhal.a(stm32f4xx_hal_spi.c.1.o)
 .text.SPI_DMAAbortOnError
                0x08006e78       0x28 embedded-software\mcu-hal\STM32F4xx_HAL_Driver\libfoxbms-stmhal.a(stm32f4xx_hal_spi.c.1.o)
 .text.SPI_2linesRxISR_8BIT
                0x08006ea0       0x5c embedded-software\mcu-hal\STM32F4xx_HAL_Driver\libfoxbms-stmhal.a(stm32f4xx_hal_spi.c.1.o)
 .text.SPI_2linesTxISR_8BIT
                0x08006efc       0x5c embedded-software\mcu-hal\STM32F4xx_HAL_Driver\libfoxbms-stmhal.a(stm32f4xx_hal_spi.c.1.o)
 .text.SPI_2linesRxISR_16BIT
                0x08006f58       0x60 embedded-software\mcu-hal\STM32F4xx_HAL_Driver\libfoxbms-stmhal.a(stm32f4xx_hal_spi.c.1.o)
 .text.SPI_2linesTxISR_16BIT
                0x08006fb8       0x5c embedded-software\mcu-hal\STM32F4xx_HAL_Driver\libfoxbms-stmhal.a(stm32f4xx_hal_spi.c.1.o)
 .text.SPI_WaitFlagStateUntilTimeout
                0x08007014       0xd4 embedded-software\mcu-hal\STM32F4xx_HAL_Driver\libfoxbms-stmhal.a(stm32f4xx_hal_spi.c.1.o)
 .text.SPI_CheckFlag_BSY
                0x080070e8       0x3c embedded-software\mcu-hal\STM32F4xx_HAL_Driver\libfoxbms-stmhal.a(stm32f4xx_hal_spi.c.1.o)
 .text.SPI_CloseRxTx_ISR
                0x08007124       0xe8 embedded-software\mcu-hal\STM32F4xx_HAL_Driver\libfoxbms-stmhal.a(stm32f4xx_hal_spi.c.1.o)
 .text.HAL_TIM_Base_Start_IT
                0x0800720c      0x100 embedded-software\mcu-hal\STM32F4xx_HAL_Driver\libfoxbms-stmhal.a(stm32f4xx_hal_tim.c.1.o)
                0x0800720c                HAL_TIM_Base_Start_IT
 .text.HAL_TIM_PWM_Init
                0x0800730c      0x17c embedded-software\mcu-hal\STM32F4xx_HAL_Driver\libfoxbms-stmhal.a(stm32f4xx_hal_tim.c.1.o)
                0x0800730c                HAL_TIM_PWM_Init
 .text.HAL_TIM_PWM_MspInit
                0x08007488       0x14 embedded-software\mcu-hal\STM32F4xx_HAL_Driver\libfoxbms-stmhal.a(stm32f4xx_hal_tim.c.1.o)
                0x08007488                HAL_TIM_PWM_MspInit
 .text.HAL_TIM_PWM_Start
                0x0800749c      0x1e0 embedded-software\mcu-hal\STM32F4xx_HAL_Driver\libfoxbms-stmhal.a(stm32f4xx_hal_tim.c.1.o)
                0x0800749c                HAL_TIM_PWM_Start
 .text.HAL_TIM_IC_Init
                0x0800767c      0x17c embedded-software\mcu-hal\STM32F4xx_HAL_Driver\libfoxbms-stmhal.a(stm32f4xx_hal_tim.c.1.o)
                0x0800767c                HAL_TIM_IC_Init
 .text.HAL_TIM_IC_MspInit
                0x080077f8       0x14 embedded-software\mcu-hal\STM32F4xx_HAL_Driver\libfoxbms-stmhal.a(stm32f4xx_hal_tim.c.1.o)
                0x080077f8                HAL_TIM_IC_MspInit
 .text.HAL_TIM_IC_Start
                0x0800780c      0x1b4 embedded-software\mcu-hal\STM32F4xx_HAL_Driver\libfoxbms-stmhal.a(stm32f4xx_hal_tim.c.1.o)
                0x0800780c                HAL_TIM_IC_Start
 .text.HAL_TIM_IC_ConfigChannel
                0x080079c0      0x368 embedded-software\mcu-hal\STM32F4xx_HAL_Driver\libfoxbms-stmhal.a(stm32f4xx_hal_tim.c.1.o)
                0x080079c0                HAL_TIM_IC_ConfigChannel
 .text.HAL_TIM_PWM_ConfigChannel
                0x08007d28      0x3b8 embedded-software\mcu-hal\STM32F4xx_HAL_Driver\libfoxbms-stmhal.a(stm32f4xx_hal_tim.c.1.o)
                0x08007d28                HAL_TIM_PWM_ConfigChannel
 .text.HAL_TIM_SlaveConfigSynchronization
                0x080080e0      0x160 embedded-software\mcu-hal\STM32F4xx_HAL_Driver\libfoxbms-stmhal.a(stm32f4xx_hal_tim.c.1.o)
                0x080080e0                HAL_TIM_SlaveConfigSynchronization
 .text.HAL_TIM_ReadCapturedValue
                0x08008240      0x23c embedded-software\mcu-hal\STM32F4xx_HAL_Driver\libfoxbms-stmhal.a(stm32f4xx_hal_tim.c.1.o)
                0x08008240                HAL_TIM_ReadCapturedValue
 .text.HAL_TIM_IC_GetState
                0x0800847c       0x1c embedded-software\mcu-hal\STM32F4xx_HAL_Driver\libfoxbms-stmhal.a(stm32f4xx_hal_tim.c.1.o)
                0x0800847c                HAL_TIM_IC_GetState
 .text.TIM_Base_SetConfig
                0x08008498      0x150 embedded-software\mcu-hal\STM32F4xx_HAL_Driver\libfoxbms-stmhal.a(stm32f4xx_hal_tim.c.1.o)
                0x08008498                TIM_Base_SetConfig
 .text.TIM_TI1_SetConfig
                0x080085e8       0xf4 embedded-software\mcu-hal\STM32F4xx_HAL_Driver\libfoxbms-stmhal.a(stm32f4xx_hal_tim.c.1.o)
                0x080085e8                TIM_TI1_SetConfig
 .text.TIM_OC2_SetConfig
                0x080086dc      0x108 embedded-software\mcu-hal\STM32F4xx_HAL_Driver\libfoxbms-stmhal.a(stm32f4xx_hal_tim.c.1.o)
                0x080086dc                TIM_OC2_SetConfig
 .text.TIM_CCxChannelCmd
                0x080087e4      0x104 embedded-software\mcu-hal\STM32F4xx_HAL_Driver\libfoxbms-stmhal.a(stm32f4xx_hal_tim.c.1.o)
                0x080087e4                TIM_CCxChannelCmd
 .text.TIM_OC1_SetConfig
                0x080088e8       0xe4 embedded-software\mcu-hal\STM32F4xx_HAL_Driver\libfoxbms-stmhal.a(stm32f4xx_hal_tim.c.1.o)
 .text.TIM_OC3_SetConfig
                0x080089cc      0x140 embedded-software\mcu-hal\STM32F4xx_HAL_Driver\libfoxbms-stmhal.a(stm32f4xx_hal_tim.c.1.o)
 .text.TIM_OC4_SetConfig
                0x08008b0c       0xdc embedded-software\mcu-hal\STM32F4xx_HAL_Driver\libfoxbms-stmhal.a(stm32f4xx_hal_tim.c.1.o)
 .text.TIM_SlaveTimer_SetConfig
                0x08008be8      0x5c4 embedded-software\mcu-hal\STM32F4xx_HAL_Driver\libfoxbms-stmhal.a(stm32f4xx_hal_tim.c.1.o)
 .text.TIM_TI1_ConfigInputStage
                0x080091ac       0x64 embedded-software\mcu-hal\STM32F4xx_HAL_Driver\libfoxbms-stmhal.a(stm32f4xx_hal_tim.c.1.o)
 .text.TIM_TI2_SetConfig
                0x08009210       0x80 embedded-software\mcu-hal\STM32F4xx_HAL_Driver\libfoxbms-stmhal.a(stm32f4xx_hal_tim.c.1.o)
 .text.TIM_TI2_ConfigInputStage
                0x08009290       0x68 embedded-software\mcu-hal\STM32F4xx_HAL_Driver\libfoxbms-stmhal.a(stm32f4xx_hal_tim.c.1.o)
 .text.TIM_TI3_SetConfig
                0x080092f8       0x80 embedded-software\mcu-hal\STM32F4xx_HAL_Driver\libfoxbms-stmhal.a(stm32f4xx_hal_tim.c.1.o)
 .text.TIM_TI4_SetConfig
                0x08009378       0x80 embedded-software\mcu-hal\STM32F4xx_HAL_Driver\libfoxbms-stmhal.a(stm32f4xx_hal_tim.c.1.o)
 .text.TIM_ETR_SetConfig
                0x080093f8       0x44 embedded-software\mcu-hal\STM32F4xx_HAL_Driver\libfoxbms-stmhal.a(stm32f4xx_hal_tim.c.1.o)
 .text.HAL_UART_Init
                0x0800943c      0x1b8 embedded-software\mcu-hal\STM32F4xx_HAL_Driver\libfoxbms-stmhal.a(stm32f4xx_hal_uart.c.1.o)
                0x0800943c                HAL_UART_Init
 .text.HAL_UART_ErrorCallback
                0x080095f4       0x14 embedded-software\mcu-hal\STM32F4xx_HAL_Driver\libfoxbms-stmhal.a(stm32f4xx_hal_uart.c.1.o)
                0x080095f4                HAL_UART_ErrorCallback
 .text.UART_SetConfig
                0x08009608      0x4bc embedded-software\mcu-hal\STM32F4xx_HAL_Driver\libfoxbms-stmhal.a(stm32f4xx_hal_uart.c.1.o)
 .text.FMC_SDRAM_Init
                0x08009ac4      0x248 embedded-software\mcu-hal\STM32F4xx_HAL_Driver\libfoxbms-stmhal.a(stm32f4xx_ll_fmc.c.1.o)
                0x08009ac4                FMC_SDRAM_Init
 .text.FMC_SDRAM_Timing_Init
                0x08009d0c      0x1e0 embedded-software\mcu-hal\STM32F4xx_HAL_Driver\libfoxbms-stmhal.a(stm32f4xx_ll_fmc.c.1.o)
                0x08009d0c                FMC_SDRAM_Timing_Init
 .text.FMC_SDRAM_SendCommand
                0x08009eec      0x124 embedded-software\mcu-hal\STM32F4xx_HAL_Driver\libfoxbms-stmhal.a(stm32f4xx_ll_fmc.c.1.o)
                0x08009eec                FMC_SDRAM_SendCommand
 .text.FMC_SDRAM_ProgramRefreshRate
                0x0800a010       0x50 embedded-software\mcu-hal\STM32F4xx_HAL_Driver\libfoxbms-stmhal.a(stm32f4xx_ll_fmc.c.1.o)
                0x0800a010                FMC_SDRAM_ProgramRefreshRate
 *src/hal/CMSIS*(.text*)
 *CMSIS.a:(.text*)
 */os/*(.text*)
 *libOS.a:(.text*)
 *os.a:(.text*)
 .text.makeFreeRtosPriority
                0x0800a060       0x30 embedded-software\mcu-freertos\libfoxbms-os.a(cmsis_os.c.1.o)
 .text.inHandlerMode
                0x0800a090       0x24 embedded-software\mcu-freertos\libfoxbms-os.a(cmsis_os.c.1.o)
 .text.osKernelStart
                0x0800a0b4       0x10 embedded-software\mcu-freertos\libfoxbms-os.a(cmsis_os.c.1.o)
                0x0800a0b4                osKernelStart
 .text.osKernelSysTick
                0x0800a0c4       0x20 embedded-software\mcu-freertos\libfoxbms-os.a(cmsis_os.c.1.o)
                0x0800a0c4                osKernelSysTick
 .text.osThreadCreate
                0x0800a0e4       0x50 embedded-software\mcu-freertos\libfoxbms-os.a(cmsis_os.c.1.o)
                0x0800a0e4                osThreadCreate
 .text.osDelay  0x0800a134       0x28 embedded-software\mcu-freertos\libfoxbms-os.a(cmsis_os.c.1.o)
                0x0800a134                osDelay
 .text.osSystickHandler
                0x0800a15c       0x14 embedded-software\mcu-freertos\libfoxbms-os.a(cmsis_os.c.1.o)
                0x0800a15c                osSystickHandler
 .text.osDelayUntil
                0x0800a170       0x2c embedded-software\mcu-freertos\libfoxbms-os.a(cmsis_os.c.1.o)
                0x0800a170                osDelayUntil
 .text.vPortCheckCriticalSection
                0x0800a19c       0x20 embedded-software\mcu-freertos\libfoxbms-os.a(port.c.1.o)
                0x0800a19c                vPortCheckCriticalSection
 .text.pxPortInitialiseStack
                0x0800a1bc       0x68 embedded-software\mcu-freertos\libfoxbms-os.a(port.c.1.o)
                0x0800a1bc                pxPortInitialiseStack
 .text.prvTaskExitError
                0x0800a224       0x30 embedded-software\mcu-freertos\libfoxbms-os.a(port.c.1.o)
 *fill*         0x0800a254        0xc ff
 .text.SVC_Handler
                0x0800a260       0x24 embedded-software\mcu-freertos\libfoxbms-os.a(port.c.1.o)
                0x0800a260                SVC_Handler
 .text.prvPortStartFirstTask
                0x0800a284       0x20 embedded-software\mcu-freertos\libfoxbms-os.a(port.c.1.o)
 .text.xPortStartScheduler
                0x0800a2a4       0xfc embedded-software\mcu-freertos\libfoxbms-os.a(port.c.1.o)
                0x0800a2a4                xPortStartScheduler
 .text.vPortEnterCritical
                0x0800a3a0       0x48 embedded-software\mcu-freertos\libfoxbms-os.a(port.c.1.o)
                0x0800a3a0                vPortEnterCritical
 .text.vPortExitCritical
                0x0800a3e8       0x3c embedded-software\mcu-freertos\libfoxbms-os.a(port.c.1.o)
                0x0800a3e8                vPortExitCritical
 *fill*         0x0800a424        0xc ff
 .text.PendSV_Handler
                0x0800a430       0x64 embedded-software\mcu-freertos\libfoxbms-os.a(port.c.1.o)
                0x0800a430                PendSV_Handler
 .text.xPortSysTickHandler
                0x0800a494       0x40 embedded-software\mcu-freertos\libfoxbms-os.a(port.c.1.o)
                0x0800a494                xPortSysTickHandler
 .text.vPortSetupTimerInterrupt
                0x0800a4d4       0x34 embedded-software\mcu-freertos\libfoxbms-os.a(port.c.1.o)
                0x0800a4d4                vPortSetupTimerInterrupt
 .text.vPortEnableVFP
                0x0800a508       0x14 embedded-software\mcu-freertos\libfoxbms-os.a(port.c.1.o)
 .text.vPortValidateInterruptPriority
                0x0800a51c       0x58 embedded-software\mcu-freertos\libfoxbms-os.a(port.c.1.o)
                0x0800a51c                vPortValidateInterruptPriority
 .text.pvPortMalloc
                0x0800a574      0x158 embedded-software\mcu-freertos\libfoxbms-os.a(heap_4.c.1.o)
                0x0800a574                pvPortMalloc
 .text.vPortFree
                0x0800a6cc       0x94 embedded-software\mcu-freertos\libfoxbms-os.a(heap_4.c.1.o)
                0x0800a6cc                vPortFree
 .text.prvHeapInit
                0x0800a760       0xc4 embedded-software\mcu-freertos\libfoxbms-os.a(heap_4.c.1.o)
 .text.prvInsertBlockIntoFreeList
                0x0800a824       0xb0 embedded-software\mcu-freertos\libfoxbms-os.a(heap_4.c.1.o)
 .text.xQueueGenericReset
                0x0800a8d4       0xc0 embedded-software\mcu-freertos\libfoxbms-os.a(queue.c.1.o)
                0x0800a8d4                xQueueGenericReset
 .text.xQueueGenericCreate
                0x0800a994       0x64 embedded-software\mcu-freertos\libfoxbms-os.a(queue.c.1.o)
                0x0800a994                xQueueGenericCreate
 .text.prvInitialiseNewQueue
                0x0800a9f8       0x44 embedded-software\mcu-freertos\libfoxbms-os.a(queue.c.1.o)
 .text.prvInitialiseMutex
                0x0800aa3c       0x34 embedded-software\mcu-freertos\libfoxbms-os.a(queue.c.1.o)
 .text.xQueueCreateMutex
                0x0800aa70       0x30 embedded-software\mcu-freertos\libfoxbms-os.a(queue.c.1.o)
                0x0800aa70                xQueueCreateMutex
 .text.xQueueGenericSend
                0x0800aaa0      0x1c4 embedded-software\mcu-freertos\libfoxbms-os.a(queue.c.1.o)
                0x0800aaa0                xQueueGenericSend
 .text.xQueueGenericSendFromISR
                0x0800ac64      0x100 embedded-software\mcu-freertos\libfoxbms-os.a(queue.c.1.o)
                0x0800ac64                xQueueGenericSendFromISR
 .text.xQueueGenericReceive
                0x0800ad64      0x200 embedded-software\mcu-freertos\libfoxbms-os.a(queue.c.1.o)
                0x0800ad64                xQueueGenericReceive
 .text.prvCopyDataToQueue
                0x0800af64       0xd8 embedded-software\mcu-freertos\libfoxbms-os.a(queue.c.1.o)
 .text.prvCopyDataFromQueue
                0x0800b03c       0x4c embedded-software\mcu-freertos\libfoxbms-os.a(queue.c.1.o)
 .text.prvUnlockQueue
                0x0800b088       0xa4 embedded-software\mcu-freertos\libfoxbms-os.a(queue.c.1.o)
 .text.prvIsQueueEmpty
                0x0800b12c       0x2c embedded-software\mcu-freertos\libfoxbms-os.a(queue.c.1.o)
 .text.prvIsQueueFull
                0x0800b158       0x30 embedded-software\mcu-freertos\libfoxbms-os.a(queue.c.1.o)
 .text.vQueueAddToRegistry
                0x0800b188       0x50 embedded-software\mcu-freertos\libfoxbms-os.a(queue.c.1.o)
                0x0800b188                vQueueAddToRegistry
 .text.vQueueWaitForMessageRestricted
                0x0800b1d8       0x6c embedded-software\mcu-freertos\libfoxbms-os.a(queue.c.1.o)
                0x0800b1d8                vQueueWaitForMessageRestricted
 .text.xTaskCreate
                0x0800b244       0x84 embedded-software\mcu-freertos\libfoxbms-os.a(tasks.c.1.o)
                0x0800b244                xTaskCreate
 .text.prvInitialiseNewTask
                0x0800b2c8       0xfc embedded-software\mcu-freertos\libfoxbms-os.a(tasks.c.1.o)
 .text.prvAddNewTaskToReadyList
                0x0800b3c4       0xe0 embedded-software\mcu-freertos\libfoxbms-os.a(tasks.c.1.o)
 .text.vTaskDelayUntil
                0x0800b4a4       0xc8 embedded-software\mcu-freertos\libfoxbms-os.a(tasks.c.1.o)
                0x0800b4a4                vTaskDelayUntil
 .text.vTaskDelay
                0x0800b56c       0x58 embedded-software\mcu-freertos\libfoxbms-os.a(tasks.c.1.o)
                0x0800b56c                vTaskDelay
 .text.vTaskStartScheduler
                0x0800b5c4       0x88 embedded-software\mcu-freertos\libfoxbms-os.a(tasks.c.1.o)
                0x0800b5c4                vTaskStartScheduler
 .text.vTaskSuspendAll
                0x0800b64c       0x1c embedded-software\mcu-freertos\libfoxbms-os.a(tasks.c.1.o)
                0x0800b64c                vTaskSuspendAll
 .text.xTaskResumeAll
                0x0800b668      0x12c embedded-software\mcu-freertos\libfoxbms-os.a(tasks.c.1.o)
                0x0800b668                xTaskResumeAll
 .text.xTaskGetTickCount
                0x0800b794       0x20 embedded-software\mcu-freertos\libfoxbms-os.a(tasks.c.1.o)
                0x0800b794                xTaskGetTickCount
 .text.xTaskGetTickCountFromISR
                0x0800b7b4       0x24 embedded-software\mcu-freertos\libfoxbms-os.a(tasks.c.1.o)
                0x0800b7b4                xTaskGetTickCountFromISR
 .text.xTaskIncrementTick
                0x0800b7d8      0x170 embedded-software\mcu-freertos\libfoxbms-os.a(tasks.c.1.o)
                0x0800b7d8                xTaskIncrementTick
 .text.vTaskSwitchContext
                0x0800b948       0xa0 embedded-software\mcu-freertos\libfoxbms-os.a(tasks.c.1.o)
                0x0800b948                vTaskSwitchContext
 .text.vTaskPlaceOnEventList
                0x0800b9e8       0x38 embedded-software\mcu-freertos\libfoxbms-os.a(tasks.c.1.o)
                0x0800b9e8                vTaskPlaceOnEventList
 .text.vTaskPlaceOnEventListRestricted
                0x0800ba20       0x44 embedded-software\mcu-freertos\libfoxbms-os.a(tasks.c.1.o)
                0x0800ba20                vTaskPlaceOnEventListRestricted
 .text.xTaskRemoveFromEventList
                0x0800ba64       0xb8 embedded-software\mcu-freertos\libfoxbms-os.a(tasks.c.1.o)
                0x0800ba64                xTaskRemoveFromEventList
 .text.vTaskSetTimeOutState
                0x0800bb1c       0x34 embedded-software\mcu-freertos\libfoxbms-os.a(tasks.c.1.o)
                0x0800bb1c                vTaskSetTimeOutState
 .text.xTaskCheckForTimeOut
                0x0800bb50       0xa0 embedded-software\mcu-freertos\libfoxbms-os.a(tasks.c.1.o)
                0x0800bb50                xTaskCheckForTimeOut
 .text.vTaskMissedYield
                0x0800bbf0       0x18 embedded-software\mcu-freertos\libfoxbms-os.a(tasks.c.1.o)
                0x0800bbf0                vTaskMissedYield
 .text.prvIdleTask
                0x0800bc08       0x34 embedded-software\mcu-freertos\libfoxbms-os.a(tasks.c.1.o)
 .text.prvInitialiseTaskLists
                0x0800bc3c       0x7c embedded-software\mcu-freertos\libfoxbms-os.a(tasks.c.1.o)
 .text.prvCheckTasksWaitingTermination
                0x0800bcb8       0x74 embedded-software\mcu-freertos\libfoxbms-os.a(tasks.c.1.o)
 .text.prvDeleteTCB
                0x0800bd2c       0x20 embedded-software\mcu-freertos\libfoxbms-os.a(tasks.c.1.o)
 .text.prvResetNextTaskUnblockTime
                0x0800bd4c       0x48 embedded-software\mcu-freertos\libfoxbms-os.a(tasks.c.1.o)
 .text.xTaskGetSchedulerState
                0x0800bd94       0x3c embedded-software\mcu-freertos\libfoxbms-os.a(tasks.c.1.o)
                0x0800bd94                xTaskGetSchedulerState
 .text.vTaskPriorityInherit
                0x0800bdd0       0xf0 embedded-software\mcu-freertos\libfoxbms-os.a(tasks.c.1.o)
                0x0800bdd0                vTaskPriorityInherit
 .text.xTaskPriorityDisinherit
                0x0800bec0       0xf0 embedded-software\mcu-freertos\libfoxbms-os.a(tasks.c.1.o)
                0x0800bec0                xTaskPriorityDisinherit
 .text.pvTaskIncrementMutexHeldCount
                0x0800bfb0       0x28 embedded-software\mcu-freertos\libfoxbms-os.a(tasks.c.1.o)
                0x0800bfb0                pvTaskIncrementMutexHeldCount
 .text.prvAddCurrentTaskToDelayedList
                0x0800bfd8       0xc8 embedded-software\mcu-freertos\libfoxbms-os.a(tasks.c.1.o)
 .text.xTimerCreateTimerTask
                0x0800c0a0       0x54 embedded-software\mcu-freertos\libfoxbms-os.a(timers.c.1.o)
                0x0800c0a0                xTimerCreateTimerTask
 .text.xTimerGenericCommand
                0x0800c0f4       0x98 embedded-software\mcu-freertos\libfoxbms-os.a(timers.c.1.o)
                0x0800c0f4                xTimerGenericCommand
 .text.prvProcessExpiredTimer
                0x0800c18c       0x70 embedded-software\mcu-freertos\libfoxbms-os.a(timers.c.1.o)
 .text.prvTimerTask
                0x0800c1fc       0x24 embedded-software\mcu-freertos\libfoxbms-os.a(timers.c.1.o)
 .text.prvProcessTimerOrBlockTask
                0x0800c220       0x9c embedded-software\mcu-freertos\libfoxbms-os.a(timers.c.1.o)
 .text.prvGetNextExpireTime
                0x0800c2bc       0x48 embedded-software\mcu-freertos\libfoxbms-os.a(timers.c.1.o)
 .text.prvSampleTimeNow
                0x0800c304       0x40 embedded-software\mcu-freertos\libfoxbms-os.a(timers.c.1.o)
 .text.prvInsertTimerInActiveList
                0x0800c344       0x84 embedded-software\mcu-freertos\libfoxbms-os.a(timers.c.1.o)
 .text.prvProcessReceivedCommands
                0x0800c3c8      0x10c embedded-software\mcu-freertos\libfoxbms-os.a(timers.c.1.o)
 .text.prvSwitchTimerLists
                0x0800c4d4       0xb0 embedded-software\mcu-freertos\libfoxbms-os.a(timers.c.1.o)
 .text.prvCheckForValidListAndQueue
                0x0800c584       0x6c embedded-software\mcu-freertos\libfoxbms-os.a(timers.c.1.o)
 .text.OS_TaskInit
                0x0800c5f0       0x50 embedded-software\mcu-freertos\libfoxbms-os.a(os.c.1.o)
                0x0800c5f0                OS_TaskInit
 .text.vApplicationIdleHook
                0x0800c640        0xc embedded-software\mcu-freertos\libfoxbms-os.a(os.c.1.o)
                0x0800c640                vApplicationIdleHook
 .text.OS_TSK_Engine
                0x0800c64c       0x1c embedded-software\mcu-freertos\libfoxbms-os.a(os.c.1.o)
                0x0800c64c                OS_TSK_Engine
 .text.OS_TSK_Cyclic_1ms
                0x0800c668       0x64 embedded-software\mcu-freertos\libfoxbms-os.a(os.c.1.o)
                0x0800c668                OS_TSK_Cyclic_1ms
 .text.OS_TSK_Cyclic_10ms
                0x0800c6cc       0x48 embedded-software\mcu-freertos\libfoxbms-os.a(os.c.1.o)
                0x0800c6cc                OS_TSK_Cyclic_10ms
 .text.OS_TSK_Cyclic_100ms
                0x0800c714       0x48 embedded-software\mcu-freertos\libfoxbms-os.a(os.c.1.o)
                0x0800c714                OS_TSK_Cyclic_100ms
 .text.OS_TSK_EventHandler
                0x0800c75c       0x48 embedded-software\mcu-freertos\libfoxbms-os.a(os.c.1.o)
                0x0800c75c                OS_TSK_EventHandler
 .text.OS_TSK_Diagnosis
                0x0800c7a4       0x48 embedded-software\mcu-freertos\libfoxbms-os.a(os.c.1.o)
                0x0800c7a4                OS_TSK_Diagnosis
 .text.OS_PostOSInit
                0x0800c7ec       0x64 embedded-software\mcu-freertos\libfoxbms-os.a(os.c.1.o)
                0x0800c7ec                OS_PostOSInit
 .text.OS_IdleTask
                0x0800c850        0xc embedded-software\mcu-freertos\libfoxbms-os.a(os.c.1.o)
                0x0800c850                OS_IdleTask
 .text.OS_TimerTrigger
                0x0800c85c       0xbc embedded-software\mcu-freertos\libfoxbms-os.a(os.c.1.o)
 .text.OS_TaskEnter_Critical
                0x0800c918       0x38 embedded-software\mcu-freertos\libfoxbms-os.a(os.c.1.o)
                0x0800c918                OS_TaskEnter_Critical
 .text.OS_TaskExit_Critical
                0x0800c950       0x2c embedded-software\mcu-freertos\libfoxbms-os.a(os.c.1.o)
                0x0800c950                OS_TaskExit_Critical
 .text.vListInitialise
                0x0800c97c       0x40 embedded-software\mcu-freertos\libfoxbms-os.a(list.c.1.o)
                0x0800c97c                vListInitialise
 .text.vListInitialiseItem
                0x0800c9bc       0x18 embedded-software\mcu-freertos\libfoxbms-os.a(list.c.1.o)
                0x0800c9bc                vListInitialiseItem
 .text.vListInsertEnd
                0x0800c9d4       0x48 embedded-software\mcu-freertos\libfoxbms-os.a(list.c.1.o)
                0x0800c9d4                vListInsertEnd
 .text.vListInsert
                0x0800ca1c       0x70 embedded-software\mcu-freertos\libfoxbms-os.a(list.c.1.o)
                0x0800ca1c                vListInsert
 .text.uxListRemove
                0x0800ca8c       0x54 embedded-software\mcu-freertos\libfoxbms-os.a(list.c.1.o)
                0x0800ca8c                uxListRemove
 *src/engine*(.text*)
 *engine*.a:(.text*)
 .text.DATA_StoreDataBlock
                0x0800cae0       0x54 embedded-software\mcu-common\src\engine\libfoxbms-common-engine.a(database.c.1.o)
                0x0800cae0                DATA_StoreDataBlock
 .text.DATA_Task
                0x0800cb34      0x1f0 embedded-software\mcu-common\src\engine\libfoxbms-common-engine.a(database.c.1.o)
                0x0800cb34                DATA_Task
 .text.DATA_GetTable
                0x0800cd24       0x58 embedded-software\mcu-common\src\engine\libfoxbms-common-engine.a(database.c.1.o)
                0x0800cd24                DATA_GetTable
 .text.DATA_Init
                0x0800cd7c       0xd4 embedded-software\mcu-common\src\engine\libfoxbms-common-engine.a(database.c.1.o)
 .text.dummyfu  0x0800ce50       0x1c embedded-software\mcu-primary\src\engine\libfoxbms-engine.a(diag_cfg.c.1.o)
                0x0800ce50                dummyfu
 .text.DIAG_error_overvoltage
                0x0800ce6c       0x44 embedded-software\mcu-primary\src\engine\libfoxbms-engine.a(diag_cfg.c.1.o)
                0x0800ce6c                DIAG_error_overvoltage
 .text.DIAG_error_undervoltage
                0x0800ceb0       0x44 embedded-software\mcu-primary\src\engine\libfoxbms-engine.a(diag_cfg.c.1.o)
                0x0800ceb0                DIAG_error_undervoltage
 .text.DIAG_error_overtemperaturecharge
                0x0800cef4       0x44 embedded-software\mcu-primary\src\engine\libfoxbms-engine.a(diag_cfg.c.1.o)
                0x0800cef4                DIAG_error_overtemperaturecharge
 .text.DIAG_error_overtemperaturedischarge
                0x0800cf38       0x44 embedded-software\mcu-primary\src\engine\libfoxbms-engine.a(diag_cfg.c.1.o)
                0x0800cf38                DIAG_error_overtemperaturedischarge
 .text.DIAG_error_undertemperaturecharge
                0x0800cf7c       0x44 embedded-software\mcu-primary\src\engine\libfoxbms-engine.a(diag_cfg.c.1.o)
                0x0800cf7c                DIAG_error_undertemperaturecharge
 .text.DIAG_error_undertemperaturedischarge
                0x0800cfc0       0x44 embedded-software\mcu-primary\src\engine\libfoxbms-engine.a(diag_cfg.c.1.o)
                0x0800cfc0                DIAG_error_undertemperaturedischarge
 .text.DIAG_error_overcurrentcharge
                0x0800d004       0x44 embedded-software\mcu-primary\src\engine\libfoxbms-engine.a(diag_cfg.c.1.o)
                0x0800d004                DIAG_error_overcurrentcharge
 .text.DIAG_error_overcurrentdischarge
                0x0800d048       0x44 embedded-software\mcu-primary\src\engine\libfoxbms-engine.a(diag_cfg.c.1.o)
                0x0800d048                DIAG_error_overcurrentdischarge
 .text.DIAG_error_cantiming
                0x0800d08c       0x44 embedded-software\mcu-primary\src\engine\libfoxbms-engine.a(diag_cfg.c.1.o)
                0x0800d08c                DIAG_error_cantiming
 .text.DIAG_error_cantiming_cc
                0x0800d0d0       0x44 embedded-software\mcu-primary\src\engine\libfoxbms-engine.a(diag_cfg.c.1.o)
                0x0800d0d0                DIAG_error_cantiming_cc
 .text.DIAG_error_cancurrentsensor
                0x0800d114       0x44 embedded-software\mcu-primary\src\engine\libfoxbms-engine.a(diag_cfg.c.1.o)
                0x0800d114                DIAG_error_cancurrentsensor
 .text.DIAG_error_ltcpec
                0x0800d158       0x44 embedded-software\mcu-primary\src\engine\libfoxbms-engine.a(diag_cfg.c.1.o)
                0x0800d158                DIAG_error_ltcpec
 .text.DIAG_error_contactormainplus
                0x0800d19c       0x44 embedded-software\mcu-primary\src\engine\libfoxbms-engine.a(diag_cfg.c.1.o)
                0x0800d19c                DIAG_error_contactormainplus
 .text.DIAG_error_contactormainminus
                0x0800d1e0       0x44 embedded-software\mcu-primary\src\engine\libfoxbms-engine.a(diag_cfg.c.1.o)
                0x0800d1e0                DIAG_error_contactormainminus
 .text.DIAG_error_contactorprecharge
                0x0800d224       0x44 embedded-software\mcu-primary\src\engine\libfoxbms-engine.a(diag_cfg.c.1.o)
                0x0800d224                DIAG_error_contactorprecharge
 .text.DIAG_error_contactorchargemainplus
                0x0800d268       0x44 embedded-software\mcu-primary\src\engine\libfoxbms-engine.a(diag_cfg.c.1.o)
                0x0800d268                DIAG_error_contactorchargemainplus
 .text.DIAG_error_contactorchargemainminus
                0x0800d2ac       0x44 embedded-software\mcu-primary\src\engine\libfoxbms-engine.a(diag_cfg.c.1.o)
                0x0800d2ac                DIAG_error_contactorchargemainminus
 .text.DIAG_error_contactorchargeprecharge
                0x0800d2f0       0x44 embedded-software\mcu-primary\src\engine\libfoxbms-engine.a(diag_cfg.c.1.o)
                0x0800d2f0                DIAG_error_contactorchargeprecharge
 .text.DIAG_error_interlock
                0x0800d334       0x44 embedded-software\mcu-primary\src\engine\libfoxbms-engine.a(diag_cfg.c.1.o)
                0x0800d334                DIAG_error_interlock
 .text.dummyfu2
                0x0800d378       0x14 embedded-software\mcu-primary\src\engine\libfoxbms-engine.a(diag_cfg.c.1.o)
                0x0800d378                dummyfu2
 .text.ENG_CreateQueues
                0x0800d38c       0x1c embedded-software\mcu-primary\src\engine\libfoxbms-engine.a(enginetask_cfg.c.1.o)
                0x0800d38c                ENG_CreateQueues
 .text.ENG_CreateMutex
                0x0800d3a8        0xc embedded-software\mcu-primary\src\engine\libfoxbms-engine.a(enginetask_cfg.c.1.o)
                0x0800d3a8                ENG_CreateMutex
 .text.ENG_CreateEvent
                0x0800d3b4        0xc embedded-software\mcu-primary\src\engine\libfoxbms-engine.a(enginetask_cfg.c.1.o)
                0x0800d3b4                ENG_CreateEvent
 .text.ENG_CreateTask
                0x0800d3c0      0x16c embedded-software\mcu-primary\src\engine\libfoxbms-engine.a(enginetask_cfg.c.1.o)
                0x0800d3c0                ENG_CreateTask
 .text.DIAG_Reset
                0x0800d52c       0xc0 embedded-software\mcu-primary\src\engine\libfoxbms-engine.a(diag.c.1.o)
 .text.DIAG_Init
                0x0800d5ec      0x220 embedded-software\mcu-primary\src\engine\libfoxbms-engine.a(diag.c.1.o)
                0x0800d5ec                DIAG_Init
 .text.DIAG_PrintErrors
                0x0800d80c      0x27c embedded-software\mcu-primary\src\engine\libfoxbms-engine.a(diag.c.1.o)
                0x0800d80c                DIAG_PrintErrors
 .text.DIAG_PrintContactorInfo
                0x0800da88      0x2ec embedded-software\mcu-primary\src\engine\libfoxbms-engine.a(diag.c.1.o)
                0x0800da88                DIAG_PrintContactorInfo
 .text.DIAG_EntryWrite
                0x0800dd74      0x2c0 embedded-software\mcu-primary\src\engine\libfoxbms-engine.a(diag.c.1.o)
 .text.DIAG_Handler
                0x0800e034       0xa4 embedded-software\mcu-primary\src\engine\libfoxbms-engine.a(diag.c.1.o)
                0x0800e034                DIAG_Handler
 .text.DIAG_GeneralHandler
                0x0800e0d8      0x29c embedded-software\mcu-primary\src\engine\libfoxbms-engine.a(diag.c.1.o)
 .text.DIAG_ContHandler
                0x0800e374      0x1e4 embedded-software\mcu-primary\src\engine\libfoxbms-engine.a(diag.c.1.o)
 .text.DIAG_SysMon
                0x0800e558      0x134 embedded-software\mcu-primary\src\engine\libfoxbms-engine.a(diag.c.1.o)
                0x0800e558                DIAG_SysMon
 .text.DIAG_SysMonNotify
                0x0800e68c       0x40 embedded-software\mcu-primary\src\engine\libfoxbms-engine.a(diag.c.1.o)
                0x0800e68c                DIAG_SysMonNotify
 .text.DIAG_configASSERT
                0x0800e6cc       0x40 embedded-software\mcu-primary\src\engine\libfoxbms-engine.a(diag.c.1.o)
                0x0800e6cc                DIAG_configASSERT
 .text.ENG_Init
                0x0800e70c       0x90 embedded-software\mcu-primary\src\engine\libfoxbms-engine.a(enginetask.c.1.o)
                0x0800e70c                ENG_Init
 .text.ENG_TSK_Cyclic_1ms
                0x0800e79c       0x20 embedded-software\mcu-primary\src\engine\libfoxbms-engine.a(enginetask.c.1.o)
                0x0800e79c                ENG_TSK_Cyclic_1ms
 .text.ENG_TSK_Cyclic_10ms
                0x0800e7bc       0x18 embedded-software\mcu-primary\src\engine\libfoxbms-engine.a(enginetask.c.1.o)
                0x0800e7bc                ENG_TSK_Cyclic_10ms
 .text.ENG_TSK_Cyclic_100ms
                0x0800e7d4       0x38 embedded-software\mcu-primary\src\engine\libfoxbms-engine.a(enginetask.c.1.o)
                0x0800e7d4                ENG_TSK_Cyclic_100ms
 .text.ENG_TSK_EventHandler
                0x0800e80c        0xc embedded-software\mcu-primary\src\engine\libfoxbms-engine.a(enginetask.c.1.o)
                0x0800e80c                ENG_TSK_EventHandler
 .text.ENG_TSK_Diagnosis
                0x0800e818        0xc embedded-software\mcu-primary\src\engine\libfoxbms-engine.a(enginetask.c.1.o)
                0x0800e818                ENG_TSK_Diagnosis
 .text.SYS_CheckReEntrance
                0x0800e824       0x3c embedded-software\mcu-primary\src\engine\libfoxbms-engine.a(sys.c.1.o)
 .text.SYS_TransferStateRequest
                0x0800e860       0x2c embedded-software\mcu-primary\src\engine\libfoxbms-engine.a(sys.c.1.o)
 .text.SYS_SetStateRequest
                0x0800e88c       0x3c embedded-software\mcu-primary\src\engine\libfoxbms-engine.a(sys.c.1.o)
                0x0800e88c                SYS_SetStateRequest
 .text.SYS_CheckStateRequest
                0x0800e8c8       0x48 embedded-software\mcu-primary\src\engine\libfoxbms-engine.a(sys.c.1.o)
 .text.SYS_Trigger
                0x0800e910      0x538 embedded-software\mcu-primary\src\engine\libfoxbms-engine.a(sys.c.1.o)
                0x0800e910                SYS_Trigger
 *src/general*(.text*)
 *src\\general*(.text*)
 .text.HAL_MspInit
                0x0800ee48        0xc embedded-software\mcu-primary\src\general\config\STM32F4xx\stm32f4xx_hal_msp.c.1.o
                0x0800ee48                HAL_MspInit
 .text.HAL_CAN_MspInit
                0x0800ee54       0xb4 embedded-software\mcu-primary\src\general\config\STM32F4xx\stm32f4xx_hal_msp.c.1.o
                0x0800ee54                HAL_CAN_MspInit
 .text.HAL_CAN_MspDeInit
                0x0800ef08       0x94 embedded-software\mcu-primary\src\general\config\STM32F4xx\stm32f4xx_hal_msp.c.1.o
                0x0800ef08                HAL_CAN_MspDeInit
 .text.HAL_SPI_MspInit
                0x0800ef9c       0x40 embedded-software\mcu-primary\src\general\config\STM32F4xx\stm32f4xx_hal_msp.c.1.o
                0x0800ef9c                HAL_SPI_MspInit
 .text.HAL_UART_MspInit
                0x0800efdc       0x6c embedded-software\mcu-primary\src\general\config\STM32F4xx\stm32f4xx_hal_msp.c.1.o
                0x0800efdc                HAL_UART_MspInit
 .text.assert_failed
                0x0800f048        0xc embedded-software\mcu-primary\src\general\config\STM32F4xx\stm32f4xx_hal_msp.c.1.o
                0x0800f048                assert_failed
 .text.NMI_Handler
                0x0800f054        0xc embedded-software\mcu-primary\src\general\config\STM32F4xx\stm32f4xx_it.c.1.o
                0x0800f054                NMI_Handler
 .text.HardFault_Handler
                0x0800f060      0x13c embedded-software\mcu-primary\src\general\config\STM32F4xx\stm32f4xx_it.c.1.o
                0x0800f060                HardFault_Handler
 .text.MemManage_Handler
                0x0800f19c        0x8 embedded-software\mcu-primary\src\general\config\STM32F4xx\stm32f4xx_it.c.1.o
                0x0800f19c                MemManage_Handler
 .text.BusFault_Handler
                0x0800f1a4        0x8 embedded-software\mcu-primary\src\general\config\STM32F4xx\stm32f4xx_it.c.1.o
                0x0800f1a4                BusFault_Handler
 .text.UsageFault_Handler
                0x0800f1ac        0x8 embedded-software\mcu-primary\src\general\config\STM32F4xx\stm32f4xx_it.c.1.o
                0x0800f1ac                UsageFault_Handler
 .text.DebugMon_Handler
                0x0800f1b4        0xc embedded-software\mcu-primary\src\general\config\STM32F4xx\stm32f4xx_it.c.1.o
                0x0800f1b4                DebugMon_Handler
 .text.SysTick_Handler
                0x0800f1c0       0x10 embedded-software\mcu-primary\src\general\config\STM32F4xx\stm32f4xx_it.c.1.o
                0x0800f1c0                SysTick_Handler
 .text.CAN1_TX_IRQHandler
                0x0800f1d0       0x10 embedded-software\mcu-primary\src\general\config\STM32F4xx\stm32f4xx_it.c.1.o
                0x0800f1d0                CAN1_TX_IRQHandler
 .text.CAN1_RX0_IRQHandler
                0x0800f1e0       0x14 embedded-software\mcu-primary\src\general\config\STM32F4xx\stm32f4xx_it.c.1.o
                0x0800f1e0                CAN1_RX0_IRQHandler
 .text.CAN1_RX1_IRQHandler
                0x0800f1f4       0x14 embedded-software\mcu-primary\src\general\config\STM32F4xx\stm32f4xx_it.c.1.o
                0x0800f1f4                CAN1_RX1_IRQHandler
 .text.CAN1_SCE_IRQHandler
                0x0800f208       0x14 embedded-software\mcu-primary\src\general\config\STM32F4xx\stm32f4xx_it.c.1.o
                0x0800f208                CAN1_SCE_IRQHandler
 .text.CAN0_TX_IRQHandler
                0x0800f21c       0x10 embedded-software\mcu-primary\src\general\config\STM32F4xx\stm32f4xx_it.c.1.o
                0x0800f21c                CAN0_TX_IRQHandler
 .text.CAN0_RX0_IRQHandler
                0x0800f22c       0x14 embedded-software\mcu-primary\src\general\config\STM32F4xx\stm32f4xx_it.c.1.o
                0x0800f22c                CAN0_RX0_IRQHandler
 .text.CAN0_RX1_IRQHandler
                0x0800f240       0x14 embedded-software\mcu-primary\src\general\config\STM32F4xx\stm32f4xx_it.c.1.o
                0x0800f240                CAN0_RX1_IRQHandler
 .text.CAN0_SCE_IRQHandler
                0x0800f254       0x14 embedded-software\mcu-primary\src\general\config\STM32F4xx\stm32f4xx_it.c.1.o
                0x0800f254                CAN0_SCE_IRQHandler
 .text.SPI6_IRQHandler
                0x0800f268       0x18 embedded-software\mcu-primary\src\general\config\STM32F4xx\stm32f4xx_it.c.1.o
                0x0800f268                SPI6_IRQHandler
 .text.SPI2_IRQHandler
                0x0800f280       0x18 embedded-software\mcu-primary\src\general\config\STM32F4xx\stm32f4xx_it.c.1.o
                0x0800f280                SPI2_IRQHandler
 .text.DMA2_Stream0_IRQHandler
                0x0800f298       0x18 embedded-software\mcu-primary\src\general\config\STM32F4xx\stm32f4xx_it.c.1.o
                0x0800f298                DMA2_Stream0_IRQHandler
 .text.DMA2_Stream1_IRQHandler
                0x0800f2b0       0x18 embedded-software\mcu-primary\src\general\config\STM32F4xx\stm32f4xx_it.c.1.o
                0x0800f2b0                DMA2_Stream1_IRQHandler
 .text.DMA2_Stream2_IRQHandler
                0x0800f2c8       0x18 embedded-software\mcu-primary\src\general\config\STM32F4xx\stm32f4xx_it.c.1.o
                0x0800f2c8                DMA2_Stream2_IRQHandler
 .text.DMA2_Stream3_IRQHandler
                0x0800f2e0       0x18 embedded-software\mcu-primary\src\general\config\STM32F4xx\stm32f4xx_it.c.1.o
                0x0800f2e0                DMA2_Stream3_IRQHandler
 .text.USART3_IRQHandler
                0x0800f2f8       0x10 embedded-software\mcu-primary\src\general\config\STM32F4xx\stm32f4xx_it.c.1.o
                0x0800f2f8                USART3_IRQHandler
 .text.USART2_IRQHandler
                0x0800f308        0xc embedded-software\mcu-primary\src\general\config\STM32F4xx\stm32f4xx_it.c.1.o
                0x0800f308                USART2_IRQHandler
 .text.ADC_IRQHandler
                0x0800f314       0x18 embedded-software\mcu-primary\src\general\config\STM32F4xx\stm32f4xx_it.c.1.o
                0x0800f314                ADC_IRQHandler
 .text.TIM3_IRQHandler
                0x0800f32c        0xc embedded-software\mcu-primary\src\general\config\STM32F4xx\stm32f4xx_it.c.1.o
                0x0800f32c                TIM3_IRQHandler
 .text.EXTI15_10_IRQHandler
                0x0800f338       0xa4 embedded-software\mcu-primary\src\general\config\STM32F4xx\stm32f4xx_it.c.1.o
                0x0800f338                EXTI15_10_IRQHandler
 .text.SystemInit
                0x0800f3dc       0x74 embedded-software\mcu-primary\src\general\config\STM32F4xx\system_stm32f4xx.c.1.o
                0x0800f3dc                SystemInit
 .text.SystemInit_ExtMemCtl
                0x0800f450      0x238 embedded-software\mcu-primary\src\general\config\STM32F4xx\system_stm32f4xx.c.1.o
 .text.main     0x0800f688       0xc8 embedded-software\mcu-primary\src\general\main.c.1.o
                0x0800f688                main
 .text.SystemClock_Config
                0x0800f750        0xc embedded-software\mcu-primary\src\general\main.c.1.o
                0x0800f750                SystemClock_Config
 .text.BOOT_Init
                0x0800f75c       0x54 embedded-software\mcu-primary\src\general\main.c.1.o
                0x0800f75c                BOOT_Init
 .text.NVIC_PreOsInit
                0x0800f7b0        0xc embedded-software\mcu-primary\src\general\nvic.c.1.o
                0x0800f7b0                NVIC_PreOsInit
 .text.NVIC_PostOsInit
                0x0800f7bc      0x144 embedded-software\mcu-primary\src\general\nvic.c.1.o
                0x0800f7bc                NVIC_PostOsInit
 .text.NVIC_InitEXTI
                0x0800f900       0x68 embedded-software\mcu-primary\src\general\nvic.c.1.o
 .text.BS_CheckCurrent_Direction
                0x0800f968       0x94 embedded-software\mcu-primary\src\general\config\batterysystem_cfg.c.1.o
                0x0800f968                BS_CheckCurrent_Direction
 .text.BS_CheckCurrentValue_Direction
                0x0800f9fc       0x34 embedded-software\mcu-primary\src\general\config\batterysystem_cfg.c.1.o
                0x0800f9fc                BS_CheckCurrentValue_Direction
 .text.Reset_Handler
                0x0800fa30       0x50 embedded-software\mcu-primary\src\general\config\STM32F4xx\startup_stm32f429xx.o
                0x0800fa30                Reset_Handler
 .text.Default_Handler
                0x0800fa80        0x2 embedded-software\mcu-primary\src\general\config\STM32F4xx\startup_stm32f429xx.o
                0x0800fa80                RTC_Alarm_IRQHandler
                0x0800fa80                HASH_RNG_IRQHandler
                0x0800fa80                EXTI2_IRQHandler
                0x0800fa80                TIM8_CC_IRQHandler
                0x0800fa80                UART8_IRQHandler
                0x0800fa80                SPI4_IRQHandler
                0x0800fa80                TIM1_CC_IRQHandler
                0x0800fa80                DMA2_Stream5_IRQHandler
                0x0800fa80                DMA1_Stream5_IRQHandler
                0x0800fa80                PVD_IRQHandler
                0x0800fa80                SDIO_IRQHandler
                0x0800fa80                TAMP_STAMP_IRQHandler
                0x0800fa80                EXTI3_IRQHandler
                0x0800fa80                TIM8_TRG_COM_TIM14_IRQHandler
                0x0800fa80                TIM1_UP_TIM10_IRQHandler
                0x0800fa80                TIM8_UP_TIM13_IRQHandler
                0x0800fa80                I2C3_ER_IRQHandler
                0x0800fa80                EXTI0_IRQHandler
                0x0800fa80                I2C2_EV_IRQHandler
                0x0800fa80                DMA1_Stream2_IRQHandler
                0x0800fa80                FPU_IRQHandler
                0x0800fa80                OTG_HS_WKUP_IRQHandler
                0x0800fa80                LTDC_ER_IRQHandler
                0x0800fa80                SPI1_IRQHandler
                0x0800fa80                TIM6_DAC_IRQHandler
                0x0800fa80                TIM1_BRK_TIM9_IRQHandler
                0x0800fa80                DCMI_IRQHandler
                0x0800fa80                USART6_IRQHandler
                0x0800fa80                UART5_IRQHandler
                0x0800fa80                TIM4_IRQHandler
                0x0800fa80                I2C1_EV_IRQHandler
                0x0800fa80                DMA1_Stream6_IRQHandler
                0x0800fa80                DMA1_Stream1_IRQHandler
                0x0800fa80                UART4_IRQHandler
                0x0800fa80                RCC_IRQHandler
                0x0800fa80                TIM8_BRK_TIM12_IRQHandler
                0x0800fa80                Default_Handler
                0x0800fa80                DMA1_Stream7_IRQHandler
                0x0800fa80                SPI5_IRQHandler
                0x0800fa80                TIM7_IRQHandler
                0x0800fa80                TIM5_IRQHandler
                0x0800fa80                DMA2_Stream7_IRQHandler
                0x0800fa80                I2C3_EV_IRQHandler
                0x0800fa80                EXTI9_5_IRQHandler
                0x0800fa80                RTC_WKUP_IRQHandler
                0x0800fa80                LTDC_IRQHandler
                0x0800fa80                ETH_WKUP_IRQHandler
                0x0800fa80                OTG_HS_EP1_IN_IRQHandler
                0x0800fa80                DMA1_Stream0_IRQHandler
                0x0800fa80                EXTI4_IRQHandler
                0x0800fa80                ETH_IRQHandler
                0x0800fa80                OTG_HS_EP1_OUT_IRQHandler
                0x0800fa80                WWDG_IRQHandler
                0x0800fa80                TIM2_IRQHandler
                0x0800fa80                OTG_FS_WKUP_IRQHandler
                0x0800fa80                TIM1_TRG_COM_TIM11_IRQHandler
                0x0800fa80                OTG_HS_IRQHandler
                0x0800fa80                DMA2D_IRQHandler
                0x0800fa80                EXTI1_IRQHandler
                0x0800fa80                UART7_IRQHandler
                0x0800fa80                I2C2_ER_IRQHandler
                0x0800fa80                FLASH_IRQHandler
                0x0800fa80                DMA2_Stream4_IRQHandler
                0x0800fa80                USART1_IRQHandler
                0x0800fa80                OTG_FS_IRQHandler
                0x0800fa80                SPI3_IRQHandler
                0x0800fa80                DMA1_Stream4_IRQHandler
                0x0800fa80                I2C1_ER_IRQHandler
                0x0800fa80                FMC_IRQHandler
                0x0800fa80                DMA2_Stream6_IRQHandler
                0x0800fa80                SAI1_IRQHandler
                0x0800fa80                DMA1_Stream3_IRQHandler
 *src/module*(.text*)
 *module.a:(.text*)
 *fill*         0x0800fa82        0x2 ff
 .text.ADC_Ctrl
                0x0800fa84       0x98 embedded-software\mcu-primary\src\module\libfoxbms-module.a(adc_ex.c.1.o)
                0x0800fa84                ADC_Ctrl
 *fill*         0x0800fb1c        0x4 ff
 .text.HAL_ADC_ConvCpltCallback
                0x0800fb20      0x1ac embedded-software\mcu-primary\src\module\libfoxbms-module.a(adc_ex.c.1.o)
                0x0800fb20                HAL_ADC_ConvCpltCallback
 .text.NVM_Set_soc
                0x0800fccc       0x4c embedded-software\mcu-primary\src\module\libfoxbms-module.a(bkpsram_cfg.c.1.o)
                0x0800fccc                NVM_Set_soc
 .text.NVM_Get_soc
                0x0800fd18       0x48 embedded-software\mcu-primary\src\module\libfoxbms-module.a(bkpsram_cfg.c.1.o)
                0x0800fd18                NVM_Get_soc
 .text.NVM_Set_contactorcnt
                0x0800fd60       0x68 embedded-software\mcu-primary\src\module\libfoxbms-module.a(bkpsram_cfg.c.1.o)
                0x0800fd60                NVM_Set_contactorcnt
 .text.NVM_Get_contactorcnt
                0x0800fdc8       0x64 embedded-software\mcu-primary\src\module\libfoxbms-module.a(bkpsram_cfg.c.1.o)
                0x0800fdc8                NVM_Get_contactorcnt
 .text.NVM_OperatingHoursTrigger
                0x0800fe2c       0xb8 embedded-software\mcu-primary\src\module\libfoxbms-module.a(bkpsram_cfg.c.1.o)
                0x0800fe2c                NVM_OperatingHoursTrigger
 .text.NVM_SetOperatingHours
                0x0800fee4       0x44 embedded-software\mcu-primary\src\module\libfoxbms-module.a(bkpsram_cfg.c.1.o)
                0x0800fee4                NVM_SetOperatingHours
 .text.EEPR_delete_bkpsrambuffer
                0x0800ff28       0x40 embedded-software\mcu-primary\src\module\libfoxbms-module.a(eepr_cfg.c.1.o)
                0x0800ff28                EEPR_delete_bkpsrambuffer
 .text.EEPR_SetChDirtyFlag
                0x0800ff68       0x20 embedded-software\mcu-primary\src\module\libfoxbms-module.a(eepr_cfg.c.1.o)
                0x0800ff68                EEPR_SetChDirtyFlag
 .text.EEPR_RemoveChDirtyFlag
                0x0800ff88       0x20 embedded-software\mcu-primary\src\module\libfoxbms-module.a(eepr_cfg.c.1.o)
                0x0800ff88                EEPR_RemoveChDirtyFlag
 .text.SPI_ReceiveData
                0x0800ffa8       0x54 embedded-software\mcu-primary\src\module\libfoxbms-module.a(eepr_cfg.c.1.o)
                0x0800ffa8                SPI_ReceiveData
 .text.SPI_SendData
                0x0800fffc       0x5c embedded-software\mcu-primary\src\module\libfoxbms-module.a(eepr_cfg.c.1.o)
                0x0800fffc                SPI_SendData
 .text.EEPR_CalcChecksum
                0x08010058       0x3c embedded-software\mcu-primary\src\module\libfoxbms-module.a(eepr_cfg.c.1.o)
                0x08010058                EEPR_CalcChecksum
 .text.EEPR_SetDefaultValue
                0x08010094      0x184 embedded-software\mcu-primary\src\module\libfoxbms-module.a(eepr_cfg.c.1.o)
                0x08010094                EEPR_SetDefaultValue
 .text.EEPR_ReadChannelData
                0x08010218       0xa0 embedded-software\mcu-primary\src\module\libfoxbms-module.a(eepr_cfg.c.1.o)
                0x08010218                EEPR_ReadChannelData
 .text.EEPR_BackupChannelData2Eepr
                0x080102b8       0xa4 embedded-software\mcu-primary\src\module\libfoxbms-module.a(eepr_cfg.c.1.o)
                0x080102b8                EEPR_BackupChannelData2Eepr
 .text.EEPR_RefreshChannelData
                0x0801035c       0x9c embedded-software\mcu-primary\src\module\libfoxbms-module.a(eepr_cfg.c.1.o)
                0x0801035c                EEPR_RefreshChannelData
 .text.EEPR_FormatCheck
                0x080103f8       0x44 embedded-software\mcu-primary\src\module\libfoxbms-module.a(eepr_cfg.c.1.o)
                0x080103f8                EEPR_FormatCheck
 .text.EEPR_InitChannelData
                0x0801043c      0x1c8 embedded-software\mcu-primary\src\module\libfoxbms-module.a(eepr_cfg.c.1.o)
                0x0801043c                EEPR_InitChannelData
 .text.EEPR_Init
                0x08010604       0x80 embedded-software\mcu-primary\src\module\libfoxbms-module.a(eepr_cfg.c.1.o)
                0x08010604                EEPR_Init
 .text.EEPR_SetChannelData
                0x08010684       0x84 embedded-software\mcu-primary\src\module\libfoxbms-module.a(eepr_cfg.c.1.o)
                0x08010684                EEPR_SetChannelData
 .text.CONT_GetContactorSetValue
                0x08010708       0x30 embedded-software\mcu-primary\src\module\libfoxbms-module.a(contactor.c.1.o)
                0x08010708                CONT_GetContactorSetValue
 .text.CONT_GetContactorFeedback
                0x08010738       0xf0 embedded-software\mcu-primary\src\module\libfoxbms-module.a(contactor.c.1.o)
                0x08010738                CONT_GetContactorFeedback
 .text.CONT_SetContactorState
                0x08010828      0x100 embedded-software\mcu-primary\src\module\libfoxbms-module.a(contactor.c.1.o)
                0x08010828                CONT_SetContactorState
 .text.CONT_SwitchAllContactorsOff
                0x08010928       0x64 embedded-software\mcu-primary\src\module\libfoxbms-module.a(contactor.c.1.o)
                0x08010928                CONT_SwitchAllContactorsOff
 .text.CONT_CheckReEntrance
                0x0801098c       0x3c embedded-software\mcu-primary\src\module\libfoxbms-module.a(contactor.c.1.o)
 .text.CONT_GetState
                0x080109c8       0x18 embedded-software\mcu-primary\src\module\libfoxbms-module.a(contactor.c.1.o)
                0x080109c8                CONT_GetState
 .text.CONT_TransferStateRequest
                0x080109e0       0x2c embedded-software\mcu-primary\src\module\libfoxbms-module.a(contactor.c.1.o)
 .text.CONT_SetStateRequest
                0x08010a0c       0x3c embedded-software\mcu-primary\src\module\libfoxbms-module.a(contactor.c.1.o)
                0x08010a0c                CONT_SetStateRequest
 .text.CONT_CheckStateRequest
                0x08010a48       0x9c embedded-software\mcu-primary\src\module\libfoxbms-module.a(contactor.c.1.o)
 .text.CONT_Trigger
                0x08010ae4      0x5c8 embedded-software\mcu-primary\src\module\libfoxbms-module.a(contactor.c.1.o)
                0x08010ae4                CONT_Trigger
 .text.CONT_CheckFeedback
                0x080110ac      0x140 embedded-software\mcu-primary\src\module\libfoxbms-module.a(contactor.c.1.o)
 .text.CONT_CheckVoltages
                0x080111ec      0x10c embedded-software\mcu-primary\src\module\libfoxbms-module.a(contactor.c.1.o)
 .text.EEPR_StartInitialization
                0x080112f8       0x38 embedded-software\mcu-primary\src\module\libfoxbms-module.a(eepr.c.1.o)
                0x080112f8                EEPR_StartInitialization
 .text.EEPR_GetChReadTime
                0x08011330       0x7c embedded-software\mcu-primary\src\module\libfoxbms-module.a(eepr.c.1.o)
                0x08011330                EEPR_GetChReadTime
 .text.EEPR_GetChWriteTime
                0x080113ac       0x88 embedded-software\mcu-primary\src\module\libfoxbms-module.a(eepr.c.1.o)
                0x080113ac                EEPR_GetChWriteTime
 .text.EEPR_ReadMemory
                0x08011434       0x54 embedded-software\mcu-primary\src\module\libfoxbms-module.a(eepr.c.1.o)
                0x08011434                EEPR_ReadMemory
 .text.EEPR_WriteMemory
                0x08011488       0x98 embedded-software\mcu-primary\src\module\libfoxbms-module.a(eepr.c.1.o)
                0x08011488                EEPR_WriteMemory
 .text.EEPR_GetState
                0x08011520       0x18 embedded-software\mcu-primary\src\module\libfoxbms-module.a(eepr.c.1.o)
                0x08011520                EEPR_GetState
 .text.EEPR_CheckStateRequest
                0x08011538      0x124 embedded-software\mcu-primary\src\module\libfoxbms-module.a(eepr.c.1.o)
 .text.EEPR_SetStateRequest
                0x0801165c       0xa0 embedded-software\mcu-primary\src\module\libfoxbms-module.a(eepr.c.1.o)
                0x0801165c                EEPR_SetStateRequest
 .text.EEPR_TransferStateRequest
                0x080116fc      0x1ec embedded-software\mcu-primary\src\module\libfoxbms-module.a(eepr.c.1.o)
 .text.EEPR_ClearErrorEvent
                0x080118e8       0xa0 embedded-software\mcu-primary\src\module\libfoxbms-module.a(eepr.c.1.o)
                0x080118e8                EEPR_ClearErrorEvent
 .text.EEPR_StateFailed
                0x08011988       0x24 embedded-software\mcu-primary\src\module\libfoxbms-module.a(eepr.c.1.o)
 .text.EEPR_ReEnterStateInit
                0x080119ac       0x1c embedded-software\mcu-primary\src\module\libfoxbms-module.a(eepr.c.1.o)
 .text.EEPR_Trigger
                0x080119c8      0x778 embedded-software\mcu-primary\src\module\libfoxbms-module.a(eepr.c.1.o)
                0x080119c8                EEPR_Trigger
 .text.ISO_Init
                0x08012140       0x14 embedded-software\mcu-primary\src\module\libfoxbms-module.a(isoguard.c.1.o)
                0x08012140                ISO_Init
 .text.ISO_MeasureInsulation
                0x08012154       0x94 embedded-software\mcu-primary\src\module\libfoxbms-module.a(isoguard.c.1.o)
                0x08012154                ISO_MeasureInsulation
 .text.TIM_Init
                0x080121e8       0x10 embedded-software\mcu-primary\src\module\libfoxbms-module.a(timer.c.1.o)
                0x080121e8                TIM_Init
 .text.TIM_PWM_OUT_Init
                0x080121f8      0x1a4 embedded-software\mcu-primary\src\module\libfoxbms-module.a(timer.c.1.o)
                0x080121f8                TIM_PWM_OUT_Init
 *fill*         0x0801239c        0x4 ff
 .text.TIM_PWM_IC_Init
                0x080123a0      0x128 embedded-software\mcu-primary\src\module\libfoxbms-module.a(timer.c.1.o)
                0x080123a0                TIM_PWM_IC_Init
 .text.TIM_IRQHandler
                0x080124c8       0x1c embedded-software\mcu-primary\src\module\libfoxbms-module.a(timer.c.1.o)
                0x080124c8                TIM_IRQHandler
 .text.TIM_IsoGuard_Start_PWM_Measurement
                0x080124e4       0x1c embedded-software\mcu-primary\src\module\libfoxbms-module.a(timer.c.1.o)
                0x080124e4                TIM_IsoGuard_Start_PWM_Measurement
 .text.TIM_GetDutycycle
                0x08012500       0x78 embedded-software\mcu-primary\src\module\libfoxbms-module.a(timer.c.1.o)
                0x08012500                TIM_GetDutycycle
 .text.IR155_Init
                0x08012578       0x4c embedded-software\mcu-primary\src\module\libfoxbms-module.a(ir155.c.1.o)
                0x08012578                IR155_Init
 .text.IR155_GetMode
                0x080125c4       0xc8 embedded-software\mcu-primary\src\module\libfoxbms-module.a(ir155.c.1.o)
 *fill*         0x0801268c        0x4 ff
 .text.IR155_MeasureResistance
                0x08012690      0x5c4 embedded-software\mcu-primary\src\module\libfoxbms-module.a(ir155.c.1.o)
                0x08012690                IR155_MeasureResistance
 .text.ADC_Init
                0x08012c54       0xf4 embedded-software\mcu-common\src\module\libfoxbms-common-module.a(adc.c.1.o)
                0x08012c54                ADC_Init
 .text.ADC_Convert
                0x08012d48       0x14 embedded-software\mcu-common\src\module\libfoxbms-common-module.a(adc.c.1.o)
                0x08012d48                ADC_Convert
 .text.CAN_Init
                0x08012d5c       0xf0 embedded-software\mcu-common\src\module\libfoxbms-common-module.a(can.c.1.o)
                0x08012d5c                CAN_Init
 .text.CAN_InitFilter
                0x08012e4c      0x514 embedded-software\mcu-common\src\module\libfoxbms-common-module.a(can.c.1.o)
 .text.CAN_NumberOfNeededFilters
                0x08013360      0x300 embedded-software\mcu-common\src\module\libfoxbms-common-module.a(can.c.1.o)
 .text.CAN_GetNextID
                0x08013660      0x1ec embedded-software\mcu-common\src\module\libfoxbms-common-module.a(can.c.1.o)
 .text.CAN_TX_IRQHandler
                0x0801384c       0x60 embedded-software\mcu-common\src\module\libfoxbms-common-module.a(can.c.1.o)
                0x0801384c                CAN_TX_IRQHandler
 .text.CAN_RX_IRQHandler
                0x080138ac       0x68 embedded-software\mcu-common\src\module\libfoxbms-common-module.a(can.c.1.o)
                0x080138ac                CAN_RX_IRQHandler
 .text.CAN_Error_IRQHandler
                0x08013914      0x2b0 embedded-software\mcu-common\src\module\libfoxbms-common-module.a(can.c.1.o)
                0x08013914                CAN_Error_IRQHandler
 .text.CAN_Disable_Transmit_IT
                0x08013bc4       0x64 embedded-software\mcu-common\src\module\libfoxbms-common-module.a(can.c.1.o)
 .text.CAN_TxCpltCallback
                0x08013c28       0x7c embedded-software\mcu-common\src\module\libfoxbms-common-module.a(can.c.1.o)
 .text.CAN_ErrorCallback
                0x08013ca4       0x14 embedded-software\mcu-common\src\module\libfoxbms-common-module.a(can.c.1.o)
 .text.CAN_TxMsg
                0x08013cb8       0xec embedded-software\mcu-common\src\module\libfoxbms-common-module.a(can.c.1.o)
                0x08013cb8                CAN_TxMsg
 .text.CAN_Send
                0x08013da4      0x1dc embedded-software\mcu-common\src\module\libfoxbms-common-module.a(can.c.1.o)
                0x08013da4                CAN_Send
 .text.CAN_TxMsgBuffer
                0x08013f80       0xfc embedded-software\mcu-common\src\module\libfoxbms-common-module.a(can.c.1.o)
                0x08013f80                CAN_TxMsgBuffer
 .text.CAN_RxMsg
                0x0801407c      0x5e0 embedded-software\mcu-common\src\module\libfoxbms-common-module.a(can.c.1.o)
 .text.CAN_ReceiveBuffer
                0x0801465c       0xf8 embedded-software\mcu-common\src\module\libfoxbms-common-module.a(can.c.1.o)
                0x0801465c                CAN_ReceiveBuffer
 .text.CAN_BufferBypass
                0x08014754      0x54c embedded-software\mcu-common\src\module\libfoxbms-common-module.a(can.c.1.o)
 .text.CAN_InterpretReceivedMsg
                0x08014ca0       0x28 embedded-software\mcu-common\src\module\libfoxbms-common-module.a(can.c.1.o)
 .text.CANS_MainFunction
                0x08014cc8       0x28 embedded-software\mcu-common\src\module\libfoxbms-common-module.a(cansignal.c.1.o)
                0x08014cc8                CANS_MainFunction
 .text.CANS_PeriodicTransmit
                0x08014cf0      0x278 embedded-software\mcu-common\src\module\libfoxbms-common-module.a(cansignal.c.1.o)
 .text.CANS_PeriodicReceive
                0x08014f68       0xfc embedded-software\mcu-common\src\module\libfoxbms-common-module.a(cansignal.c.1.o)
 .text.CANS_GetBitmask
                0x08015064       0x68 embedded-software\mcu-common\src\module\libfoxbms-common-module.a(cansignal.c.1.o)
 .text.CANS_GetSignalData
                0x080150cc       0xf0 embedded-software\mcu-common\src\module\libfoxbms-common-module.a(cansignal.c.1.o)
 .text.CANS_SetSignalData
                0x080151bc       0xcc embedded-software\mcu-common\src\module\libfoxbms-common-module.a(cansignal.c.1.o)
 .text.CANS_ComposeMessage
                0x08015288       0xe8 embedded-software\mcu-common\src\module\libfoxbms-common-module.a(cansignal.c.1.o)
 .text.CANS_ParseMessage
                0x08015370      0x174 embedded-software\mcu-common\src\module\libfoxbms-common-module.a(cansignal.c.1.o)
 .text.CANS_CheckCanTiming
                0x080154e4      0x114 embedded-software\mcu-common\src\module\libfoxbms-common-module.a(cansignal.c.1.o)
 .text.CANS_Enable_Periodic
                0x080155f8       0x38 embedded-software\mcu-common\src\module\libfoxbms-common-module.a(cansignal.c.1.o)
                0x080155f8                CANS_Enable_Periodic
 .text.CANS_SetCurrentSensorPresent
                0x08015630       0x38 embedded-software\mcu-common\src\module\libfoxbms-common-module.a(cansignal.c.1.o)
 .text.CANS_SetCurrentSensorCCPresent
                0x08015668       0x38 embedded-software\mcu-common\src\module\libfoxbms-common-module.a(cansignal.c.1.o)
 .text.CANS_IsCurrentSensorPresent