Archive member included because of file (symbol)

embedded-software\mcu-freertos\libfoxbms-os.a(cmsis_os.c.1.o)
                              embedded-software\mcu-secondary\src\general\main.c.1.o (osKernelStart)
embedded-software\mcu-freertos\libfoxbms-os.a(port.c.1.o)
                              embedded-software\mcu-freertos\libfoxbms-os.a(cmsis_os.c.1.o) (vPortEnterCritical)
embedded-software\mcu-freertos\libfoxbms-os.a(heap_4.c.1.o)
                              embedded-software\mcu-freertos\libfoxbms-os.a(cmsis_os.c.1.o) (pvPortMalloc)
embedded-software\mcu-freertos\libfoxbms-os.a(queue.c.1.o)
                              embedded-software\mcu-freertos\libfoxbms-os.a(cmsis_os.c.1.o) (xQueueGenericCreate)
embedded-software\mcu-freertos\libfoxbms-os.a(tasks.c.1.o)
                              embedded-software\mcu-freertos\libfoxbms-os.a(port.c.1.o) (pxCurrentTCB)
embedded-software\mcu-freertos\libfoxbms-os.a(timers.c.1.o)
                              embedded-software\mcu-freertos\libfoxbms-os.a(tasks.c.1.o) (xTimerCreateTimerTask)
embedded-software\mcu-freertos\libfoxbms-os.a(os.c.1.o)
                              embedded-software\mcu-secondary\src\general\main.c.1.o (os_boot)
embedded-software\mcu-freertos\libfoxbms-os.a(list.c.1.o)
                              embedded-software\mcu-freertos\libfoxbms-os.a(queue.c.1.o) (vListInitialise)
embedded-software\mcu-secondary\src\application\libfoxbms-application.a(appltask.c.1.o)
                              embedded-software\mcu-freertos\libfoxbms-os.a(os.c.1.o) (APPL_CreateMutex)
embedded-software\mcu-secondary\src\application\libfoxbms-application.a(appltask_cfg.c.1.o)
                              embedded-software\mcu-secondary\src\application\libfoxbms-application.a(appltask.c.1.o) (appl_tskdef_1ms)
embedded-software\mcu-secondary\src\application\libfoxbms-application.a(bms.c.1.o)
                              embedded-software\mcu-secondary\src\application\libfoxbms-application.a(appltask_cfg.c.1.o) (BMS_Trigger)
embedded-software\mcu-common\src\engine\libfoxbms-common-engine.a(database.c.1.o)
                              embedded-software\mcu-freertos\libfoxbms-os.a(os.c.1.o) (DATA_Task)
embedded-software\mcu-secondary\src\engine\libfoxbms-engine.a(database_cfg.c.1.o)
                              embedded-software\mcu-common\src\engine\libfoxbms-common-engine.a(database.c.1.o) (data_base_dev)
embedded-software\mcu-secondary\src\engine\libfoxbms-engine.a(diag_cfg.c.1.o)
                              embedded-software\mcu-secondary\src\general\main.c.1.o (diag_dev)
embedded-software\mcu-secondary\src\engine\libfoxbms-engine.a(enginetask_cfg.c.1.o)
                              embedded-software\mcu-freertos\libfoxbms-os.a(os.c.1.o) (eng_tskdef_cyclic_1ms)
embedded-software\mcu-secondary\src\engine\libfoxbms-engine.a(diag.c.1.o)
                              embedded-software\mcu-secondary\src\general\config\stm32f4xx_it.c.1.o (diag_fc)
embedded-software\mcu-secondary\src\engine\libfoxbms-engine.a(enginetask.c.1.o)
                              embedded-software\mcu-freertos\libfoxbms-os.a(os.c.1.o) (ENG_Init)
embedded-software\mcu-secondary\src\engine\libfoxbms-engine.a(sys.c.1.o)
                              embedded-software\mcu-secondary\src\engine\libfoxbms-engine.a(enginetask.c.1.o) (SYS_SetStateRequest)
embedded-software\mcu-secondary\src\module\libfoxbms-module.a(adc_ex.c.1.o)
                              embedded-software\mcu-secondary\src\engine\libfoxbms-engine.a(enginetask.c.1.o) (ADC_Ctrl)
embedded-software\mcu-secondary\src\module\libfoxbms-module.a(adc_cfg.c.1.o)
                              embedded-software\mcu-secondary\src\general\config\stm32f4xx_it.c.1.o (adc_devices)
embedded-software\mcu-secondary\src\module\libfoxbms-module.a(bkpsram_cfg.c.1.o)
                              embedded-software\mcu-secondary\src\general\main.c.1.o (main_state)
embedded-software\mcu-secondary\src\module\libfoxbms-module.a(timer.c.1.o)
                              embedded-software\mcu-secondary\src\general\main.c.1.o (TIM_Init)
embedded-software\mcu-secondary\src\module\libfoxbms-module.a(timer_cfg.c.1.o)
                              embedded-software\mcu-secondary\src\module\libfoxbms-module.a(timer.c.1.o) (htim3)
embedded-software\mcu-common\src\module\libfoxbms-common-module.a(adc.c.1.o)
                              embedded-software\mcu-secondary\src\general\main.c.1.o (ADC_Init)
embedded-software\mcu-common\src\module\libfoxbms-common-module.a(can.c.1.o)
                              embedded-software\mcu-freertos\libfoxbms-os.a(os.c.1.o) (CAN_Init)
embedded-software\mcu-common\src\module\libfoxbms-common-module.a(chksum.c.1.o)
                              embedded-software\mcu-secondary\src\general\main.c.1.o (chk_status)
embedded-software\mcu-common\src\module\libfoxbms-common-module.a(dma.c.1.o)
                              embedded-software\mcu-secondary\src\general\main.c.1.o (DMA_Init)
[...]
Memory Configuration

Name             Origin             Length             Attributes
FLASH            0x08000000         0x000fff00         xr
FLASH_HEADER     0x080fff00         0x00000100         xr
FLASH_2          0x08100000         0x00100000         xr
RAM              0x20000000         0x00030000         xrw
CCMRAM           0x10000000         0x00010000         rw
BKP_RAM          0x40024000         0x00001000         rw
*default*        0x00000000         0xffffffff

Linker script and memory map

LOAD c:/foxconda/library/bin/../lib/gcc/arm-none-eabi/4.9.3/armv7e-m/softfp/crti.o
LOAD c:/foxconda/library/bin/../lib/gcc/arm-none-eabi/4.9.3/armv7e-m/softfp/crtbegin.o
LOAD c:/foxconda/library/bin/../lib/gcc/arm-none-eabi/4.9.3/../../../../arm-none-eabi/lib/armv7e-m/softfp/crt0.o
LOAD embedded-software\mcu-secondary\src\general\config\nvic_cfg.c.1.o
LOAD embedded-software\mcu-secondary\src\general\config\stm32f4xx_hal_msp.c.1.o
LOAD embedded-software\mcu-secondary\src\general\config\stm32f4xx_it.c.1.o
LOAD embedded-software\mcu-secondary\src\general\config\system_stm32f4xx.c.1.o
LOAD embedded-software\mcu-secondary\src\general\main.c.1.o
LOAD embedded-software\mcu-secondary\src\general\nvic.c.1.o
LOAD embedded-software\mcu-secondary\src\general\version.c.1.o
LOAD embedded-software\mcu-secondary\src\general\config\startup_stm32f429xx.o
LOAD embedded-software\mcu-freertos\libfoxbms-os.a
LOAD embedded-software\mcu-secondary\src\application\libfoxbms-application.a
LOAD embedded-software\mcu-common\src\engine\libfoxbms-common-engine.a
LOAD embedded-software\mcu-secondary\src\engine\libfoxbms-engine.a
LOAD embedded-software\mcu-secondary\src\module\libfoxbms-module.a
LOAD embedded-software\mcu-common\src\module\libfoxbms-common-module.a
LOAD embedded-software\mcu-hal\STM32F4xx_HAL_Driver\libfoxbms-stmhal.a
LOAD c:/foxconda/library/bin/../lib/gcc/arm-none-eabi/4.9.3/../../../../arm-none-eabi/lib/armv7e-m/softfp\libstdc++_nano.a
LOAD c:/foxconda/library/bin/../lib/gcc/arm-none-eabi/4.9.3/../../../../arm-none-eabi/lib/armv7e-m/softfp\libm.a
START GROUP
LOAD c:/foxconda/library/bin/../lib/gcc/arm-none-eabi/4.9.3/armv7e-m/softfp\libgcc.a
LOAD c:/foxconda/library/bin/../lib/gcc/arm-none-eabi/4.9.3/../../../../arm-none-eabi/lib/armv7e-m/softfp\libc_nano.a
END GROUP
START GROUP
LOAD c:/foxconda/library/bin/../lib/gcc/arm-none-eabi/4.9.3/armv7e-m/softfp\libgcc.a
LOAD c:/foxconda/library/bin/../lib/gcc/arm-none-eabi/4.9.3/../../../../arm-none-eabi/lib/armv7e-m/softfp\libc_nano.a
LOAD c:/foxconda/library/bin/../lib/gcc/arm-none-eabi/4.9.3/../../../../arm-none-eabi/lib/armv7e-m/softfp\libnosys.a
END GROUP
START GROUP
LOAD c:/foxconda/library/bin/../lib/gcc/arm-none-eabi/4.9.3/armv7e-m/softfp\libgcc.a
LOAD c:/foxconda/library/bin/../lib/gcc/arm-none-eabi/4.9.3/../../../../arm-none-eabi/lib/armv7e-m/softfp\libc_nano.a
LOAD c:/foxconda/library/bin/../lib/gcc/arm-none-eabi/4.9.3/../../../../arm-none-eabi/lib/armv7e-m/softfp\libnosys.a
END GROUP
LOAD c:/foxconda/library/bin/../lib/gcc/arm-none-eabi/4.9.3/armv7e-m/softfp/crtend.o
LOAD c:/foxconda/library/bin/../lib/gcc/arm-none-eabi/4.9.3/armv7e-m/softfp/crtn.o
                0x2002ffff                _estack = 0x2002ffff
                0x00000200                _Min_Heap_Size = 0x200
                0x00000400                _Min_Stack_Size = 0x400

.flashheader    0x080fff00      0x100
                0x080fff00                . = ALIGN (0x4)
 *(.FLASH_HEADERSection*)
 .FLASH_HEADERSection
                0x080fff00      0x100 embedded-software\mcu-secondary\src\general\version.c.1.o
                0x080fff00                ver_sw_validation
                0x08100000                . = ALIGN (0x4)

.isr_vector     0x08000000      0x1b0
                0x08000000                . = ALIGN (0x4)
 *(.isr_vector)
 .isr_vector    0x08000000      0x1ac embedded-software\mcu-secondary\src\general\config\startup_stm32f429xx.o
                0x08000000                g_pfnVectors
                0x080001b0                . = ALIGN (0x10)
 *fill*         0x080001ac        0x4 ff
                0x08100000                _foxBMS_FLASH_end = ((ORIGIN (FLASH) + 0xfff00) + 0x100)
                0x08200000                _foxBMS_FLASH_2_end = (ORIGIN (FLASH_2) + 0x100000)
                0x08000000                _sflash1 = ORIGIN (FLASH)
                0x08000004                _jumpadressvectable = (ORIGIN (FLASH) + 0x4)

.text           0x080001b0    0x124c0
                0x080001b0                . = ALIGN (0x10)
 *arm-none-eabi*(.text*)
 .text          0x080001b0       0x5c c:/foxconda/library/bin/../lib/gcc/arm-none-eabi/4.9.3/armv7e-m/softfp/crtbegin.o
 *libgcc.a:(.text*)
 .text          0x0800020c      0x370 c:/foxconda/library/bin/../lib/gcc/arm-none-eabi/4.9.3/armv7e-m/softfp\libgcc.a(_arm_addsubdf3.o)
                0x0800020c                __aeabi_drsub
                0x08000214                __aeabi_dsub
                0x08000214                __subdf3
                0x08000218                __aeabi_dadd
                0x08000218                __adddf3
                0x08000490                __floatunsidf
                0x08000490                __aeabi_ui2d
                0x080004b0                __floatsidf
                0x080004b0                __aeabi_i2d
                0x080004d4                __aeabi_f2d
                0x080004d4                __extendsfdf2
                0x08000510                __floatundidf
                0x08000510                __aeabi_ul2d
                0x08000520                __floatdidf
                0x08000520                __aeabi_l2d
 .text          0x0800057c      0x424 c:/foxconda/library/bin/../lib/gcc/arm-none-eabi/4.9.3/armv7e-m/softfp\libgcc.a(_arm_muldivdf3.o)
                0x0800057c                __aeabi_dmul
                0x0800057c                __muldf3
                0x080007d0                __divdf3
                0x080007d0                __aeabi_ddiv
 .text          0x080009a0       0x40 c:/foxconda/library/bin/../lib/gcc/arm-none-eabi/4.9.3/armv7e-m/softfp\libgcc.a(_arm_fixunsdfsi.o)
                0x080009a0                __aeabi_d2uiz
                0x080009a0                __fixunsdfsi
 .text          0x080009e0       0xa0 c:/foxconda/library/bin/../lib/gcc/arm-none-eabi/4.9.3/armv7e-m/softfp\libgcc.a(_arm_truncdfsf2.o)
                0x080009e0                __truncdfsf2
                0x080009e0                __aeabi_d2f
 *libc*.a:(.text*)
 .text.__libc_init_array
                0x08000a80       0x4c c:/foxconda/library/bin/../lib/gcc/arm-none-eabi/4.9.3/../../../../arm-none-eabi/lib/armv7e-m/softfp\libc_nano.a(lib_a-init.o)
                0x08000a80                __libc_init_array
 .text.memcpy   0x08000acc       0x16 c:/foxconda/library/bin/../lib/gcc/arm-none-eabi/4.9.3/../../../../arm-none-eabi/lib/armv7e-m/softfp\libc_nano.a(lib_a-memcpy.o)
                0x08000acc                memcpy
 .text.memset   0x08000ae2       0x10 c:/foxconda/library/bin/../lib/gcc/arm-none-eabi/4.9.3/../../../../arm-none-eabi/lib/armv7e-m/softfp\libc_nano.a(lib_a-memset.o)
                0x08000ae2                memset
 *libg*.a:(.text*)
 *limc*.a:(.text*)
 *src/hal/*HAL_Driver*(.text*)
 *libHAL.a:(.text*)
 *hal.a:(.text*)
 *fill*         0x08000af2        0x2 ff
 .text.HAL_Init
                0x08000af4       0x44 embedded-software\mcu-hal\STM32F4xx_HAL_Driver\libfoxbms-stmhal.a(stm32f4xx_hal.c.1.o)
                0x08000af4                HAL_Init
 .text.HAL_InitTick
                0x08000b38       0x38 embedded-software\mcu-hal\STM32F4xx_HAL_Driver\libfoxbms-stmhal.a(stm32f4xx_hal.c.1.o)
                0x08000b38                HAL_InitTick
 .text.HAL_IncTick
                0x08000b70       0x1c embedded-software\mcu-hal\STM32F4xx_HAL_Driver\libfoxbms-stmhal.a(stm32f4xx_hal.c.1.o)
                0x08000b70                HAL_IncTick
 .text.HAL_GetTick
                0x08000b8c       0x18 embedded-software\mcu-hal\STM32F4xx_HAL_Driver\libfoxbms-stmhal.a(stm32f4xx_hal.c.1.o)
                0x08000b8c                HAL_GetTick
 .text.HAL_ADC_Init
                0x08000ba4      0x2d0 embedded-software\mcu-hal\STM32F4xx_HAL_Driver\libfoxbms-stmhal.a(stm32f4xx_hal_adc.c.1.o)
                0x08000ba4                HAL_ADC_Init
 .text.HAL_ADC_MspInit
                0x08000e74       0x14 embedded-software\mcu-hal\STM32F4xx_HAL_Driver\libfoxbms-stmhal.a(stm32f4xx_hal_adc.c.1.o)
                0x08000e74                HAL_ADC_MspInit
 .text.HAL_ADC_Start_IT
                0x08000e88      0x1a4 embedded-software\mcu-hal\STM32F4xx_HAL_Driver\libfoxbms-stmhal.a(stm32f4xx_hal_adc.c.1.o)
                0x08000e88                HAL_ADC_Start_IT
 .text.HAL_ADC_Stop_IT
                0x0800102c       0xb0 embedded-software\mcu-hal\STM32F4xx_HAL_Driver\libfoxbms-stmhal.a(stm32f4xx_hal_adc.c.1.o)
                0x0800102c                HAL_ADC_Stop_IT
 .text.HAL_ADC_IRQHandler
                0x080010dc      0x2dc embedded-software\mcu-hal\STM32F4xx_HAL_Driver\libfoxbms-stmhal.a(stm32f4xx_hal_adc.c.1.o)
                0x080010dc                HAL_ADC_IRQHandler
 .text.HAL_ADC_GetValue
                0x080013b8       0x1c embedded-software\mcu-hal\STM32F4xx_HAL_Driver\libfoxbms-stmhal.a(stm32f4xx_hal_adc.c.1.o)
                0x080013b8                HAL_ADC_GetValue
 .text.HAL_ADC_LevelOutOfWindowCallback
                0x080013d4       0x14 embedded-software\mcu-hal\STM32F4xx_HAL_Driver\libfoxbms-stmhal.a(stm32f4xx_hal_adc.c.1.o)
                0x080013d4                HAL_ADC_LevelOutOfWindowCallback
 .text.HAL_ADC_ErrorCallback
                0x080013e8       0x14 embedded-software\mcu-hal\STM32F4xx_HAL_Driver\libfoxbms-stmhal.a(stm32f4xx_hal_adc.c.1.o)
                0x080013e8                HAL_ADC_ErrorCallback
 .text.HAL_ADC_ConfigChannel
                0x080013fc      0x2d0 embedded-software\mcu-hal\STM32F4xx_HAL_Driver\libfoxbms-stmhal.a(stm32f4xx_hal_adc.c.1.o)
                0x080013fc                HAL_ADC_ConfigChannel
 .text.ADC_Init
                0x080016cc      0x21c embedded-software\mcu-hal\STM32F4xx_HAL_Driver\libfoxbms-stmhal.a(stm32f4xx_hal_adc.c.1.o)
 .text.HAL_ADCEx_InjectedConvCpltCallback
                0x080018e8       0x14 embedded-software\mcu-hal\STM32F4xx_HAL_Driver\libfoxbms-stmhal.a(stm32f4xx_hal_adc_ex.c.1.o)
                0x080018e8                HAL_ADCEx_InjectedConvCpltCallback
 .text.HAL_CAN_Init
                0x080018fc      0x3a8 embedded-software\mcu-hal\STM32F4xx_HAL_Driver\libfoxbms-stmhal.a(stm32f4xx_hal_can.c.1.o)
                0x080018fc                HAL_CAN_Init
 .text.HAL_CAN_ConfigFilter
                0x08001ca4      0x224 embedded-software\mcu-hal\STM32F4xx_HAL_Driver\libfoxbms-stmhal.a(stm32f4xx_hal_can.c.1.o)
                0x08001ca4                HAL_CAN_ConfigFilter
 .text.HAL_CAN_DeInit
                0x08001ec8       0x64 embedded-software\mcu-hal\STM32F4xx_HAL_Driver\libfoxbms-stmhal.a(stm32f4xx_hal_can.c.1.o)
                0x08001ec8                HAL_CAN_DeInit
 .text.HAL_CAN_Transmit_IT
                0x08001f2c      0x308 embedded-software\mcu-hal\STM32F4xx_HAL_Driver\libfoxbms-stmhal.a(stm32f4xx_hal_can.c.1.o)
                0x08001f2c                HAL_CAN_Transmit_IT
 .text.HAL_CAN_Receive_IT
                0x08002234      0x10c embedded-software\mcu-hal\STM32F4xx_HAL_Driver\libfoxbms-stmhal.a(stm32f4xx_hal_can.c.1.o)
                0x08002234                HAL_CAN_Receive_IT
 .text.NVIC_SetPriorityGrouping
                0x08002340       0x48 embedded-software\mcu-hal\STM32F4xx_HAL_Driver\libfoxbms-stmhal.a(stm32f4xx_hal_cortex.c.1.o)
 .text.NVIC_GetPriorityGrouping
                0x08002388       0x1c embedded-software\mcu-hal\STM32F4xx_HAL_Driver\libfoxbms-stmhal.a(stm32f4xx_hal_cortex.c.1.o)
 .text.NVIC_EnableIRQ
                0x080023a4       0x30 embedded-software\mcu-hal\STM32F4xx_HAL_Driver\libfoxbms-stmhal.a(stm32f4xx_hal_cortex.c.1.o)
 .text.NVIC_ClearPendingIRQ
                0x080023d4       0x34 embedded-software\mcu-hal\STM32F4xx_HAL_Driver\libfoxbms-stmhal.a(stm32f4xx_hal_cortex.c.1.o)
 .text.NVIC_SetPriority
                0x08002408       0x54 embedded-software\mcu-hal\STM32F4xx_HAL_Driver\libfoxbms-stmhal.a(stm32f4xx_hal_cortex.c.1.o)
 .text.NVIC_EncodePriority
                0x0800245c       0x64 embedded-software\mcu-hal\STM32F4xx_HAL_Driver\libfoxbms-stmhal.a(stm32f4xx_hal_cortex.c.1.o)
 .text.NVIC_SystemReset
                0x080024c0       0x28 embedded-software\mcu-hal\STM32F4xx_HAL_Driver\libfoxbms-stmhal.a(stm32f4xx_hal_cortex.c.1.o)
 .text.SysTick_Config
                0x080024e8       0x44 embedded-software\mcu-hal\STM32F4xx_HAL_Driver\libfoxbms-stmhal.a(stm32f4xx_hal_cortex.c.1.o)
 .text.HAL_NVIC_SetPriorityGrouping
                0x0800252c       0x40 embedded-software\mcu-hal\STM32F4xx_HAL_Driver\libfoxbms-stmhal.a(stm32f4xx_hal_cortex.c.1.o)
                0x0800252c                HAL_NVIC_SetPriorityGrouping
 .text.HAL_NVIC_SetPriority
                0x0800256c       0x58 embedded-software\mcu-hal\STM32F4xx_HAL_Driver\libfoxbms-stmhal.a(stm32f4xx_hal_cortex.c.1.o)
                0x0800256c                HAL_NVIC_SetPriority
 .text.HAL_NVIC_EnableIRQ
                0x080025c4       0x30 embedded-software\mcu-hal\STM32F4xx_HAL_Driver\libfoxbms-stmhal.a(stm32f4xx_hal_cortex.c.1.o)
                0x080025c4                HAL_NVIC_EnableIRQ
 .text.HAL_NVIC_SystemReset
                0x080025f4        0xc embedded-software\mcu-hal\STM32F4xx_HAL_Driver\libfoxbms-stmhal.a(stm32f4xx_hal_cortex.c.1.o)
                0x080025f4                HAL_NVIC_SystemReset
 .text.HAL_SYSTICK_Config
                0x08002600       0x18 embedded-software\mcu-hal\STM32F4xx_HAL_Driver\libfoxbms-stmhal.a(stm32f4xx_hal_cortex.c.1.o)
                0x08002600                HAL_SYSTICK_Config
 .text.HAL_NVIC_ClearPendingIRQ
                0x08002618       0x30 embedded-software\mcu-hal\STM32F4xx_HAL_Driver\libfoxbms-stmhal.a(stm32f4xx_hal_cortex.c.1.o)
                0x08002618                HAL_NVIC_ClearPendingIRQ
 .text.HAL_DMA_Init
                0x08002648      0x434 embedded-software\mcu-hal\STM32F4xx_HAL_Driver\libfoxbms-stmhal.a(stm32f4xx_hal_dma.c.1.o)
                0x08002648                HAL_DMA_Init
 .text.HAL_DMA_Start_IT
                0x08002a7c       0xe0 embedded-software\mcu-hal\STM32F4xx_HAL_Driver\libfoxbms-stmhal.a(stm32f4xx_hal_dma.c.1.o)
                0x08002a7c                HAL_DMA_Start_IT
 .text.HAL_DMA_Abort_IT
                0x08002b5c       0x44 embedded-software\mcu-hal\STM32F4xx_HAL_Driver\libfoxbms-stmhal.a(stm32f4xx_hal_dma.c.1.o)
                0x08002b5c                HAL_DMA_Abort_IT
 .text.HAL_DMA_IRQHandler
                0x08002ba0      0x344 embedded-software\mcu-hal\STM32F4xx_HAL_Driver\libfoxbms-stmhal.a(stm32f4xx_hal_dma.c.1.o)
                0x08002ba0                HAL_DMA_IRQHandler
 .text.DMA_SetConfig
                0x08002ee4       0x5c embedded-software\mcu-hal\STM32F4xx_HAL_Driver\libfoxbms-stmhal.a(stm32f4xx_hal_dma.c.1.o)
 .text.DMA_CalcBaseAndBitshift
                0x08002f40       0x6c embedded-software\mcu-hal\STM32F4xx_HAL_Driver\libfoxbms-stmhal.a(stm32f4xx_hal_dma.c.1.o)
 .text.DMA_CheckFifoParam
                0x08002fac      0x108 embedded-software\mcu-hal\STM32F4xx_HAL_Driver\libfoxbms-stmhal.a(stm32f4xx_hal_dma.c.1.o)
 .text.HAL_GPIO_Init
                0x080030b4      0x640 embedded-software\mcu-hal\STM32F4xx_HAL_Driver\libfoxbms-stmhal.a(stm32f4xx_hal_gpio.c.1.o)
                0x080030b4                HAL_GPIO_Init
 .text.HAL_GPIO_ReadPin
                0x080036f4       0x40 embedded-software\mcu-hal\STM32F4xx_HAL_Driver\libfoxbms-stmhal.a(stm32f4xx_hal_gpio.c.1.o)
                0x080036f4                HAL_GPIO_ReadPin
 .text.HAL_GPIO_WritePin
                0x08003734       0x58 embedded-software\mcu-hal\STM32F4xx_HAL_Driver\libfoxbms-stmhal.a(stm32f4xx_hal_gpio.c.1.o)
                0x08003734                HAL_GPIO_WritePin
 .text.HAL_GPIO_TogglePin
                0x0800378c       0x34 embedded-software\mcu-hal\STM32F4xx_HAL_Driver\libfoxbms-stmhal.a(stm32f4xx_hal_gpio.c.1.o)
                0x0800378c                HAL_GPIO_TogglePin
 .text.HAL_IWDG_Init
                0x080037c0       0xe0 embedded-software\mcu-hal\STM32F4xx_HAL_Driver\libfoxbms-stmhal.a(stm32f4xx_hal_iwdg.c.1.o)
                0x080037c0                HAL_IWDG_Init
 .text.HAL_IWDG_Refresh
                0x080038a0       0x20 embedded-software\mcu-hal\STM32F4xx_HAL_Driver\libfoxbms-stmhal.a(stm32f4xx_hal_iwdg.c.1.o)
                0x080038a0                HAL_IWDG_Refresh
 .text.HAL_PWR_EnableBkUpAccess
                0x080038c0       0x34 embedded-software\mcu-hal\STM32F4xx_HAL_Driver\libfoxbms-stmhal.a(stm32f4xx_hal_pwr.c.1.o)
                0x080038c0                HAL_PWR_EnableBkUpAccess
 .text.HAL_PWREx_EnableBkUpReg
                0x080038f4       0x68 embedded-software\mcu-hal\STM32F4xx_HAL_Driver\libfoxbms-stmhal.a(stm32f4xx_hal_pwr_ex.c.1.o)
                0x080038f4                HAL_PWREx_EnableBkUpReg
 .text.HAL_RCC_OscConfig
                0x0800395c      0x584 embedded-software\mcu-hal\STM32F4xx_HAL_Driver\libfoxbms-stmhal.a(stm32f4xx_hal_rcc.c.1.o)
                0x0800395c                HAL_RCC_OscConfig
 .text.HAL_RCC_ClockConfig
                0x08003ee0      0x3ac embedded-software\mcu-hal\STM32F4xx_HAL_Driver\libfoxbms-stmhal.a(stm32f4xx_hal_rcc.c.1.o)
                0x08003ee0                HAL_RCC_ClockConfig
 .text.HAL_RCC_GetSysClockFreq
                0x0800428c       0xfc embedded-software\mcu-hal\STM32F4xx_HAL_Driver\libfoxbms-stmhal.a(stm32f4xx_hal_rcc.c.1.o)
                0x0800428c                HAL_RCC_GetSysClockFreq
 .text.HAL_RCC_GetHCLKFreq
                0x08004388       0x18 embedded-software\mcu-hal\STM32F4xx_HAL_Driver\libfoxbms-stmhal.a(stm32f4xx_hal_rcc.c.1.o)
                0x08004388                HAL_RCC_GetHCLKFreq
 .text.HAL_RCC_GetPCLK1Freq
                0x080043a0       0x44 embedded-software\mcu-hal\STM32F4xx_HAL_Driver\libfoxbms-stmhal.a(stm32f4xx_hal_rcc.c.1.o)
                0x080043a0                HAL_RCC_GetPCLK1Freq
 .text.HAL_RCC_GetPCLK2Freq
                0x080043e4       0x44 embedded-software\mcu-hal\STM32F4xx_HAL_Driver\libfoxbms-stmhal.a(stm32f4xx_hal_rcc.c.1.o)
                0x080043e4                HAL_RCC_GetPCLK2Freq
 .text.HAL_RCCEx_PeriphCLKConfig
                0x08004428      0x740 embedded-software\mcu-hal\STM32F4xx_HAL_Driver\libfoxbms-stmhal.a(stm32f4xx_hal_rcc_ex.c.1.o)
                0x08004428                HAL_RCCEx_PeriphCLKConfig
 .text.HAL_RTC_Init
                0x08004b68      0x198 embedded-software\mcu-hal\STM32F4xx_HAL_Driver\libfoxbms-stmhal.a(stm32f4xx_hal_rtc.c.1.o)
                0x08004b68                HAL_RTC_Init
 .text.HAL_RTC_MspInit
                0x08004d00       0x14 embedded-software\mcu-hal\STM32F4xx_HAL_Driver\libfoxbms-stmhal.a(stm32f4xx_hal_rtc.c.1.o)
                0x08004d00                HAL_RTC_MspInit
 .text.HAL_RTC_SetTime
                0x08004d14      0x2d4 embedded-software\mcu-hal\STM32F4xx_HAL_Driver\libfoxbms-stmhal.a(stm32f4xx_hal_rtc.c.1.o)
                0x08004d14                HAL_RTC_SetTime
 .text.HAL_RTC_GetTime
                0x08004fe8       0xd0 embedded-software\mcu-hal\STM32F4xx_HAL_Driver\libfoxbms-stmhal.a(stm32f4xx_hal_rtc.c.1.o)
                0x08004fe8                HAL_RTC_GetTime
 .text.HAL_RTC_SetDate
                0x080050b8      0x254 embedded-software\mcu-hal\STM32F4xx_HAL_Driver\libfoxbms-stmhal.a(stm32f4xx_hal_rtc.c.1.o)
                0x080050b8                HAL_RTC_SetDate
 .text.HAL_RTC_GetDate
                0x0800530c       0xb8 embedded-software\mcu-hal\STM32F4xx_HAL_Driver\libfoxbms-stmhal.a(stm32f4xx_hal_rtc.c.1.o)
                0x0800530c                HAL_RTC_GetDate
 .text.HAL_RTC_WaitForSynchro
                0x080053c4       0x50 embedded-software\mcu-hal\STM32F4xx_HAL_Driver\libfoxbms-stmhal.a(stm32f4xx_hal_rtc.c.1.o)
                0x080053c4                HAL_RTC_WaitForSynchro
 .text.RTC_EnterInitMode
                0x08005414       0x58 embedded-software\mcu-hal\STM32F4xx_HAL_Driver\libfoxbms-stmhal.a(stm32f4xx_hal_rtc.c.1.o)
                0x08005414                RTC_EnterInitMode
 .text.RTC_ByteToBcd2
                0x0800546c       0x3c embedded-software\mcu-hal\STM32F4xx_HAL_Driver\libfoxbms-stmhal.a(stm32f4xx_hal_rtc.c.1.o)
                0x0800546c                RTC_ByteToBcd2
 .text.RTC_Bcd2ToByte
                0x080054a8       0x3c embedded-software\mcu-hal\STM32F4xx_HAL_Driver\libfoxbms-stmhal.a(stm32f4xx_hal_rtc.c.1.o)
                0x080054a8                RTC_Bcd2ToByte
 .text.HAL_RTCEx_DeactivateWakeUpTimer
                0x080054e4       0xb0 embedded-software\mcu-hal\STM32F4xx_HAL_Driver\libfoxbms-stmhal.a(stm32f4xx_hal_rtc_ex.c.1.o)
                0x080054e4                HAL_RTCEx_DeactivateWakeUpTimer
 .text.HAL_SPI_Init
                0x08005594      0x268 embedded-software\mcu-hal\STM32F4xx_HAL_Driver\libfoxbms-stmhal.a(stm32f4xx_hal_spi.c.1.o)
                0x08005594                HAL_SPI_Init
 .text.HAL_SPI_Transmit_DMA
                0x080057fc      0x160 embedded-software\mcu-hal\STM32F4xx_HAL_Driver\libfoxbms-stmhal.a(stm32f4xx_hal_spi.c.1.o)
                0x080057fc                HAL_SPI_Transmit_DMA
 .text.HAL_SPI_TransmitReceive_DMA
                0x0800595c      0x1ec embedded-software\mcu-hal\STM32F4xx_HAL_Driver\libfoxbms-stmhal.a(stm32f4xx_hal_spi.c.1.o)
                0x0800595c                HAL_SPI_TransmitReceive_DMA
 .text.HAL_SPI_IRQHandler
                0x08005b48      0x1b0 embedded-software\mcu-hal\STM32F4xx_HAL_Driver\libfoxbms-stmhal.a(stm32f4xx_hal_spi.c.1.o)
                0x08005b48                HAL_SPI_IRQHandler
 .text.HAL_SPI_RxCpltCallback
                0x08005cf8       0x14 embedded-software\mcu-hal\STM32F4xx_HAL_Driver\libfoxbms-stmhal.a(stm32f4xx_hal_spi.c.1.o)
                0x08005cf8                HAL_SPI_RxCpltCallback
 .text.HAL_SPI_TxHalfCpltCallback
                0x08005d0c       0x14 embedded-software\mcu-hal\STM32F4xx_HAL_Driver\libfoxbms-stmhal.a(stm32f4xx_hal_spi.c.1.o)
                0x08005d0c                HAL_SPI_TxHalfCpltCallback
 .text.HAL_SPI_RxHalfCpltCallback
                0x08005d20       0x14 embedded-software\mcu-hal\STM32F4xx_HAL_Driver\libfoxbms-stmhal.a(stm32f4xx_hal_spi.c.1.o)
                0x08005d20                HAL_SPI_RxHalfCpltCallback
 .text.HAL_SPI_TxRxHalfCpltCallback
                0x08005d34       0x14 embedded-software\mcu-hal\STM32F4xx_HAL_Driver\libfoxbms-stmhal.a(stm32f4xx_hal_spi.c.1.o)
                0x08005d34                HAL_SPI_TxRxHalfCpltCallback
 .text.HAL_SPI_ErrorCallback
                0x08005d48       0x14 embedded-software\mcu-hal\STM32F4xx_HAL_Driver\libfoxbms-stmhal.a(stm32f4xx_hal_spi.c.1.o)
                0x08005d48                HAL_SPI_ErrorCallback
 .text.SPI_DMATransmitCplt
                0x08005d5c       0x9c embedded-software\mcu-hal\STM32F4xx_HAL_Driver\libfoxbms-stmhal.a(stm32f4xx_hal_spi.c.1.o)
 .text.SPI_DMAReceiveCplt
                0x08005df8       0x84 embedded-software\mcu-hal\STM32F4xx_HAL_Driver\libfoxbms-stmhal.a(stm32f4xx_hal_spi.c.1.o)
 .text.SPI_DMATransmitReceiveCplt
                0x08005e7c       0x84 embedded-software\mcu-hal\STM32F4xx_HAL_Driver\libfoxbms-stmhal.a(stm32f4xx_hal_spi.c.1.o)
 .text.SPI_DMAHalfTransmitCplt
                0x08005f00       0x1c embedded-software\mcu-hal\STM32F4xx_HAL_Driver\libfoxbms-stmhal.a(stm32f4xx_hal_spi.c.1.o)
 .text.SPI_DMAHalfReceiveCplt
                0x08005f1c       0x1c embedded-software\mcu-hal\STM32F4xx_HAL_Driver\libfoxbms-stmhal.a(stm32f4xx_hal_spi.c.1.o)
 .text.SPI_DMAHalfTransmitReceiveCplt
                0x08005f38       0x1c embedded-software\mcu-hal\STM32F4xx_HAL_Driver\libfoxbms-stmhal.a(stm32f4xx_hal_spi.c.1.o)
 .text.SPI_DMAError
                0x08005f54       0x40 embedded-software\mcu-hal\STM32F4xx_HAL_Driver\libfoxbms-stmhal.a(stm32f4xx_hal_spi.c.1.o)
 .text.SPI_DMAAbortOnError
                0x08005f94       0x28 embedded-software\mcu-hal\STM32F4xx_HAL_Driver\libfoxbms-stmhal.a(stm32f4xx_hal_spi.c.1.o)
 .text.SPI_WaitFlagStateUntilTimeout
                0x08005fbc       0xd4 embedded-software\mcu-hal\STM32F4xx_HAL_Driver\libfoxbms-stmhal.a(stm32f4xx_hal_spi.c.1.o)
 .text.SPI_CheckFlag_BSY
                0x08006090       0x3c embedded-software\mcu-hal\STM32F4xx_HAL_Driver\libfoxbms-stmhal.a(stm32f4xx_hal_spi.c.1.o)
 *src/hal/CMSIS*(.text*)
 *CMSIS.a:(.text*)
 */os/*(.text*)
 *libOS.a:(.text*)
 *os.a:(.text*)
 .text.makeFreeRtosPriority
                0x080060cc       0x30 embedded-software\mcu-freertos\libfoxbms-os.a(cmsis_os.c.1.o)
 .text.inHandlerMode
                0x080060fc       0x24 embedded-software\mcu-freertos\libfoxbms-os.a(cmsis_os.c.1.o)
 .text.osKernelStart
                0x08006120       0x10 embedded-software\mcu-freertos\libfoxbms-os.a(cmsis_os.c.1.o)
                0x08006120                osKernelStart
 .text.osKernelSysTick
                0x08006130       0x20 embedded-software\mcu-freertos\libfoxbms-os.a(cmsis_os.c.1.o)
                0x08006130                osKernelSysTick
 .text.osThreadCreate
                0x08006150       0x50 embedded-software\mcu-freertos\libfoxbms-os.a(cmsis_os.c.1.o)
                0x08006150                osThreadCreate
 .text.osSystickHandler
                0x080061a0       0x14 embedded-software\mcu-freertos\libfoxbms-os.a(cmsis_os.c.1.o)
                0x080061a0                osSystickHandler
 .text.osDelayUntil
                0x080061b4       0x2c embedded-software\mcu-freertos\libfoxbms-os.a(cmsis_os.c.1.o)
                0x080061b4                osDelayUntil
 .text.vPortCheckCriticalSection
                0x080061e0       0x20 embedded-software\mcu-freertos\libfoxbms-os.a(port.c.1.o)
                0x080061e0                vPortCheckCriticalSection
 .text.pxPortInitialiseStack
                0x08006200       0x68 embedded-software\mcu-freertos\libfoxbms-os.a(port.c.1.o)
                0x08006200                pxPortInitialiseStack
 .text.prvTaskExitError
                0x08006268       0x30 embedded-software\mcu-freertos\libfoxbms-os.a(port.c.1.o)
 *fill*         0x08006298        0x8 ff
 .text.SVC_Handler
                0x080062a0       0x24 embedded-software\mcu-freertos\libfoxbms-os.a(port.c.1.o)
                0x080062a0                SVC_Handler
 .text.prvPortStartFirstTask
                0x080062c4       0x20 embedded-software\mcu-freertos\libfoxbms-os.a(port.c.1.o)
 .text.xPortStartScheduler
                0x080062e4       0xfc embedded-software\mcu-freertos\libfoxbms-os.a(port.c.1.o)
                0x080062e4                xPortStartScheduler
 .text.vPortEnterCritical
                0x080063e0       0x48 embedded-software\mcu-freertos\libfoxbms-os.a(port.c.1.o)
                0x080063e0                vPortEnterCritical
 .text.vPortExitCritical
                0x08006428       0x3c embedded-software\mcu-freertos\libfoxbms-os.a(port.c.1.o)
                0x08006428                vPortExitCritical
 *fill*         0x08006464        0xc ff
 .text.PendSV_Handler
                0x08006470       0x64 embedded-software\mcu-freertos\libfoxbms-os.a(port.c.1.o)
                0x08006470                PendSV_Handler
 .text.xPortSysTickHandler
                0x080064d4       0x40 embedded-software\mcu-freertos\libfoxbms-os.a(port.c.1.o)
                0x080064d4                xPortSysTickHandler
 .text.vPortSetupTimerInterrupt
                0x08006514       0x34 embedded-software\mcu-freertos\libfoxbms-os.a(port.c.1.o)
                0x08006514                vPortSetupTimerInterrupt
 .text.vPortEnableVFP
                0x08006548       0x14 embedded-software\mcu-freertos\libfoxbms-os.a(port.c.1.o)
 .text.vPortValidateInterruptPriority
                0x0800655c       0x58 embedded-software\mcu-freertos\libfoxbms-os.a(port.c.1.o)
                0x0800655c                vPortValidateInterruptPriority
 .text.pvPortMalloc
                0x080065b4      0x158 embedded-software\mcu-freertos\libfoxbms-os.a(heap_4.c.1.o)
                0x080065b4                pvPortMalloc
 .text.vPortFree
                0x0800670c       0x94 embedded-software\mcu-freertos\libfoxbms-os.a(heap_4.c.1.o)
                0x0800670c                vPortFree
 .text.prvHeapInit
                0x080067a0       0xc4 embedded-software\mcu-freertos\libfoxbms-os.a(heap_4.c.1.o)
 .text.prvInsertBlockIntoFreeList
                0x08006864       0xb0 embedded-software\mcu-freertos\libfoxbms-os.a(heap_4.c.1.o)
 .text.xQueueGenericReset
                0x08006914       0xc0 embedded-software\mcu-freertos\libfoxbms-os.a(queue.c.1.o)
                0x08006914                xQueueGenericReset
 .text.xQueueGenericCreate
                0x080069d4       0x64 embedded-software\mcu-freertos\libfoxbms-os.a(queue.c.1.o)
                0x080069d4                xQueueGenericCreate
 .text.prvInitialiseNewQueue
                0x08006a38       0x44 embedded-software\mcu-freertos\libfoxbms-os.a(queue.c.1.o)
 .text.prvInitialiseMutex
                0x08006a7c       0x34 embedded-software\mcu-freertos\libfoxbms-os.a(queue.c.1.o)
 .text.xQueueCreateMutex
                0x08006ab0       0x30 embedded-software\mcu-freertos\libfoxbms-os.a(queue.c.1.o)
                0x08006ab0                xQueueCreateMutex
 .text.xQueueGenericSend
                0x08006ae0      0x1c4 embedded-software\mcu-freertos\libfoxbms-os.a(queue.c.1.o)
                0x08006ae0                xQueueGenericSend
 .text.xQueueGenericSendFromISR
                0x08006ca4      0x100 embedded-software\mcu-freertos\libfoxbms-os.a(queue.c.1.o)
                0x08006ca4                xQueueGenericSendFromISR
 .text.xQueueGenericReceive
                0x08006da4      0x200 embedded-software\mcu-freertos\libfoxbms-os.a(queue.c.1.o)
                0x08006da4                xQueueGenericReceive
 .text.prvCopyDataToQueue
                0x08006fa4       0xd8 embedded-software\mcu-freertos\libfoxbms-os.a(queue.c.1.o)
 .text.prvCopyDataFromQueue
                0x0800707c       0x4c embedded-software\mcu-freertos\libfoxbms-os.a(queue.c.1.o)
 .text.prvUnlockQueue
                0x080070c8       0xa4 embedded-software\mcu-freertos\libfoxbms-os.a(queue.c.1.o)
 .text.prvIsQueueEmpty
                0x0800716c       0x2c embedded-software\mcu-freertos\libfoxbms-os.a(queue.c.1.o)
 .text.prvIsQueueFull
                0x08007198       0x30 embedded-software\mcu-freertos\libfoxbms-os.a(queue.c.1.o)
 .text.vQueueAddToRegistry
                0x080071c8       0x50 embedded-software\mcu-freertos\libfoxbms-os.a(queue.c.1.o)
                0x080071c8                vQueueAddToRegistry
 .text.vQueueWaitForMessageRestricted
                0x08007218       0x6c embedded-software\mcu-freertos\libfoxbms-os.a(queue.c.1.o)
                0x08007218                vQueueWaitForMessageRestricted
 .text.xTaskCreate
                0x08007284       0x84 embedded-software\mcu-freertos\libfoxbms-os.a(tasks.c.1.o)
                0x08007284                xTaskCreate
 .text.prvInitialiseNewTask
                0x08007308       0xfc embedded-software\mcu-freertos\libfoxbms-os.a(tasks.c.1.o)
 .text.prvAddNewTaskToReadyList
                0x08007404       0xe0 embedded-software\mcu-freertos\libfoxbms-os.a(tasks.c.1.o)
 .text.vTaskDelayUntil
                0x080074e4       0xc8 embedded-software\mcu-freertos\libfoxbms-os.a(tasks.c.1.o)
                0x080074e4                vTaskDelayUntil
 .text.vTaskStartScheduler
                0x080075ac       0x88 embedded-software\mcu-freertos\libfoxbms-os.a(tasks.c.1.o)
                0x080075ac                vTaskStartScheduler
 .text.vTaskSuspendAll
                0x08007634       0x1c embedded-software\mcu-freertos\libfoxbms-os.a(tasks.c.1.o)
                0x08007634                vTaskSuspendAll
 .text.xTaskResumeAll
                0x08007650      0x12c embedded-software\mcu-freertos\libfoxbms-os.a(tasks.c.1.o)
                0x08007650                xTaskResumeAll
 .text.xTaskGetTickCount
                0x0800777c       0x20 embedded-software\mcu-freertos\libfoxbms-os.a(tasks.c.1.o)
                0x0800777c                xTaskGetTickCount
 .text.xTaskGetTickCountFromISR
                0x0800779c       0x24 embedded-software\mcu-freertos\libfoxbms-os.a(tasks.c.1.o)
                0x0800779c                xTaskGetTickCountFromISR
 .text.xTaskIncrementTick
                0x080077c0      0x170 embedded-software\mcu-freertos\libfoxbms-os.a(tasks.c.1.o)
                0x080077c0                xTaskIncrementTick
 .text.vTaskSwitchContext
                0x08007930       0xa0 embedded-software\mcu-freertos\libfoxbms-os.a(tasks.c.1.o)
                0x08007930                vTaskSwitchContext
 .text.vTaskPlaceOnEventList
                0x080079d0       0x38 embedded-software\mcu-freertos\libfoxbms-os.a(tasks.c.1.o)
                0x080079d0                vTaskPlaceOnEventList
 .text.vTaskPlaceOnEventListRestricted
                0x08007a08       0x44 embedded-software\mcu-freertos\libfoxbms-os.a(tasks.c.1.o)
                0x08007a08                vTaskPlaceOnEventListRestricted
 .text.xTaskRemoveFromEventList
                0x08007a4c       0xb8 embedded-software\mcu-freertos\libfoxbms-os.a(tasks.c.1.o)
                0x08007a4c                xTaskRemoveFromEventList
 .text.vTaskSetTimeOutState
                0x08007b04       0x34 embedded-software\mcu-freertos\libfoxbms-os.a(tasks.c.1.o)
                0x08007b04                vTaskSetTimeOutState
 .text.xTaskCheckForTimeOut
                0x08007b38       0xa0 embedded-software\mcu-freertos\libfoxbms-os.a(tasks.c.1.o)
                0x08007b38                xTaskCheckForTimeOut
 .text.vTaskMissedYield
                0x08007bd8       0x18 embedded-software\mcu-freertos\libfoxbms-os.a(tasks.c.1.o)
                0x08007bd8                vTaskMissedYield
 .text.prvIdleTask
                0x08007bf0       0x34 embedded-software\mcu-freertos\libfoxbms-os.a(tasks.c.1.o)
 .text.prvInitialiseTaskLists
                0x08007c24       0x7c embedded-software\mcu-freertos\libfoxbms-os.a(tasks.c.1.o)
 .text.prvCheckTasksWaitingTermination
                0x08007ca0       0x74 embedded-software\mcu-freertos\libfoxbms-os.a(tasks.c.1.o)
 .text.prvDeleteTCB
                0x08007d14       0x20 embedded-software\mcu-freertos\libfoxbms-os.a(tasks.c.1.o)
 .text.prvResetNextTaskUnblockTime
                0x08007d34       0x48 embedded-software\mcu-freertos\libfoxbms-os.a(tasks.c.1.o)
 .text.xTaskGetSchedulerState
                0x08007d7c       0x3c embedded-software\mcu-freertos\libfoxbms-os.a(tasks.c.1.o)
                0x08007d7c                xTaskGetSchedulerState
 .text.vTaskPriorityInherit
                0x08007db8       0xf0 embedded-software\mcu-freertos\libfoxbms-os.a(tasks.c.1.o)
                0x08007db8                vTaskPriorityInherit
 .text.xTaskPriorityDisinherit
                0x08007ea8       0xf0 embedded-software\mcu-freertos\libfoxbms-os.a(tasks.c.1.o)
                0x08007ea8                xTaskPriorityDisinherit
 .text.pvTaskIncrementMutexHeldCount
                0x08007f98       0x28 embedded-software\mcu-freertos\libfoxbms-os.a(tasks.c.1.o)
                0x08007f98                pvTaskIncrementMutexHeldCount
 .text.prvAddCurrentTaskToDelayedList
                0x08007fc0       0xc8 embedded-software\mcu-freertos\libfoxbms-os.a(tasks.c.1.o)
 .text.xTimerCreateTimerTask
                0x08008088       0x54 embedded-software\mcu-freertos\libfoxbms-os.a(timers.c.1.o)
                0x08008088                xTimerCreateTimerTask
 .text.xTimerGenericCommand
                0x080080dc       0x98 embedded-software\mcu-freertos\libfoxbms-os.a(timers.c.1.o)
                0x080080dc                xTimerGenericCommand
 .text.prvProcessExpiredTimer
                0x08008174       0x70 embedded-software\mcu-freertos\libfoxbms-os.a(timers.c.1.o)
 .text.prvTimerTask
                0x080081e4       0x24 embedded-software\mcu-freertos\libfoxbms-os.a(timers.c.1.o)
 .text.prvProcessTimerOrBlockTask
                0x08008208       0x9c embedded-software\mcu-freertos\libfoxbms-os.a(timers.c.1.o)
 .text.prvGetNextExpireTime
                0x080082a4       0x48 embedded-software\mcu-freertos\libfoxbms-os.a(timers.c.1.o)
 .text.prvSampleTimeNow
                0x080082ec       0x40 embedded-software\mcu-freertos\libfoxbms-os.a(timers.c.1.o)
 .text.prvInsertTimerInActiveList
                0x0800832c       0x84 embedded-software\mcu-freertos\libfoxbms-os.a(timers.c.1.o)
 .text.prvProcessReceivedCommands
                0x080083b0      0x10c embedded-software\mcu-freertos\libfoxbms-os.a(timers.c.1.o)
 .text.prvSwitchTimerLists
                0x080084bc       0xb0 embedded-software\mcu-freertos\libfoxbms-os.a(timers.c.1.o)
 .text.prvCheckForValidListAndQueue
                0x0800856c       0x6c embedded-software\mcu-freertos\libfoxbms-os.a(timers.c.1.o)
 .text.OS_TaskInit
                0x080085d8       0x50 embedded-software\mcu-freertos\libfoxbms-os.a(os.c.1.o)
                0x080085d8                OS_TaskInit
 .text.vApplicationIdleHook
                0x08008628        0xc embedded-software\mcu-freertos\libfoxbms-os.a(os.c.1.o)
                0x08008628                vApplicationIdleHook
 .text.OS_TSK_Engine
                0x08008634       0x1c embedded-software\mcu-freertos\libfoxbms-os.a(os.c.1.o)
                0x08008634                OS_TSK_Engine
 .text.OS_TSK_Cyclic_1ms
                0x08008650       0x60 embedded-software\mcu-freertos\libfoxbms-os.a(os.c.1.o)
                0x08008650                OS_TSK_Cyclic_1ms
 .text.OS_TSK_Cyclic_10ms
                0x080086b0       0x48 embedded-software\mcu-freertos\libfoxbms-os.a(os.c.1.o)
                0x080086b0                OS_TSK_Cyclic_10ms
 .text.OS_TSK_Cyclic_100ms
                0x080086f8       0x48 embedded-software\mcu-freertos\libfoxbms-os.a(os.c.1.o)
                0x080086f8                OS_TSK_Cyclic_100ms
 .text.OS_TSK_EventHandler
                0x08008740       0x48 embedded-software\mcu-freertos\libfoxbms-os.a(os.c.1.o)
                0x08008740                OS_TSK_EventHandler
 .text.OS_TSK_Diagnosis
                0x08008788       0x48 embedded-software\mcu-freertos\libfoxbms-os.a(os.c.1.o)
                0x08008788                OS_TSK_Diagnosis
 .text.OS_PostOSInit
                0x080087d0       0x40 embedded-software\mcu-freertos\libfoxbms-os.a(os.c.1.o)
                0x080087d0                OS_PostOSInit
 .text.OS_IdleTask
                0x08008810        0xc embedded-software\mcu-freertos\libfoxbms-os.a(os.c.1.o)
                0x08008810                OS_IdleTask
 .text.OS_TimerTrigger
                0x0800881c       0xbc embedded-software\mcu-freertos\libfoxbms-os.a(os.c.1.o)
 .text.OS_TaskEnter_Critical
                0x080088d8       0x38 embedded-software\mcu-freertos\libfoxbms-os.a(os.c.1.o)
                0x080088d8                OS_TaskEnter_Critical
 .text.OS_TaskExit_Critical
                0x08008910       0x2c embedded-software\mcu-freertos\libfoxbms-os.a(os.c.1.o)
                0x08008910                OS_TaskExit_Critical
 .text.vListInitialise
                0x0800893c       0x40 embedded-software\mcu-freertos\libfoxbms-os.a(list.c.1.o)
                0x0800893c                vListInitialise
 .text.vListInitialiseItem
                0x0800897c       0x18 embedded-software\mcu-freertos\libfoxbms-os.a(list.c.1.o)
                0x0800897c                vListInitialiseItem
 .text.vListInsertEnd
                0x08008994       0x48 embedded-software\mcu-freertos\libfoxbms-os.a(list.c.1.o)
                0x08008994                vListInsertEnd
 .text.vListInsert
                0x080089dc       0x70 embedded-software\mcu-freertos\libfoxbms-os.a(list.c.1.o)
                0x080089dc                vListInsert
 .text.uxListRemove
                0x08008a4c       0x54 embedded-software\mcu-freertos\libfoxbms-os.a(list.c.1.o)
                0x08008a4c                uxListRemove
 *src/engine*(.text*)
 *engine*.a:(.text*)
 .text.DATA_StoreDataBlock
                0x08008aa0       0x54 embedded-software\mcu-common\src\engine\libfoxbms-common-engine.a(database.c.1.o)
                0x08008aa0                DATA_StoreDataBlock
 .text.DATA_Task
                0x08008af4      0x1f0 embedded-software\mcu-common\src\engine\libfoxbms-common-engine.a(database.c.1.o)
                0x08008af4                DATA_Task
 .text.DATA_GetTable
                0x08008ce4       0x58 embedded-software\mcu-common\src\engine\libfoxbms-common-engine.a(database.c.1.o)
                0x08008ce4                DATA_GetTable
 .text.DATA_Init
                0x08008d3c       0xd4 embedded-software\mcu-common\src\engine\libfoxbms-common-engine.a(database.c.1.o)
 .text.dummyfu  0x08008e10       0x1c embedded-software\mcu-secondary\src\engine\libfoxbms-engine.a(diag_cfg.c.1.o)
                0x08008e10                dummyfu
 .text.DIAG_error_overvoltage
                0x08008e2c       0x44 embedded-software\mcu-secondary\src\engine\libfoxbms-engine.a(diag_cfg.c.1.o)
                0x08008e2c                DIAG_error_overvoltage
 .text.DIAG_error_undervoltage
                0x08008e70       0x44 embedded-software\mcu-secondary\src\engine\libfoxbms-engine.a(diag_cfg.c.1.o)
                0x08008e70                DIAG_error_undervoltage
 .text.DIAG_error_overtemperaturecharge
                0x08008eb4       0x44 embedded-software\mcu-secondary\src\engine\libfoxbms-engine.a(diag_cfg.c.1.o)
                0x08008eb4                DIAG_error_overtemperaturecharge
 .text.DIAG_error_overtemperaturedischarge
                0x08008ef8       0x44 embedded-software\mcu-secondary\src\engine\libfoxbms-engine.a(diag_cfg.c.1.o)
                0x08008ef8                DIAG_error_overtemperaturedischarge
 .text.DIAG_error_undertemperaturecharge
                0x08008f3c       0x44 embedded-software\mcu-secondary\src\engine\libfoxbms-engine.a(diag_cfg.c.1.o)
                0x08008f3c                DIAG_error_undertemperaturecharge
 .text.DIAG_error_undertemperaturedischarge
                0x08008f80       0x44 embedded-software\mcu-secondary\src\engine\libfoxbms-engine.a(diag_cfg.c.1.o)
                0x08008f80                DIAG_error_undertemperaturedischarge
 .text.DIAG_error_overcurrentcharge
                0x08008fc4       0x44 embedded-software\mcu-secondary\src\engine\libfoxbms-engine.a(diag_cfg.c.1.o)
                0x08008fc4                DIAG_error_overcurrentcharge
 .text.DIAG_error_overcurrentdischarge
                0x08009008       0x44 embedded-software\mcu-secondary\src\engine\libfoxbms-engine.a(diag_cfg.c.1.o)
                0x08009008                DIAG_error_overcurrentdischarge
 .text.DIAG_error_cantiming
                0x0800904c       0x48 embedded-software\mcu-secondary\src\engine\libfoxbms-engine.a(diag_cfg.c.1.o)
                0x0800904c                DIAG_error_cantiming
 .text.DIAG_error_cantiming_cc
                0x08009094       0x48 embedded-software\mcu-secondary\src\engine\libfoxbms-engine.a(diag_cfg.c.1.o)
                0x08009094                DIAG_error_cantiming_cc
 .text.DIAG_error_cancurrentsensor
                0x080090dc       0x44 embedded-software\mcu-secondary\src\engine\libfoxbms-engine.a(diag_cfg.c.1.o)
                0x080090dc                DIAG_error_cancurrentsensor
 .text.DIAG_error_ltcpec
                0x08009120       0x48 embedded-software\mcu-secondary\src\engine\libfoxbms-engine.a(diag_cfg.c.1.o)
                0x08009120                DIAG_error_ltcpec
 .text.DIAG_error_ltcmux
                0x08009168       0x48 embedded-software\mcu-secondary\src\engine\libfoxbms-engine.a(diag_cfg.c.1.o)
                0x08009168                DIAG_error_ltcmux
 .text.DIAG_error_ltcspi
                0x080091b0       0x48 embedded-software\mcu-secondary\src\engine\libfoxbms-engine.a(diag_cfg.c.1.o)
                0x080091b0                DIAG_error_ltcspi
 .text.DIAG_error_contactormainplus
                0x080091f8       0x44 embedded-software\mcu-secondary\src\engine\libfoxbms-engine.a(diag_cfg.c.1.o)
                0x080091f8                DIAG_error_contactormainplus
 .text.DIAG_error_contactormainminus
                0x0800923c       0x44 embedded-software\mcu-secondary\src\engine\libfoxbms-engine.a(diag_cfg.c.1.o)
                0x0800923c                DIAG_error_contactormainminus
 .text.DIAG_error_contactorprecharge
                0x08009280       0x44 embedded-software\mcu-secondary\src\engine\libfoxbms-engine.a(diag_cfg.c.1.o)
                0x08009280                DIAG_error_contactorprecharge
 .text.DIAG_error_contactorchargemainplus
                0x080092c4       0x44 embedded-software\mcu-secondary\src\engine\libfoxbms-engine.a(diag_cfg.c.1.o)
                0x080092c4                DIAG_error_contactorchargemainplus
 .text.DIAG_error_contactorchargemainminus
                0x08009308       0x44 embedded-software\mcu-secondary\src\engine\libfoxbms-engine.a(diag_cfg.c.1.o)
                0x08009308                DIAG_error_contactorchargemainminus
 .text.DIAG_error_contactorchargeprecharge
                0x0800934c       0x44 embedded-software\mcu-secondary\src\engine\libfoxbms-engine.a(diag_cfg.c.1.o)
                0x0800934c                DIAG_error_contactorchargeprecharge
 .text.DIAG_error_interlock
                0x08009390       0x44 embedded-software\mcu-secondary\src\engine\libfoxbms-engine.a(diag_cfg.c.1.o)
                0x08009390                DIAG_error_interlock
 .text.dummyfu2
                0x080093d4       0x14 embedded-software\mcu-secondary\src\engine\libfoxbms-engine.a(diag_cfg.c.1.o)
                0x080093d4                dummyfu2
 .text.ENG_CreateQueues
                0x080093e8       0x1c embedded-software\mcu-secondary\src\engine\libfoxbms-engine.a(enginetask_cfg.c.1.o)
                0x080093e8                ENG_CreateQueues
 .text.ENG_CreateMutex
                0x08009404        0xc embedded-software\mcu-secondary\src\engine\libfoxbms-engine.a(enginetask_cfg.c.1.o)
                0x08009404                ENG_CreateMutex
 .text.ENG_CreateEvent
                0x08009410        0xc embedded-software\mcu-secondary\src\engine\libfoxbms-engine.a(enginetask_cfg.c.1.o)
                0x08009410                ENG_CreateEvent
 .text.ENG_CreateTask
                0x0800941c      0x16c embedded-software\mcu-secondary\src\engine\libfoxbms-engine.a(enginetask_cfg.c.1.o)
                0x0800941c                ENG_CreateTask
 .text.DIAG_Reset
                0x08009588       0xc0 embedded-software\mcu-secondary\src\engine\libfoxbms-engine.a(diag.c.1.o)
 .text.DIAG_Init
                0x08009648      0x220 embedded-software\mcu-secondary\src\engine\libfoxbms-engine.a(diag.c.1.o)
                0x08009648                DIAG_Init
 .text.DIAG_EntryWrite
                0x08009868      0x208 embedded-software\mcu-secondary\src\engine\libfoxbms-engine.a(diag.c.1.o)
 .text.DIAG_Handler
                0x08009a70       0x90 embedded-software\mcu-secondary\src\engine\libfoxbms-engine.a(diag.c.1.o)
                0x08009a70                DIAG_Handler
 .text.DIAG_GeneralHandler
                0x08009b00      0x29c embedded-software\mcu-secondary\src\engine\libfoxbms-engine.a(diag.c.1.o)
 .text.DIAG_SysMon
                0x08009d9c      0x128 embedded-software\mcu-secondary\src\engine\libfoxbms-engine.a(diag.c.1.o)
                0x08009d9c                DIAG_SysMon
 .text.DIAG_SysMonNotify
                0x08009ec4       0x40 embedded-software\mcu-secondary\src\engine\libfoxbms-engine.a(diag.c.1.o)
                0x08009ec4                DIAG_SysMonNotify
 .text.DIAG_configASSERT
                0x08009f04       0x40 embedded-software\mcu-secondary\src\engine\libfoxbms-engine.a(diag.c.1.o)
                0x08009f04                DIAG_configASSERT
 .text.ENG_Init
                0x08009f44       0x98 embedded-software\mcu-secondary\src\engine\libfoxbms-engine.a(enginetask.c.1.o)
                0x08009f44                ENG_Init
 .text.ENG_TSK_Cyclic_1ms
                0x08009fdc       0x18 embedded-software\mcu-secondary\src\engine\libfoxbms-engine.a(enginetask.c.1.o)
                0x08009fdc                ENG_TSK_Cyclic_1ms
 .text.ENG_TSK_Cyclic_10ms
                0x08009ff4       0x10 embedded-software\mcu-secondary\src\engine\libfoxbms-engine.a(enginetask.c.1.o)
                0x08009ff4                ENG_TSK_Cyclic_10ms
 .text.ENG_TSK_Cyclic_100ms
                0x0800a004       0x24 embedded-software\mcu-secondary\src\engine\libfoxbms-engine.a(enginetask.c.1.o)
                0x0800a004                ENG_TSK_Cyclic_100ms
 .text.ENG_TSK_EventHandler
                0x0800a028        0xc embedded-software\mcu-secondary\src\engine\libfoxbms-engine.a(enginetask.c.1.o)
                0x0800a028                ENG_TSK_EventHandler
 .text.ENG_TSK_Diagnosis
                0x0800a034        0xc embedded-software\mcu-secondary\src\engine\libfoxbms-engine.a(enginetask.c.1.o)
                0x0800a034                ENG_TSK_Diagnosis
 .text.SYS_CheckReEntrance
                0x0800a040       0x3c embedded-software\mcu-secondary\src\engine\libfoxbms-engine.a(sys.c.1.o)
 .text.SYS_TransferStateRequest
                0x0800a07c       0x2c embedded-software\mcu-secondary\src\engine\libfoxbms-engine.a(sys.c.1.o)
 .text.SYS_SetStateRequest
                0x0800a0a8       0x3c embedded-software\mcu-secondary\src\engine\libfoxbms-engine.a(sys.c.1.o)
                0x0800a0a8                SYS_SetStateRequest
 .text.SYS_CheckStateRequest
                0x0800a0e4       0x48 embedded-software\mcu-secondary\src\engine\libfoxbms-engine.a(sys.c.1.o)
 .text.SYS_Trigger
                0x0800a12c      0x2b8 embedded-software\mcu-secondary\src\engine\libfoxbms-engine.a(sys.c.1.o)
                0x0800a12c                SYS_Trigger
 *src/general*(.text*)
 *src\\general*(.text*)
 .text.HAL_MspInit
                0x0800a3e4        0xc embedded-software\mcu-secondary\src\general\config\stm32f4xx_hal_msp.c.1.o
                0x0800a3e4                HAL_MspInit
 .text.HAL_CAN_MspInit
                0x0800a3f0       0xb4 embedded-software\mcu-secondary\src\general\config\stm32f4xx_hal_msp.c.1.o
                0x0800a3f0                HAL_CAN_MspInit
 .text.HAL_CAN_MspDeInit
                0x0800a4a4       0x94 embedded-software\mcu-secondary\src\general\config\stm32f4xx_hal_msp.c.1.o
                0x0800a4a4                HAL_CAN_MspDeInit
 .text.HAL_SPI_MspInit
                0x0800a538       0x40 embedded-software\mcu-secondary\src\general\config\stm32f4xx_hal_msp.c.1.o
                0x0800a538                HAL_SPI_MspInit
 .text.assert_failed
                0x0800a578        0xc embedded-software\mcu-secondary\src\general\config\stm32f4xx_hal_msp.c.1.o
                0x0800a578                assert_failed
 .text.NMI_Handler
                0x0800a584        0xc embedded-software\mcu-secondary\src\general\config\stm32f4xx_it.c.1.o
                0x0800a584                NMI_Handler
 .text.HardFault_Handler
                0x0800a590      0x13c embedded-software\mcu-secondary\src\general\config\stm32f4xx_it.c.1.o
                0x0800a590                HardFault_Handler
 .text.MemManage_Handler
                0x0800a6cc        0x8 embedded-software\mcu-secondary\src\general\config\stm32f4xx_it.c.1.o
                0x0800a6cc                MemManage_Handler
 .text.BusFault_Handler
                0x0800a6d4        0x8 embedded-software\mcu-secondary\src\general\config\stm32f4xx_it.c.1.o
                0x0800a6d4                BusFault_Handler
 .text.UsageFault_Handler
                0x0800a6dc        0x8 embedded-software\mcu-secondary\src\general\config\stm32f4xx_it.c.1.o
                0x0800a6dc                UsageFault_Handler
 .text.DebugMon_Handler
                0x0800a6e4        0xc embedded-software\mcu-secondary\src\general\config\stm32f4xx_it.c.1.o
                0x0800a6e4                DebugMon_Handler
 .text.SysTick_Handler
                0x0800a6f0       0x10 embedded-software\mcu-secondary\src\general\config\stm32f4xx_it.c.1.o
                0x0800a6f0                SysTick_Handler
 .text.CAN1_TX_IRQHandler
                0x0800a700       0x10 embedded-software\mcu-secondary\src\general\config\stm32f4xx_it.c.1.o
                0x0800a700                CAN1_TX_IRQHandler
 .text.CAN1_RX0_IRQHandler
                0x0800a710       0x14 embedded-software\mcu-secondary\src\general\config\stm32f4xx_it.c.1.o
                0x0800a710                CAN1_RX0_IRQHandler
 .text.CAN1_RX1_IRQHandler
                0x0800a724       0x14 embedded-software\mcu-secondary\src\general\config\stm32f4xx_it.c.1.o
                0x0800a724                CAN1_RX1_IRQHandler
 .text.CAN1_SCE_IRQHandler
                0x0800a738       0x14 embedded-software\mcu-secondary\src\general\config\stm32f4xx_it.c.1.o
                0x0800a738                CAN1_SCE_IRQHandler
 .text.CAN0_TX_IRQHandler
                0x0800a74c       0x10 embedded-software\mcu-secondary\src\general\config\stm32f4xx_it.c.1.o
                0x0800a74c                CAN0_TX_IRQHandler
 .text.CAN0_RX0_IRQHandler
                0x0800a75c       0x14 embedded-software\mcu-secondary\src\general\config\stm32f4xx_it.c.1.o
                0x0800a75c                CAN0_RX0_IRQHandler
 .text.CAN0_RX1_IRQHandler
                0x0800a770       0x14 embedded-software\mcu-secondary\src\general\config\stm32f4xx_it.c.1.o
                0x0800a770                CAN0_RX1_IRQHandler
 .text.CAN0_SCE_IRQHandler
                0x0800a784       0x14 embedded-software\mcu-secondary\src\general\config\stm32f4xx_it.c.1.o
                0x0800a784                CAN0_SCE_IRQHandler
 .text.SPI6_IRQHandler
                0x0800a798       0x18 embedded-software\mcu-secondary\src\general\config\stm32f4xx_it.c.1.o
                0x0800a798                SPI6_IRQHandler
 .text.SPI2_IRQHandler
                0x0800a7b0       0x18 embedded-software\mcu-secondary\src\general\config\stm32f4xx_it.c.1.o
                0x0800a7b0                SPI2_IRQHandler
 .text.DMA2_Stream0_IRQHandler
                0x0800a7c8       0x18 embedded-software\mcu-secondary\src\general\config\stm32f4xx_it.c.1.o
                0x0800a7c8                DMA2_Stream0_IRQHandler
 .text.DMA2_Stream1_IRQHandler
                0x0800a7e0       0x18 embedded-software\mcu-secondary\src\general\config\stm32f4xx_it.c.1.o
                0x0800a7e0                DMA2_Stream1_IRQHandler
 .text.DMA2_Stream2_IRQHandler
                0x0800a7f8       0x18 embedded-software\mcu-secondary\src\general\config\stm32f4xx_it.c.1.o
                0x0800a7f8                DMA2_Stream2_IRQHandler
 .text.DMA2_Stream3_IRQHandler
                0x0800a810       0x18 embedded-software\mcu-secondary\src\general\config\stm32f4xx_it.c.1.o
                0x0800a810                DMA2_Stream3_IRQHandler
 .text.USART3_IRQHandler
                0x0800a828        0xc embedded-software\mcu-secondary\src\general\config\stm32f4xx_it.c.1.o
                0x0800a828                USART3_IRQHandler
 .text.USART2_IRQHandler
                0x0800a834        0xc embedded-software\mcu-secondary\src\general\config\stm32f4xx_it.c.1.o
                0x0800a834                USART2_IRQHandler
 .text.ADC_IRQHandler
                0x0800a840       0x18 embedded-software\mcu-secondary\src\general\config\stm32f4xx_it.c.1.o
                0x0800a840                ADC_IRQHandler
 .text.TIM3_IRQHandler
                0x0800a858        0xc embedded-software\mcu-secondary\src\general\config\stm32f4xx_it.c.1.o
                0x0800a858                TIM3_IRQHandler
 .text.SystemInit
                0x0800a864       0x74 embedded-software\mcu-secondary\src\general\config\system_stm32f4xx.c.1.o
                0x0800a864                SystemInit
 .text.SystemInit_ExtMemCtl
                0x0800a8d8      0x238 embedded-software\mcu-secondary\src\general\config\system_stm32f4xx.c.1.o
 .text.main     0x0800ab10       0xc0 embedded-software\mcu-secondary\src\general\main.c.1.o
                0x0800ab10                main
 .text.SystemClock_Config
                0x0800abd0        0xc embedded-software\mcu-secondary\src\general\main.c.1.o
                0x0800abd0                SystemClock_Config
 .text.BOOT_Init
                0x0800abdc       0x54 embedded-software\mcu-secondary\src\general\main.c.1.o
                0x0800abdc                BOOT_Init
 .text.NVIC_PreOsInit
                0x0800ac30        0xc embedded-software\mcu-secondary\src\general\nvic.c.1.o
                0x0800ac30                NVIC_PreOsInit
 .text.NVIC_PostOsInit
                0x0800ac3c      0x144 embedded-software\mcu-secondary\src\general\nvic.c.1.o
                0x0800ac3c                NVIC_PostOsInit
 .text.NVIC_InitEXTI
                0x0800ad80        0xc embedded-software\mcu-secondary\src\general\nvic.c.1.o
 .text.Reset_Handler
                0x0800ad8c       0x50 embedded-software\mcu-secondary\src\general\config\startup_stm32f429xx.o
                0x0800ad8c                Reset_Handler
 .text.Default_Handler
                0x0800addc        0x2 embedded-software\mcu-secondary\src\general\config\startup_stm32f429xx.o
                0x0800addc                RTC_Alarm_IRQHandler
                0x0800addc                HASH_RNG_IRQHandler
                0x0800addc                EXTI2_IRQHandler
                0x0800addc                TIM8_CC_IRQHandler
                0x0800addc                UART8_IRQHandler
                0x0800addc                SPI4_IRQHandler
                0x0800addc                TIM1_CC_IRQHandler
                0x0800addc                DMA2_Stream5_IRQHandler
                0x0800addc                DMA1_Stream5_IRQHandler
                0x0800addc                PVD_IRQHandler
                0x0800addc                SDIO_IRQHandler
                0x0800addc                TAMP_STAMP_IRQHandler
                0x0800addc                EXTI3_IRQHandler
                0x0800addc                TIM8_TRG_COM_TIM14_IRQHandler
                0x0800addc                TIM1_UP_TIM10_IRQHandler
                0x0800addc                TIM8_UP_TIM13_IRQHandler
                0x0800addc                I2C3_ER_IRQHandler
                0x0800addc                EXTI0_IRQHandler
                0x0800addc                I2C2_EV_IRQHandler
                0x0800addc                DMA1_Stream2_IRQHandler
                0x0800addc                FPU_IRQHandler
                0x0800addc                OTG_HS_WKUP_IRQHandler
                0x0800addc                LTDC_ER_IRQHandler
                0x0800addc                SPI1_IRQHandler
                0x0800addc                TIM6_DAC_IRQHandler
                0x0800addc                TIM1_BRK_TIM9_IRQHandler
                0x0800addc                DCMI_IRQHandler
                0x0800addc                USART6_IRQHandler
                0x0800addc                UART5_IRQHandler
                0x0800addc                TIM4_IRQHandler
                0x0800addc                I2C1_EV_IRQHandler
                0x0800addc                DMA1_Stream6_IRQHandler
                0x0800addc                DMA1_Stream1_IRQHandler
                0x0800addc                UART4_IRQHandler
                0x0800addc                RCC_IRQHandler
                0x0800addc                TIM8_BRK_TIM12_IRQHandler
                0x0800addc                Default_Handler
                0x0800addc                EXTI15_10_IRQHandler
                0x0800addc                DMA1_Stream7_IRQHandler
                0x0800addc                SPI5_IRQHandler
                0x0800addc                TIM7_IRQHandler
                0x0800addc                TIM5_IRQHandler
                0x0800addc                DMA2_Stream7_IRQHandler
                0x0800addc                I2C3_EV_IRQHandler
                0x0800addc                EXTI9_5_IRQHandler
                0x0800addc                RTC_WKUP_IRQHandler
                0x0800addc                LTDC_IRQHandler
                0x0800addc                ETH_WKUP_IRQHandler
                0x0800addc                OTG_HS_EP1_IN_IRQHandler
                0x0800addc                DMA1_Stream0_IRQHandler
                0x0800addc                EXTI4_IRQHandler
                0x0800addc                ETH_IRQHandler
                0x0800addc                OTG_HS_EP1_OUT_IRQHandler
                0x0800addc                WWDG_IRQHandler
                0x0800addc                TIM2_IRQHandler
                0x0800addc                OTG_FS_WKUP_IRQHandler
                0x0800addc                TIM1_TRG_COM_TIM11_IRQHandler
                0x0800addc                OTG_HS_IRQHandler
                0x0800addc                DMA2D_IRQHandler
                0x0800addc                EXTI1_IRQHandler
                0x0800addc                UART7_IRQHandler
                0x0800addc                I2C2_ER_IRQHandler
                0x0800addc                FLASH_IRQHandler
                0x0800addc                DMA2_Stream4_IRQHandler
                0x0800addc                USART1_IRQHandler
                0x0800addc                OTG_FS_IRQHandler
                0x0800addc                SPI3_IRQHandler
                0x0800addc                DMA1_Stream4_IRQHandler
                0x0800addc                I2C1_ER_IRQHandler
                0x0800addc                FMC_IRQHandler
                0x0800addc                DMA2_Stream6_IRQHandler
                0x0800addc                SAI1_IRQHandler
                0x0800addc                DMA1_Stream3_IRQHandler
 *src/module*(.text*)
 *module.a:(.text*)
 *fill*         0x0800adde        0x2 ff
 .text.ADC_Ctrl
                0x0800ade0       0x5c embedded-software\mcu-secondary\src\module\libfoxbms-module.a(adc_ex.c.1.o)
                0x0800ade0                ADC_Ctrl
 *fill*         0x0800ae3c        0x4 ff
 .text.HAL_ADC_ConvCpltCallback
                0x0800ae40      0x10c embedded-software\mcu-secondary\src\module\libfoxbms-module.a(adc_ex.c.1.o)
                0x0800ae40                HAL_ADC_ConvCpltCallback
 .text.TIM_Init
                0x0800af4c        0xc embedded-software\mcu-secondary\src\module\libfoxbms-module.a(timer.c.1.o)
                0x0800af4c                TIM_Init
 .text.TIM_IRQHandler
                0x0800af58       0x60 embedded-software\mcu-secondary\src\module\libfoxbms-module.a(timer.c.1.o)
                0x0800af58                TIM_IRQHandler
 .text.ADC_Init
                0x0800afb8       0xf4 embedded-software\mcu-common\src\module\libfoxbms-common-module.a(adc.c.1.o)
                0x0800afb8                ADC_Init
 .text.ADC_Convert
                0x0800b0ac       0x14 embedded-software\mcu-common\src\module\libfoxbms-common-module.a(adc.c.1.o)
                0x0800b0ac                ADC_Convert
 .text.CAN_Init
                0x0800b0c0       0x7c embedded-software\mcu-common\src\module\libfoxbms-common-module.a(can.c.1.o)
                0x0800b0c0                CAN_Init
 .text.CAN_InitFilter
                0x0800b13c      0x514 embedded-software\mcu-common\src\module\libfoxbms-common-module.a(can.c.1.o)
 .text.CAN_NumberOfNeededFilters
                0x0800b650      0x2b4 embedded-software\mcu-common\src\module\libfoxbms-common-module.a(can.c.1.o)
 .text.CAN_GetNextID
                0x0800b904      0x1ec embedded-software\mcu-common\src\module\libfoxbms-common-module.a(can.c.1.o)
 .text.CAN_TX_IRQHandler
                0x0800baf0       0x60 embedded-software\mcu-common\src\module\libfoxbms-common-module.a(can.c.1.o)
                0x0800baf0                CAN_TX_IRQHandler
 .text.CAN_RX_IRQHandler
                0x0800bb50       0x68 embedded-software\mcu-common\src\module\libfoxbms-common-module.a(can.c.1.o)
                0x0800bb50                CAN_RX_IRQHandler
 .text.CAN_Error_IRQHandler
                0x0800bbb8      0x2a8 embedded-software\mcu-common\src\module\libfoxbms-common-module.a(can.c.1.o)
                0x0800bbb8                CAN_Error_IRQHandler
 .text.CAN_Disable_Transmit_IT
                0x0800be60       0x64 embedded-software\mcu-common\src\module\libfoxbms-common-module.a(can.c.1.o)
 .text.CAN_TxCpltCallback
                0x0800bec4       0x6c embedded-software\mcu-common\src\module\libfoxbms-common-module.a(can.c.1.o)
 .text.CAN_ErrorCallback
                0x0800bf30       0x14 embedded-software\mcu-common\src\module\libfoxbms-common-module.a(can.c.1.o)
 .text.CAN_TxMsg
                0x0800bf44       0xec embedded-software\mcu-common\src\module\libfoxbms-common-module.a(can.c.1.o)
                0x0800bf44                CAN_TxMsg
 .text.CAN_TxMsgBuffer
                0x0800c030       0xd8 embedded-software\mcu-common\src\module\libfoxbms-common-module.a(can.c.1.o)
                0x0800c030                CAN_TxMsgBuffer
 .text.CAN_RxMsg
                0x0800c108      0x5bc embedded-software\mcu-common\src\module\libfoxbms-common-module.a(can.c.1.o)
 .text.CAN_BufferBypass
                0x0800c6c4      0x1a4 embedded-software\mcu-common\src\module\libfoxbms-common-module.a(can.c.1.o)
 .text.CAN_InterpretReceivedMsg
                0x0800c868       0x28 embedded-software\mcu-common\src\module\libfoxbms-common-module.a(can.c.1.o)
 .text.CHK_Flashchecksum
                0x0800c890       0x4c embedded-software\mcu-common\src\module\libfoxbms-common-module.a(chksum.c.1.o)
                0x0800c890                CHK_Flashchecksum
 .text.CHK_crc32
                0x0800c8dc       0x90 embedded-software\mcu-common\src\module\libfoxbms-common-module.a(chksum.c.1.o)
                0x0800c8dc                CHK_crc32
 .text.DMA_Init
                0x0800c96c      0x248 embedded-software\mcu-common\src\module\libfoxbms-common-module.a(dma.c.1.o)
                0x0800c96c                DMA_Init
 .text.ILCK_GetInterlockSetValue
                0x0800cbb4       0x28 embedded-software\mcu-common\src\module\libfoxbms-common-module.a(interlock.c.1.o)
                0x0800cbb4                ILCK_GetInterlockSetValue
 .text.ILCK_GetInterlockFeedback
                0x0800cbdc       0x54 embedded-software\mcu-common\src\module\libfoxbms-common-module.a(interlock.c.1.o)
                0x0800cbdc                ILCK_GetInterlockFeedback
 .text.ILCK_SetInterlockState
                0x0800cc30       0x58 embedded-software\mcu-common\src\module\libfoxbms-common-module.a(interlock.c.1.o)
                0x0800cc30                ILCK_SetInterlockState
 .text.ILCK_SwitchInterlockOff
                0x0800cc88       0x20 embedded-software\mcu-common\src\module\libfoxbms-common-module.a(interlock.c.1.o)
                0x0800cc88                ILCK_SwitchInterlockOff
 .text.ILCK_SwitchInterlockOn
                0x0800cca8       0x20 embedded-software\mcu-common\src\module\libfoxbms-common-module.a(interlock.c.1.o)
                0x0800cca8                ILCK_SwitchInterlockOn
 .text.ILCK_CheckReEntrance
                0x0800ccc8       0x3c embedded-software\mcu-common\src\module\libfoxbms-common-module.a(interlock.c.1.o)
 .text.ILCK_GetState
                0x0800cd04       0x18 embedded-software\mcu-common\src\module\libfoxbms-common-module.a(interlock.c.1.o)
                0x0800cd04                ILCK_GetState
 .text.ILCK_TransferStateRequest
                0x0800cd1c       0x2c embedded-software\mcu-common\src\module\libfoxbms-common-module.a(interlock.c.1.o)
 .text.ILCK_SetStateRequest
                0x0800cd48       0x3c embedded-software\mcu-common\src\module\libfoxbms-common-module.a(interlock.c.1.o)
                0x0800cd48                ILCK_SetStateRequest
 .text.ILCK_CheckStateRequest
                0x0800cd84       0x58 embedded-software\mcu-common\src\module\libfoxbms-common-module.a(interlock.c.1.o)
 .text.ILCK_Trigger
                0x0800cddc      0x1f8 embedded-software\mcu-common\src\module\libfoxbms-common-module.a(interlock.c.1.o)
                0x0800cddc                ILCK_Trigger
 .text.ILCK_CheckFeedback
                0x0800cfd4       0x74 embedded-software\mcu-common\src\module\libfoxbms-common-module.a(interlock.c.1.o)
 .text.IO_Init  0x0800d048      0x17c embedded-software\mcu-common\src\module\libfoxbms-common-module.a(io.c.1.o)
                0x0800d048                IO_Init
 .text.IO_ReadPin
                0x0800d1c4       0x40 embedded-software\mcu-common\src\module\libfoxbms-common-module.a(io.c.1.o)
                0x0800d1c4                IO_ReadPin
 .text.IO_WritePin
                0x0800d204       0x44 embedded-software\mcu-common\src\module\libfoxbms-common-module.a(io.c.1.o)
                0x0800d204                IO_WritePin
 .text.IO_TogglePin
                0x0800d248       0x38 embedded-software\mcu-common\src\module\libfoxbms-common-module.a(io.c.1.o)
                0x0800d248                IO_TogglePin
 .text.IO_ClkInit
                0x0800d280       0xac embedded-software\mcu-common\src\module\libfoxbms-common-module.a(io.c.1.o)
 .text.GPIO_Check
                0x0800d32c      0x380 embedded-software\mcu-common\src\module\libfoxbms-common-module.a(portcheck.c.1.o)
                0x0800d32c                GPIO_Check
 .text.MEAS_Ctrl
                0x0800d6ac        0xc embedded-software\mcu-common\src\module\libfoxbms-common-module.a(meas.c.1.o)
                0x0800d6ac                MEAS_Ctrl
 .text.MEAS_StartMeasurement
                0x0800d6b8       0x24 embedded-software\mcu-common\src\module\libfoxbms-common-module.a(meas.c.1.o)
                0x0800d6b8                MEAS_StartMeasurement
 .text.LTC_Initialize_Database
                0x0800d6dc      0x1dc embedded-software\mcu-common\src\module\libfoxbms-common-module.a(ltc.c.1.o)
 .text.LTC_SaveVoltages
                0x0800d8b8      0x18c embedded-software\mcu-common\src\module\libfoxbms-common-module.a(ltc.c.1.o)
                0x0800d8b8                LTC_SaveVoltages
 .text.LTC_SaveTemperatures
                0x0800da44      0x150 embedded-software\mcu-common\src\module\libfoxbms-common-module.a(ltc.c.1.o)
                0x0800da44                LTC_SaveTemperatures
 .text.LTC_SaveBalancingFeedback
                0x0800db94       0x84 embedded-software\mcu-common\src\module\libfoxbms-common-module.a(ltc.c.1.o)
 .text.LTC_Get_BalancingControlValues
                0x0800dc18       0x14 embedded-software\mcu-common\src\module\libfoxbms-common-module.a(ltc.c.1.o)
 *fill*         0x0800dc2c        0x4 ff
 .text.LTC_Convert_MuxVoltages_to_Temperatures
                0x0800dc30       0x48 embedded-software\mcu-common\src\module\libfoxbms-common-module.a(ltc.c.1.o)
 .text.LTC_CheckReEntrance
                0x0800dc78       0x40 embedded-software\mcu-common\src\module\libfoxbms-common-module.a(ltc.c.1.o)
                0x0800dc78                LTC_CheckReEntrance
 .text.LTC_TransferStateRequest
                0x0800dcb8       0x44 embedded-software\mcu-common\src\module\libfoxbms-common-module.a(ltc.c.1.o)
                0x0800dcb8                LTC_TransferStateRequest
 .text.LTC_SetStateRequest
                0x0800dcfc       0x48 embedded-software\mcu-common\src\module\libfoxbms-common-module.a(ltc.c.1.o)
                0x0800dcfc                LTC_SetStateRequest
 .text.LTC_Trigger
                0x0800dd44     0x1c4c embedded-software\mcu-common\src\module\libfoxbms-common-module.a(ltc.c.1.o)
                0x0800dd44                LTC_Trigger
 .text.LTC_SaveMuxMeasurement
                0x0800f990      0x190 embedded-software\mcu-common\src\module\libfoxbms-common-module.a(ltc.c.1.o)
 .text.LTC_SaveRXtoVoltagebuffer
                0x0800fb20      0x168 embedded-software\mcu-common\src\module\libfoxbms-common-module.a(ltc.c.1.o)
 .text.LTC_I2CCheckACK
                0x0800fc88       0xc8 embedded-software\mcu-common\src\module\libfoxbms-common-module.a(ltc.c.1.o)
 .text.LTC_Init
                0x0800fd50      0x1e0 embedded-software\mcu-common\src\module\libfoxbms-common-module.a(ltc.c.1.o)
 .text.LTC_BalanceControl
                0x0800ff30      0x50c embedded-software\mcu-common\src\module\libfoxbms-common-module.a(ltc.c.1.o)
 .text.LTC_ResetErrorTable
                0x0801043c       0x7c embedded-software\mcu-common\src\module\libfoxbms-common-module.a(ltc.c.1.o)
 .text.LTC_Get_MeasurementTCycle
                0x080104b8       0xc0 embedded-software\mcu-common\src\module\libfoxbms-common-module.a(ltc.c.1.o)
 .text.LTC_StartVoltageMeasurement
                0x08010578       0xf4 embedded-software\mcu-common\src\module\libfoxbms-common-module.a(ltc.c.1.o)
 .text.LTC_StartGPIOMeasurement
                0x0801066c      0x194 embedded-software\mcu-common\src\module\libfoxbms-common-module.a(ltc.c.1.o)
 .text.LTC_RX_PECCheck
                0x08010800      0x120 embedded-software\mcu-common\src\module\libfoxbms-common-module.a(ltc.c.1.o)
 .text.LTC_RX   0x08010920       0x78 embedded-software\mcu-common\src\module\libfoxbms-common-module.a(ltc.c.1.o)
 .text.LTC_TX   0x08010998      0x1c8 embedded-software\mcu-common\src\module\libfoxbms-common-module.a(ltc.c.1.o)
 .text.LTC_SetMUXChCommand
                0x08010b60      0x110 embedded-software\mcu-common\src\module\libfoxbms-common-module.a(ltc.c.1.o)
 .text.LTC_SendEEPROMReadCommand
                0x08010c70       0x44 embedded-software\mcu-common\src\module\libfoxbms-common-module.a(ltc.c.1.o)
 .text.LTC_SetEEPROMReadCommand
                0x08010cb4      0x1c4 embedded-software\mcu-common\src\module\libfoxbms-common-module.a(ltc.c.1.o)
 .text.LTC_EEPROMSaveReadValue
                0x08010e78       0x80 embedded-software\mcu-common\src\module\libfoxbms-common-module.a(ltc.c.1.o)
 .text.LTC_SendEEPROMWriteCommand
                0x08010ef8       0x44 embedded-software\mcu-common\src\module\libfoxbms-common-module.a(ltc.c.1.o)
 .text.LTC_SetEEPROMWriteCommand
                0x08010f3c      0x1e8 embedded-software\mcu-common\src\module\libfoxbms-common-module.a(ltc.c.1.o)
 .text.LTC_SetMuxChannel
                0x08011124       0x50 embedded-software\mcu-common\src\module\libfoxbms-common-module.a(ltc.c.1.o)
 .text.LTC_Send_I2C_Command
                0x08011174       0xdc embedded-software\mcu-common\src\module\libfoxbms-common-module.a(ltc.c.1.o)
 .text.LTC_TempSensSaveTemp
                0x08011250       0xbc embedded-software\mcu-common\src\module\libfoxbms-common-module.a(ltc.c.1.o)
 .text.LTC_SetPortExpander
                0x0801130c       0xf4 embedded-software\mcu-common\src\module\libfoxbms-common-module.a(ltc.c.1.o)
 .text.LTC_PortExpanderSaveValues
                0x08011400       0x70 embedded-software\mcu-common\src\module\libfoxbms-common-module.a(ltc.c.1.o)
 .text.LTC_I2CClock
                0x08011470       0x68 embedded-software\mcu-common\src\module\libfoxbms-common-module.a(ltc.c.1.o)
 .text.LTC_GetSPIClock
                0x080114d8       0x94 embedded-software\mcu-common\src\module\libfoxbms-common-module.a(ltc.c.1.o)
 .text.LTC_SetTransferTimes
                0x0801156c       0x7c embedded-software\mcu-common\src\module\libfoxbms-common-module.a(ltc.c.1.o)
 .text.LTC_CheckStateRequest
                0x080115e8       0x40 embedded-software\mcu-common\src\module\libfoxbms-common-module.a(ltc.c.1.o)
 .text.LTC_IsFirstMeasurementCycleFinished
                0x08011628       0x28 embedded-software\mcu-common\src\module\libfoxbms-common-module.a(ltc.c.1.o)
                0x08011628                LTC_IsFirstMeasurementCycleFinished
 .text.LTC_SetFirstMeasurementCycleFinished
                0x08011650       0x1c embedded-software\mcu-common\src\module\libfoxbms-common-module.a(ltc.c.1.o)
                0x08011650                LTC_SetFirstMeasurementCycleFinished
 .text.LTC_pec15_calc
                0x0801166c       0x70 embedded-software\mcu-common\src\module\libfoxbms-common-module.a(ltc_pec.c.1.o)
                0x0801166c                LTC_pec15_calc
 .text.MCU_SystemResetStatus_Init
                0x080116dc       0x50 embedded-software\mcu-common\src\module\libfoxbms-common-module.a(mcu.c.1.o)
                0x080116dc                MCU_SystemResetStatus_Init
 .text.MCU_GetTimeStamp
                0x0801172c       0x10 embedded-software\mcu-common\src\module\libfoxbms-common-module.a(mcu.c.1.o)
                0x0801172c                MCU_GetTimeStamp
 .text.MCU_GetDeviceID
                0x0801173c       0x38 embedded-software\mcu-common\src\module\libfoxbms-common-module.a(mcu.c.1.o)
                0x0801173c                MCU_GetDeviceID
 .text.RCC_ClockConfig
                0x08011774       0x44 embedded-software\mcu-common\src\module\libfoxbms-common-module.a(rcc.c.1.o)
                0x08011774                RCC_ClockConfig
 .text.RTC_Init
                0x080117b8       0xb4 embedded-software\mcu-common\src\module\libfoxbms-common-module.a(rtc.c.1.o)
                0x080117b8                RTC_Init
 .text.RTC_getTime
                0x0801186c       0x1c embedded-software\mcu-common\src\module\libfoxbms-common-module.a(rtc.c.1.o)
                0x0801186c                RTC_getTime
 .text.RTC_getDate
                0x08011888       0x1c embedded-software\mcu-common\src\module\libfoxbms-common-module.a(rtc.c.1.o)
                0x08011888                RTC_getDate
 .text.BKP_SRAM_Init
                0x080118a4       0x40 embedded-software\mcu-common\src\module\libfoxbms-common-module.a(bkpsram.c.1.o)
                0x080118a4                BKP_SRAM_Init
 .text.SPI_Init
                0x080118e4      0x1b8 embedded-software\mcu-common\src\module\libfoxbms-common-module.a(spi.c.1.o)
                0x080118e4                SPI_Init
 .text.HAL_SPI_TxRxCpltCallback
                0x08011a9c       0x2c embedded-software\mcu-common\src\module\libfoxbms-common-module.a(spi.c.1.o)
                0x08011a9c                HAL_SPI_TxRxCpltCallback
 .text.HAL_SPI_TxCpltCallback
                0x08011ac8       0x2c embedded-software\mcu-common\src\module\libfoxbms-common-module.a(spi.c.1.o)
                0x08011ac8                HAL_SPI_TxCpltCallback
 .text.SPI_SetCS
                0x08011af4       0x4c embedded-software\mcu-common\src\module\libfoxbms-common-module.a(spi.c.1.o)
                0x08011af4                SPI_SetCS
 .text.SPI_UnsetCS
                0x08011b40       0x4c embedded-software\mcu-common\src\module\libfoxbms-common-module.a(spi.c.1.o)
                0x08011b40                SPI_UnsetCS
 .text.SPI_Transmit
                0x08011b8c       0x40 embedded-software\mcu-common\src\module\libfoxbms-common-module.a(spi.c.1.o)
                0x08011b8c                SPI_Transmit
 .text.SPI_TransmitReceive
                0x08011bcc       0x40 embedded-software\mcu-common\src\module\libfoxbms-common-module.a(spi.c.1.o)
                0x08011bcc                SPI_TransmitReceive
 .text.SPI_IsTransmitOngoing
                0x08011c0c       0x24 embedded-software\mcu-common\src\module\libfoxbms-common-module.a(spi.c.1.o)
                0x08011c0c                SPI_IsTransmitOngoing
 .text.SPI_SetTransmitOngoing
                0x08011c30       0x18 embedded-software\mcu-common\src\module\libfoxbms-common-module.a(spi.c.1.o)
                0x08011c30                SPI_SetTransmitOngoing
 .text.LED_Init
                0x08011c48       0x18 embedded-software\mcu-common\src\module\libfoxbms-common-module.a(led.c.1.o)
                0x08011c48                LED_Init
 .text.LED_Ctrl
                0x08011c60      0x1d4 embedded-software\mcu-common\src\module\libfoxbms-common-module.a(led.c.1.o)
                0x08011c60                LED_Ctrl
 .text.WDG_Init
                0x08011e34       0x38 embedded-software\mcu-common\src\module\libfoxbms-common-module.a(wdg.c.1.o)
                0x08011e34                WDG_Init
 .text.WDG_IWDG_Refresh
                0x08011e6c       0x10 embedded-software\mcu-common\src\module\libfoxbms-common-module.a(wdg.c.1.o)
                0x08011e6c                WDG_IWDG_Refresh
 .text.CAN_CheckNodeID
                0x08011e7c       0x2c embedded-software\mcu-common\src\module\libfoxbms-common-module.a(can_cfg.c.1.o)
                0x08011e7c                CAN_CheckNodeID
 .text.CAN_CheckBroadcastID
                0x08011ea8       0x28 embedded-software\mcu-common\src\module\libfoxbms-common-module.a(can_cfg.c.1.o)
                0x08011ea8                CAN_CheckBroadcastID
 .text.CAN_CheckUniqueDeviceID
                0x08011ed0       0x30 embedded-software\mcu-common\src\module\libfoxbms-common-module.a(can_cfg.c.1.o)
                0x08011ed0                CAN_CheckUniqueDeviceID
 *src/application*(.text*)
 *application.a:(.text*)
 .text.APPL_CreateMutex
                0x08011f00        0xc embedded-software\mcu-secondary\src\application\libfoxbms-application.a(appltask.c.1.o)
                0x08011f00                APPL_CreateMutex
 .text.APPL_CreateEvent
                0x08011f0c        0xc embedded-software\mcu-secondary\src\application\libfoxbms-application.a(appltask.c.1.o)
                0x08011f0c                APPL_CreateEvent
 .text.APPL_CreateTask
                0x08011f18       0xb8 embedded-software\mcu-secondary\src\application\libfoxbms-application.a(appltask.c.1.o)
                0x08011f18                APPL_CreateTask
 .text.APPL_TSK_Cyclic_1ms
                0x08011fd0       0x48 embedded-software\mcu-secondary\src\application\libfoxbms-application.a(appltask.c.1.o)
                0x08011fd0                APPL_TSK_Cyclic_1ms
 .text.APPL_TSK_Cyclic_10ms
                0x08012018       0x48 embedded-software\mcu-secondary\src\application\libfoxbms-application.a(appltask.c.1.o)
                0x08012018                APPL_TSK_Cyclic_10ms
 .text.APPL_TSK_Cyclic_100ms
                0x08012060       0x48 embedded-software\mcu-secondary\src\application\libfoxbms-application.a(appltask.c.1.o)
                0x08012060                APPL_TSK_Cyclic_100ms
 .text.APPL_Cyclic_1ms
                0x080120a8       0x14 embedded-software\mcu-secondary\src\application\libfoxbms-application.a(appltask_cfg.c.1.o)
                0x080120a8                APPL_Cyclic_1ms
 .text.APPL_Cyclic_10ms
                0x080120bc       0x10 embedded-software\mcu-secondary\src\application\libfoxbms-application.a(appltask_cfg.c.1.o)
                0x080120bc                APPL_Cyclic_10ms
 .text.APPL_Cyclic_100ms
                0x080120cc       0x10 embedded-software\mcu-secondary\src\application\libfoxbms-application.a(appltask_cfg.c.1.o)
                0x080120cc                APPL_Cyclic_100ms
 .text.BMS_CheckReEntrance
                0x080120dc       0x3c embedded-software\mcu-secondary\src\application\libfoxbms-application.a(bms.c.1.o)
 .text.BMS_GetState
                0x08012118       0x18 embedded-software\mcu-secondary\src\application\libfoxbms-application.a(bms.c.1.o)
                0x08012118                BMS_GetState
 .text.BMS_TransferStateRequest
                0x08012130       0x2c embedded-software\mcu-secondary\src\application\libfoxbms-application.a(bms.c.1.o)
 .text.BMS_SetStateRequest
                0x0801215c       0x3c embedded-software\mcu-secondary\src\application\libfoxbms-application.a(bms.c.1.o)
                0x0801215c                BMS_SetStateRequest
 .text.BMS_CheckStateRequest
                0x08012198       0x48 embedded-software\mcu-secondary\src\application\libfoxbms-application.a(bms.c.1.o)
 .text.BMS_Trigger
                0x080121e0      0x210 embedded-software\mcu-secondary\src\application\libfoxbms-application.a(bms.c.1.o)
                0x080121e0                BMS_Trigger
 .text.BMS_CheckVoltages
                0x080123f0       0x5c embedded-software\mcu-secondary\src\application\libfoxbms-application.a(bms.c.1.o)
 .text.BMS_CheckTemperatures
                0x0801244c       0xd8 embedded-software\mcu-secondary\src\application\libfoxbms-application.a(bms.c.1.o)
 .text.BMS_CheckCurrent
                0x08012524       0x94 embedded-software\mcu-secondary\src\application\libfoxbms-application.a(bms.c.1.o)
 .text.BMS_CheckAnyErrorFlagSet
                0x080125b8       0x9c embedded-software\mcu-secondary\src\application\libfoxbms-application.a(bms.c.1.o)
 *(.text)
 *(.text*)
 *(.glue_7)
 .glue_7        0x00000000        0x0 linker stubs
 *(.glue_7t)
 .glue_7t       0x00000000        0x0 linker stubs
 *(.eh_frame)
 .eh_frame      0x08012654        0x0 c:/foxconda/library/bin/../lib/gcc/arm-none-eabi/4.9.3/armv7e-m/softfp/crtbegin.o
 *(.init)
 .init          0x08012654        0x4 c:/foxconda/library/bin/../lib/gcc/arm-none-eabi/4.9.3/armv7e-m/softfp/crti.o
                0x08012654                _init
 .init          0x08012658        0x8 c:/foxconda/library/bin/../lib/gcc/arm-none-eabi/4.9.3/armv7e-m/softfp/crtn.o
 *(.fini)
 .fini          0x08012660        0x4 c:/foxconda/library/bin/../lib/gcc/arm-none-eabi/4.9.3/armv7e-m/softfp/crti.o
                0x08012660                _fini
 .fini          0x08012664        0x8 c:/foxconda/library/bin/../lib/gcc/arm-none-eabi/4.9.3/armv7e-m/softfp/crtn.o
                0x08012670                . = ALIGN (0x10)
 *fill*         0x0801266c        0x4 ff
                0x08012670                _etext = .

.vfp11_veneer   0x08012670        0x0
 .vfp11_veneer  0x00000000        0x0 linker stubs

.v4_bx          0x08012670        0x0
 .v4_bx         0x00000000        0x0 linker stubs

.iplt           0x08012670        0x0
 .iplt          0x00000000        0x0 c:/foxconda/library/bin/../lib/gcc/arm-none-eabi/4.9.3/armv7e-m/softfp/crtbegin.o

.rodata         0x08012670      0xa54
                0x08012670                . = ALIGN (0x4)
 *(.rodata)
 .rodata        0x08012670        0x5 embedded-software\mcu-freertos\libfoxbms-os.a(tasks.c.1.o)
 *fill*         0x08012675        0x3 ff
 .rodata        0x08012678        0xd embedded-software\mcu-freertos\libfoxbms-os.a(timers.c.1.o)
 *fill*         0x08012685        0x3 ff
 .rodata        0x08012688       0x42 embedded-software\mcu-secondary\src\application\libfoxbms-application.a(appltask.c.1.o)
 *fill*         0x080126ca        0x2 ff
 .rodata        0x080126cc       0x62 embedded-software\mcu-secondary\src\engine\libfoxbms-engine.a(enginetask_cfg.c.1.o)
 *fill*         0x0801272e        0x2 ff
 .rodata        0x08012730       0x4d embedded-software\mcu-hal\STM32F4xx_HAL_Driver\libfoxbms-stmhal.a(stm32f4xx_hal_adc.c.1.o)
 *fill*         0x0801277d        0x3 ff
 .rodata        0x08012780       0x4d embedded-software\mcu-hal\STM32F4xx_HAL_Driver\libfoxbms-stmhal.a(stm32f4xx_hal_can.c.1.o)
 *fill*         0x080127cd        0x3 ff
 .rodata        0x080127d0       0x50 embedded-software\mcu-hal\STM32F4xx_HAL_Driver\libfoxbms-stmhal.a(stm32f4xx_hal_cortex.c.1.o)
 .rodata        0x08012820       0x4d embedded-software\mcu-hal\STM32F4xx_HAL_Driver\libfoxbms-stmhal.a(stm32f4xx_hal_dma.c.1.o)
 *fill*         0x0801286d        0x3 ff
 .rodata        0x08012870       0x4e embedded-software\mcu-hal\STM32F4xx_HAL_Driver\libfoxbms-stmhal.a(stm32f4xx_hal_gpio.c.1.o)
 *fill*         0x080128be        0x2 ff
 .rodata        0x080128c0       0x4e embedded-software\mcu-hal\STM32F4xx_HAL_Driver\libfoxbms-stmhal.a(stm32f4xx_hal_iwdg.c.1.o)
 *fill*         0x0801290e        0x2 ff
 .rodata        0x08012910       0x4d embedded-software\mcu-hal\STM32F4xx_HAL_Driver\libfoxbms-stmhal.a(stm32f4xx_hal_rcc.c.1.o)
 *fill*         0x0801295d        0x3 ff
 .rodata        0x08012960       0x50 embedded-software\mcu-hal\STM32F4xx_HAL_Driver\libfoxbms-stmhal.a(stm32f4xx_hal_rcc_ex.c.1.o)
 .rodata        0x080129b0       0x4d embedded-software\mcu-hal\STM32F4xx_HAL_Driver\libfoxbms-stmhal.a(stm32f4xx_hal_rtc.c.1.o)
 *fill*         0x080129fd        0x3 ff
 .rodata        0x08012a00       0x4d embedded-software\mcu-hal\STM32F4xx_HAL_Driver\libfoxbms-stmhal.a(stm32f4xx_hal_spi.c.1.o)
 *(.rodata*)
 .rodata.nvic_cfg_length
                0x08012a4d        0x1 embedded-software\mcu-secondary\src\general\config\nvic_cfg.c.1.o
                0x08012a4d                nvic_cfg_length
 *fill*         0x08012a4e        0x2 ff
 .rodata.appl_tskdef_10ms
                0x08012a50       0x10 embedded-software\mcu-secondary\src\application\libfoxbms-application.a(appltask_cfg.c.1.o)
                0x08012a50                appl_tskdef_10ms
 .rodata.adc_number_of_used_devices
                0x08012a60        0x1 embedded-software\mcu-secondary\src\module\libfoxbms-module.a(adc_cfg.c.1.o)
                0x08012a60                adc_number_of_used_devices
 *fill*         0x08012a61        0x3 ff
 .rodata.ltc_cmdDummy
                0x08012a64        0x1 embedded-software\mcu-common\src\module\libfoxbms-common-module.a(ltc.c.1.o)
 *fill*         0x08012a65        0x3 ff
 .rodata.ltc_cmdWRCFG
                0x08012a68        0x4 embedded-software\mcu-common\src\module\libfoxbms-common-module.a(ltc.c.1.o)
 .rodata.ltc_cmdWRCFG2
                0x08012a6c        0x4 embedded-software\mcu-common\src\module\libfoxbms-common-module.a(ltc.c.1.o)
 .rodata.ltc_cmdRDCVA
                0x08012a70        0x4 embedded-software\mcu-common\src\module\libfoxbms-common-module.a(ltc.c.1.o)
 .rodata.ltc_cmdRDCVB
                0x08012a74        0x4 embedded-software\mcu-common\src\module\libfoxbms-common-module.a(ltc.c.1.o)
 .rodata.ltc_cmdRDCVC
                0x08012a78        0x4 embedded-software\mcu-common\src\module\libfoxbms-common-module.a(ltc.c.1.o)
 .rodata.ltc_cmdRDCVD
                0x08012a7c        0x4 embedded-software\mcu-common\src\module\libfoxbms-common-module.a(ltc.c.1.o)
 .rodata.ltc_cmdWRCOMM
                0x08012a80        0x4 embedded-software\mcu-common\src\module\libfoxbms-common-module.a(ltc.c.1.o)
 .rodata.ltc_cmdRDCOMM
                0x08012a84        0x4 embedded-software\mcu-common\src\module\libfoxbms-common-module.a(ltc.c.1.o)
 .rodata.ltc_cmdRDAUXA
                0x08012a88        0x4 embedded-software\mcu-common\src\module\libfoxbms-common-module.a(ltc.c.1.o)
 .rodata.ltc_I2CcmdTempSens0
                0x08012a8c        0x6 embedded-software\mcu-common\src\module\libfoxbms-common-module.a(ltc.c.1.o)
 *fill*         0x08012a92        0x2 ff
 .rodata.ltc_I2CcmdTempSens1
                0x08012a94        0x6 embedded-software\mcu-common\src\module\libfoxbms-common-module.a(ltc.c.1.o)
 *fill*         0x08012a9a        0x2 ff
 .rodata.ltc_I2CcmdPortExpander1
                0x08012a9c        0x6 embedded-software\mcu-common\src\module\libfoxbms-common-module.a(ltc.c.1.o)
 *fill*         0x08012aa2        0x2 ff
 .rodata.ltc_cmdADCV_normal_DCP0
                0x08012aa4        0x4 embedded-software\mcu-common\src\module\libfoxbms-common-module.a(ltc.c.1.o)
 .rodata.ltc_cmdADCV_normal_DCP1
                0x08012aa8        0x4 embedded-software\mcu-common\src\module\libfoxbms-common-module.a(ltc.c.1.o)
 .rodata.ltc_cmdADCV_filtered_DCP0
                0x08012aac        0x4 embedded-software\mcu-common\src\module\libfoxbms-common-module.a(ltc.c.1.o)
 .rodata.ltc_cmdADCV_filtered_DCP1
                0x08012ab0        0x4 embedded-software\mcu-common\src\module\libfoxbms-common-module.a(ltc.c.1.o)
 .rodata.ltc_cmdADCV_fast_DCP0
                0x08012ab4        0x4 embedded-software\mcu-common\src\module\libfoxbms-common-module.a(ltc.c.1.o)
 .rodata.ltc_cmdADCV_fast_DCP1
                0x08012ab8        0x4 embedded-software\mcu-common\src\module\libfoxbms-common-module.a(ltc.c.1.o)
 .rodata.ltc_cmdADCV_fast_DCP0_twocells
                0x08012abc        0x4 embedded-software\mcu-common\src\module\libfoxbms-common-module.a(ltc.c.1.o)
 .rodata.ltc_cmdADAX_normal_GPIO1
                0x08012ac0        0x4 embedded-software\mcu-common\src\module\libfoxbms-common-module.a(ltc.c.1.o)
 .rodata.ltc_cmdADAX_filtered_GPIO1
                0x08012ac4        0x4 embedded-software\mcu-common\src\module\libfoxbms-common-module.a(ltc.c.1.o)
 .rodata.ltc_cmdADAX_fast_GPIO1
                0x08012ac8        0x4 embedded-software\mcu-common\src\module\libfoxbms-common-module.a(ltc.c.1.o)
 .rodata.ltc_cmdADAX_normal_GPIO2
                0x08012acc        0x4 embedded-software\mcu-common\src\module\libfoxbms-common-module.a(ltc.c.1.o)
 .rodata.ltc_cmdADAX_filtered_GPIO2
                0x08012ad0        0x4 embedded-software\mcu-common\src\module\libfoxbms-common-module.a(ltc.c.1.o)
 .rodata.ltc_cmdADAX_fast_GPIO2
                0x08012ad4        0x4 embedded-software\mcu-common\src\module\libfoxbms-common-module.a(ltc.c.1.o)
 .rodata.ltc_cmdADAX_normal_GPIO3
                0x08012ad8        0x4 embedded-software\mcu-common\src\module\libfoxbms-common-module.a(ltc.c.1.o)
 .rodata.ltc_cmdADAX_filtered_GPIO3
                0x08012adc        0x4 embedded-software\mcu-common\src\module\libfoxbms-common-module.a(ltc.c.1.o)
 .rodata.ltc_cmdADAX_fast_GPIO3
                0x08012ae0        0x4 embedded-software\mcu-common\src\module\libfoxbms-common-module.a(ltc.c.1.o)
 .rodata.ltc_cmdADAX_normal_ALLGPIOS
                0x08012ae4        0x4 embedded-software\mcu-common\src\module\libfoxbms-common-module.a(ltc.c.1.o)
 .rodata.ltc_cmdADAX_filtered_ALLGPIOS
                0x08012ae8        0x4 embedded-software\mcu-common\src\module\libfoxbms-common-module.a(ltc.c.1.o)
 .rodata.ltc_cmdADAX_fast_ALLGPIOS
                0x08012aec        0x4 embedded-software\mcu-common\src\module\libfoxbms-common-module.a(ltc.c.1.o)
 .rodata.crc15Table
                0x08012af0      0x400 embedded-software\mcu-common\src\module\libfoxbms-common-module.a(ltc_pec.c.1.o)
 .rodata.dma_number_of_used_streams
                0x08012ef0        0x1 embedded-software\mcu-common\src\module\libfoxbms-common-module.a(dma_cfg.c.1.o)
                0x08012ef0                dma_number_of_used_streams
 *fill*         0x08012ef1        0x3 ff
 .rodata.io_cfg
                0x08012ef4      0x1a0 embedded-software\mcu-common\src\module\libfoxbms-common-module.a(io_cfg.c.1.o)
                0x08012ef4                io_cfg
 .rodata.io_cfg_length
                0x08013094        0x1 embedded-software\mcu-common\src\module\libfoxbms-common-module.a(io_cfg.c.1.o)